C:/ncs/v2.2.0/zephyr/lib/libc/newlib/libc-hooks.c:142:12:_stdout_hook_default	0	static
C:/ncs/v2.2.0/zephyr/lib/libc/newlib/libc-hooks.c:156:22:_stdin_hook_default	0	static
C:/ncs/v2.2.0/zephyr/lib/libc/newlib/libc-hooks.c:101:12:malloc_prepare	8	static
C:/ncs/v2.2.0/zephyr/lib/libc/newlib/libc-hooks.c:151:6:__stdout_hook_install	0	static
C:/ncs/v2.2.0/zephyr/lib/libc/newlib/libc-hooks.c:163:6:__stdin_hook_install	0	static
C:/ncs/v2.2.0/zephyr/lib/libc/newlib/libc-hooks.c:168:5:z_impl_zephyr_read_stdin	24	static
C:/ncs/v2.2.0/zephyr/lib/libc/newlib/libc-hooks.c:191:5:z_impl_zephyr_write_stdout	24	static
C:/ncs/v2.2.0/zephyr/lib/libc/newlib/libc-hooks.c:253:5:_isatty	0	static
C:/ncs/v2.2.0/zephyr/lib/libc/newlib/libc-hooks.c:259:5:_kill	0	static
C:/ncs/v2.2.0/zephyr/lib/libc/newlib/libc-hooks.c:265:5:_getpid	0	static
C:/ncs/v2.2.0/zephyr/lib/libc/newlib/libc-hooks.c:271:5:_fstat	0	static
C:/ncs/v2.2.0/zephyr/lib/libc/newlib/libc-hooks.c:278:13:_exit	8	static
C:/ncs/v2.2.0/zephyr/lib/libc/newlib/libc-hooks.c:286:7:_sbrk	8	static
c:\ncs\toolchains\v2.2.0\opt\zephyr-sdk\arm-zephyr-eabi\arm-zephyr-eabi\sys-include\sys\lock.h:41:13:__retarget_lock_init	8	static
c:\ncs\toolchains\v2.2.0\opt\zephyr-sdk\arm-zephyr-eabi\arm-zephyr-eabi\sys-include\sys\lock.h:43:13:__retarget_lock_init_recursive	8	static
c:\ncs\toolchains\v2.2.0\opt\zephyr-sdk\arm-zephyr-eabi\arm-zephyr-eabi\sys-include\sys\lock.h:45:13:__retarget_lock_close	8	static
c:\ncs\toolchains\v2.2.0\opt\zephyr-sdk\arm-zephyr-eabi\arm-zephyr-eabi\sys-include\sys\lock.h:47:13:__retarget_lock_close_recursive	8	static
c:\ncs\toolchains\v2.2.0\opt\zephyr-sdk\arm-zephyr-eabi\arm-zephyr-eabi\sys-include\sys\lock.h:49:13:__retarget_lock_acquire	8	static
c:\ncs\toolchains\v2.2.0\opt\zephyr-sdk\arm-zephyr-eabi\arm-zephyr-eabi\sys-include\sys\lock.h:51:13:__retarget_lock_acquire_recursive	8	static
c:\ncs\toolchains\v2.2.0\opt\zephyr-sdk\arm-zephyr-eabi\arm-zephyr-eabi\sys-include\sys\lock.h:53:12:__retarget_lock_try_acquire	8	static
c:\ncs\toolchains\v2.2.0\opt\zephyr-sdk\arm-zephyr-eabi\arm-zephyr-eabi\sys-include\sys\lock.h:55:12:__retarget_lock_try_acquire_recursive	8	static
c:\ncs\toolchains\v2.2.0\opt\zephyr-sdk\arm-zephyr-eabi\arm-zephyr-eabi\sys-include\sys\lock.h:58:13:__retarget_lock_release	8	static
c:\ncs\toolchains\v2.2.0\opt\zephyr-sdk\arm-zephyr-eabi\arm-zephyr-eabi\sys-include\sys\lock.h:60:13:__retarget_lock_release_recursive	8	static
c:\ncs\toolchains\v2.2.0\opt\zephyr-sdk\arm-zephyr-eabi\arm-zephyr-eabi\sys-include\sys\errno.h:15:13:__errno	0	static
c:\ncs\toolchains\v2.2.0\opt\zephyr-sdk\arm-zephyr-eabi\arm-zephyr-eabi\sys-include\ssp\ssp.h:73:6:__chk_fail	8	static
C:/ncs/v2.2.0/zephyr/lib/libc/newlib/libc-hooks.c:562:5:_gettimeofday	0	static
