C:/ncs/v2.2.0/modules/lib/gui/lvgl/src/draw/lv_draw_mask.c:1524:46:mask_mix	0	static
C:/ncs/v2.2.0/modules/lib/gui/lvgl/src/draw/lv_draw_mask.c:1219:49:lv_draw_mask_map	24	static
C:/ncs/v2.2.0/modules/lib/gui/lvgl/src/draw/lv_draw_mask.c:1173:49:lv_draw_mask_fade	24	static
c:\ncs\v2.2.0\modules\lib\gui\lvgl\src\misc\lv_mem.h:164:20:lv_memset_00	0	static
C:/ncs/v2.2.0/modules/lib/gui/lvgl/src/draw/lv_draw_mask.c:599:49:lv_draw_mask_line	32	static
C:/ncs/v2.2.0/modules/lib/gui/lvgl/src/draw/lv_draw_mask.c:917:49:lv_draw_mask_angle	48	static
C:/ncs/v2.2.0/modules/lib/gui/lvgl/src/draw/lv_draw_mask.c:1056:49:lv_draw_mask_radius	48	static
C:/ncs/v2.2.0/modules/lib/gui/lvgl/src/draw/lv_draw_mask.c:81:9:lv_draw_mask_add	12	static
C:/ncs/v2.2.0/modules/lib/gui/lvgl/src/draw/lv_draw_mask.c:111:42:lv_draw_mask_apply	40	static
C:/ncs/v2.2.0/modules/lib/gui/lvgl/src/draw/lv_draw_mask.c:145:42:lv_draw_mask_apply_ids	56	static
C:/ncs/v2.2.0/modules/lib/gui/lvgl/src/draw/lv_draw_mask.c:171:8:lv_draw_mask_remove_id	0	static
C:/ncs/v2.2.0/modules/lib/gui/lvgl/src/draw/lv_draw_mask.c:190:8:lv_draw_mask_remove_custom	24	static
C:/ncs/v2.2.0/modules/lib/gui/lvgl/src/draw/lv_draw_mask.c:210:6:lv_draw_mask_free_param	8	static
C:/ncs/v2.2.0/modules/lib/gui/lvgl/src/draw/lv_draw_mask.c:231:6:_lv_draw_mask_cleanup	16	static
C:/ncs/v2.2.0/modules/lib/gui/lvgl/src/draw/lv_draw_mask.c:246:31:lv_draw_mask_get_cnt	0	static
C:/ncs/v2.2.0/modules/lib/gui/lvgl/src/draw/lv_draw_mask.c:256:6:lv_draw_mask_is_any	16	static
C:/ncs/v2.2.0/modules/lib/gui/lvgl/src/draw/lv_draw_mask.c:293:6:lv_draw_mask_line_points_init	32	static
C:/ncs/v2.2.0/modules/lib/gui/lvgl/src/draw/lv_draw_mask.c:1253:49:lv_draw_mask_polygon	112	static
C:/ncs/v2.2.0/modules/lib/gui/lvgl/src/draw/lv_draw_mask.c:387:6:lv_draw_mask_line_angle_init	32	static
C:/ncs/v2.2.0/modules/lib/gui/lvgl/src/draw/lv_draw_mask.c:413:6:lv_draw_mask_angle_init	32	static
C:/ncs/v2.2.0/modules/lib/gui/lvgl/src/draw/lv_draw_mask.c:477:6:lv_draw_mask_radius_init	96	static
C:/ncs/v2.2.0/modules/lib/gui/lvgl/src/draw/lv_draw_mask.c:543:6:lv_draw_mask_fade_init	8	static
C:/ncs/v2.2.0/modules/lib/gui/lvgl/src/draw/lv_draw_mask.c:562:6:lv_draw_mask_map_init	0	static
C:/ncs/v2.2.0/modules/lib/gui/lvgl/src/draw/lv_draw_mask.c:570:6:lv_draw_mask_polygon_init	32	static
