C:/ncs/v2.2.0/zephyr/drivers/adc/adc_nrfx_saadc.c:152:13:adc_context_start_sampling	0	static
C:/ncs/v2.2.0/zephyr/drivers/adc/adc_context.h:115:13:adc_context_on_timer_expired	4	static
C:/ncs/v2.2.0/zephyr/drivers/adc/adc_nrfx_saadc.c:48:12:adc_nrfx_channel_setup	40	static
C:/ncs/v2.2.0/zephyr/drivers/adc/adc_nrfx_saadc.c:358:12:adc_nrfx_read	184	dynamic,bounded
C:/ncs/v2.2.0/zephyr/drivers/adc/adc_nrfx_saadc.c:410:12:init_saadc	8	static
C:/ncs/v2.2.0/zephyr/drivers/adc/adc_nrfx_saadc.c:386:13:saadc_irq_handler	16	static
