C:/ncs/v2.2.0/zephyr/subsys/bluetooth/host/adv.c:883:16:get_adv_channel_map	0	static
C:/ncs/v2.2.0/zephyr/include/zephyr/sys/atomic.h:131:20:atomic_test_bit	0	static
C:/ncs/v2.2.0/zephyr/include/zephyr/sys/atomic_builtin.h:319:28:atomic_and	8	static
C:/ncs/v2.2.0/zephyr/subsys/bluetooth/host/adv.c:58:12:ad_stream_new	24	static
C:/ncs/v2.2.0/zephyr/subsys/bluetooth/host/adv.c:1831:12:bt_le_per_adv_enable	48	static
C:/ncs/v2.2.0/zephyr/subsys/bluetooth/host/adv.c:134:16:ad_stream_read	32	static
C:/ncs/v2.2.0/zephyr/include/zephyr/bluetooth/addr.h:126:20:bt_addr_le_copy	0	static
C:/ncs/v2.2.0/zephyr/subsys/bluetooth/host/adv.c:935:13:le_adv_stop_free_conn	16	static
C:/ncs/v2.2.0/zephyr/include/zephyr/sys/atomic.h:237:20:atomic_set_bit_to	4	static
C:/ncs/v2.2.0/zephyr/include/zephyr/sys/atomic.h:217:20:atomic_set_bit	0	static
C:/ncs/v2.2.0/zephyr/subsys/bluetooth/host/adv.c:218:30:adv_new	24	static
C:/ncs/v2.2.0/zephyr/subsys/bluetooth/host/adv.c:387:13:valid_adv_ext_param	16	static
C:/ncs/v2.2.0/zephyr/subsys/bluetooth/host/adv.c:479:13:valid_adv_param	0	static
C:/ncs/v2.2.0/zephyr/subsys/bluetooth/host/adv.c:902:12:le_adv_start_add_conn	16	static
C:/ncs/v2.2.0/zephyr/subsys/bluetooth/host/adv.c:644:12:hci_set_ad_ext	80	static
C:/ncs/v2.2.0/zephyr/subsys/bluetooth/host/adv.c:784:12:le_adv_update	64	static
C:/ncs/v2.2.0/zephyr/subsys/bluetooth/host/adv.c:172:20:get_adv_name_type	8	static
C:/ncs/v2.2.0/zephyr/subsys/bluetooth/host/adv.c:185:20:get_adv_name_type_param	0	static
C:/ncs/v2.2.0/zephyr/subsys/bluetooth/host/adv.c:1106:12:le_ext_adv_param_set	48	static
C:/ncs/v2.2.0/zephyr/subsys/bluetooth/host/adv.c:209:9:bt_le_ext_adv_get_index	8	static
C:/ncs/v2.2.0/zephyr/subsys/bluetooth/host/adv.c:259:6:bt_le_ext_adv_foreach	16	static
C:/ncs/v2.2.0/zephyr/subsys/bluetooth/host/adv.c:273:6:bt_adv_reset_adv_pool	8	static
C:/ncs/v2.2.0/zephyr/subsys/bluetooth/host/adv.c:296:6:bt_le_adv_delete_legacy	8	static
C:/ncs/v2.2.0/zephyr/subsys/bluetooth/host/adv.c:306:23:bt_le_adv_lookup_legacy	0	static
C:/ncs/v2.2.0/zephyr/subsys/bluetooth/host/adv.c:315:5:bt_le_adv_set_enable_legacy	40	static
C:/ncs/v2.2.0/zephyr/subsys/bluetooth/host/adv.c:342:5:bt_le_adv_set_enable_ext	48	static
C:/ncs/v2.2.0/zephyr/subsys/bluetooth/host/adv.c:377:5:bt_le_adv_set_enable	0	static
C:/ncs/v2.2.0/zephyr/subsys/bluetooth/host/adv.c:847:5:bt_le_adv_update_data	40	static
C:/ncs/v2.2.0/zephyr/subsys/bluetooth/host/adv.c:954:5:bt_le_adv_start_legacy	112	static
C:/ncs/v2.2.0/zephyr/subsys/bluetooth/host/adv.c:1339:5:bt_le_lim_adv_cancel_timeout	0	static
C:/ncs/v2.2.0/zephyr/subsys/bluetooth/host/adv.c:1375:5:bt_le_adv_stop	40	static
C:/ncs/v2.2.0/zephyr/subsys/bluetooth/host/adv.c:1439:6:bt_le_adv_resume	24	static
C:/ncs/v2.2.0/zephyr/subsys/bluetooth/host/adv.c:1497:5:bt_le_ext_adv_get_info	0	static
C:/ncs/v2.2.0/zephyr/subsys/bluetooth/host/adv.c:1506:5:bt_le_ext_adv_create	24	static
C:/ncs/v2.2.0/zephyr/subsys/bluetooth/host/adv.c:1539:5:bt_le_ext_adv_update_param	16	static
C:/ncs/v2.2.0/zephyr/subsys/bluetooth/host/adv.c:1631:5:bt_le_ext_adv_stop	16	static
C:/ncs/v2.2.0/zephyr/subsys/bluetooth/host/adv.c:1713:13:adv_timeout	40	dynamic,bounded
C:/ncs/v2.2.0/zephyr/subsys/bluetooth/host/adv.c:1657:5:bt_le_ext_adv_set_data	48	static
C:/ncs/v2.2.0/zephyr/subsys/bluetooth/host/adv.c:1252:5:bt_le_adv_start_ext	80	static
C:/ncs/v2.2.0/zephyr/subsys/bluetooth/host/adv.c:1344:5:bt_le_adv_start	40	static
C:/ncs/v2.2.0/zephyr/subsys/bluetooth/host/adv.c:1570:5:bt_le_ext_adv_start	64	static
C:/ncs/v2.2.0/zephyr/subsys/bluetooth/host/adv.c:1677:5:bt_le_ext_adv_delete	48	static
C:/ncs/v2.2.0/zephyr/subsys/bluetooth/host/adv.c:1735:5:bt_le_per_adv_set_param	24	static
C:/ncs/v2.2.0/zephyr/subsys/bluetooth/host/adv.c:1799:5:bt_le_per_adv_set_data	64	static
C:/ncs/v2.2.0/zephyr/subsys/bluetooth/host/adv.c:1882:5:bt_le_per_adv_start	0	static
C:/ncs/v2.2.0/zephyr/subsys/bluetooth/host/adv.c:1887:5:bt_le_per_adv_stop	0	static
C:/ncs/v2.2.0/zephyr/subsys/bluetooth/host/adv.c:1928:6:bt_hci_le_adv_set_terminated	64	static
C:/ncs/v2.2.0/zephyr/subsys/bluetooth/host/adv.c:2038:6:bt_hci_le_scan_req_received	56	static
