C:/ncs/v2.2.0/zephyr/include/zephyr/sys/slist.h:385:1:sys_slist_get	0	static
C:/ncs/v2.2.0/zephyr/include/zephyr/net/buf.h:2464:22:net_buf_frags_len	0	static
C:/ncs/v2.2.0/zephyr/subsys/bluetooth/host/att.c:1254:13:attr_read_type_cb	8	static
C:/ncs/v2.2.0/zephyr/subsys/bluetooth/host/att.c:2130:16:att_prepare_write_req	0	static
C:/ncs/v2.2.0/zephyr/subsys/bluetooth/host/att.c:2729:19:att_op_get_type	0	static
C:/ncs/v2.2.0/zephyr/include/zephyr/sys/atomic.h:131:20:atomic_test_bit	0	static
C:/ncs/v2.2.0/zephyr/subsys/bluetooth/host/att.c:3184:13:bt_att_released	16	static
C:/ncs/v2.2.0/zephyr/subsys/bluetooth/host/att.c:2567:16:att_notify_mult	8	static
C:/ncs/v2.2.0/zephyr/subsys/bluetooth/host/att.c:2534:16:att_notify	16	static
C:/ncs/v2.2.0/zephyr/subsys/bluetooth/host/att.c:3687:13:att_chan_mtu_updated	12	static
C:/ncs/v2.2.0/zephyr/subsys/bluetooth/host/att.c:1910:16:write_cb	24	static
C:/ncs/v2.2.0/zephyr/include/zephyr/bluetooth/gatt.h:459:20:bt_gatt_foreach_attr	24	static
C:/ncs/v2.2.0/zephyr/subsys/bluetooth/host/att.c:1741:13:attr_read_group_cb	0	static
C:/ncs/v2.2.0/zephyr/subsys/bluetooth/host/att.c:163:20:tx_meta_data_free	8	static
C:/ncs/v2.2.0/zephyr/subsys/bluetooth/host/att.c:947:16:find_info_cb	24	static
C:/Users/jp/repos/ZSWatch/app/build/zephyr/include/generated/syscalls/log_msg.h:24:20:z_log_msg_static_create.constprop	0	static
C:/ncs/v2.2.0/zephyr/subsys/bluetooth/host/att.c:1060:16:find_type_cb	176	dynamic,bounded
C:/ncs/v2.2.0/zephyr/subsys/bluetooth/host/att.c:198:12:chan_send	64	static
C:/ncs/v2.2.0/zephyr/subsys/bluetooth/host/att.c:380:12:chan_req_send	24	static
C:/ncs/v2.2.0/zephyr/subsys/bluetooth/host/att.c:789:12:bt_att_chan_req_send	8	static
C:/ncs/v2.2.0/zephyr/subsys/bluetooth/host/att.c:359:12:process_queue	16	static
C:/ncs/v2.2.0/zephyr/subsys/bluetooth/host/att.c:689:13:bt_att_chan_send_rsp	16	static
C:/ncs/v2.2.0/zephyr/subsys/bluetooth/host/att.c:2845:23:att_get	32	static
C:/ncs/v2.2.0/zephyr/subsys/bluetooth/host/att.c:1272:16:att_chan_read	56	static
C:/ncs/v2.2.0/zephyr/subsys/bluetooth/host/att.c:1759:16:read_group_cb	40	static
C:/ncs/v2.2.0/zephyr/include/zephyr/sys/slist.h:417:1:sys_slist_find_and_remove.isra	0	static
C:/ncs/v2.2.0/zephyr/subsys/bluetooth/host/att.c:2274:16:att_exec_write_req	0	static
C:/ncs/v2.2.0/zephyr/include/zephyr/sys/atomic.h:176:20:atomic_test_and_set_bit	8	static
C:/ncs/v2.2.0/zephyr/subsys/bluetooth/host/att.c:3016:13:bt_att_connected	8	static
C:/ncs/v2.2.0/zephyr/subsys/bluetooth/host/att.c:1330:16:read_type_cb	40	static
C:/ncs/v2.2.0/zephyr/subsys/bluetooth/host/att.c:1470:16:read_cb	24	static
C:/ncs/v2.2.0/zephyr/subsys/bluetooth/host/att.c:1638:16:read_vl_cb	32	static
C:/ncs/v2.2.0/zephyr/subsys/bluetooth/host/att.c:3294:12:bt_att_accept	96	dynamic,bounded
C:/ncs/v2.2.0/zephyr/subsys/bluetooth/host/att.c:408:13:bt_att_sent	24	static
C:/ncs/v2.2.0/zephyr/subsys/bluetooth/host/att.c:802:13:att_req_send_process	24	static
C:/ncs/v2.2.0/zephyr/subsys/bluetooth/host/att.c:3149:13:bt_att_status	16	static
C:/ncs/v2.2.0/zephyr/subsys/bluetooth/host/att.c:178:6:att_sent	0	static
C:/ncs/v2.2.0/zephyr/subsys/bluetooth/host/att.c:565:13:att_tx_complete	32	static
C:/ncs/v2.2.0/zephyr/subsys/bluetooth/host/att.c:556:13:att_req_sent	8	static
C:/ncs/v2.2.0/zephyr/subsys/bluetooth/host/att.c:538:13:att_cfm_sent	8	static
C:/ncs/v2.2.0/zephyr/subsys/bluetooth/host/att.c:547:13:att_rsp_sent	8	static
C:/ncs/v2.2.0/zephyr/subsys/bluetooth/host/att.c:605:17:bt_att_chan_create_pdu	112	dynamic,bounded
C:/ncs/v2.2.0/zephyr/subsys/bluetooth/host/att.c:2547:16:att_indicate	16	static
C:/ncs/v2.2.0/zephyr/subsys/bluetooth/host/att.c:700:13:send_err_rsp.part.0	24	static
C:/ncs/v2.2.0/zephyr/subsys/bluetooth/host/att.c:2778:12:bt_att_recv	128	dynamic,bounded
C:/ncs/v2.2.0/zephyr/subsys/bluetooth/host/att.c:1946:16:att_write_rsp.constprop	48	static
C:/ncs/v2.2.0/zephyr/subsys/bluetooth/host/att.c:2001:16:att_write_req	24	static
C:/ncs/v2.2.0/zephyr/subsys/bluetooth/host/att.c:2289:16:att_write_cmd	24	static
C:/ncs/v2.2.0/zephyr/subsys/bluetooth/host/att.c:2868:17:bt_att_create_pdu	56	dynamic,bounded
C:/ncs/v2.2.0/zephyr/subsys/bluetooth/host/att.c:1849:16:att_read_group_req	72	static
C:/ncs/v2.2.0/zephyr/subsys/bluetooth/host/att.c:1681:16:att_read_mult_vl_req	48	static
C:/ncs/v2.2.0/zephyr/subsys/bluetooth/host/att.c:1581:16:att_read_mult_req	48	static
C:/ncs/v2.2.0/zephyr/subsys/bluetooth/host/att.c:1502:16:att_read_rsp	40	static
C:/ncs/v2.2.0/zephyr/subsys/bluetooth/host/att.c:1564:16:att_read_blob_req	16	static
C:/ncs/v2.2.0/zephyr/subsys/bluetooth/host/att.c:1549:16:att_read_req	16	static
C:/ncs/v2.2.0/zephyr/subsys/bluetooth/host/att.c:1427:16:att_read_type_req	72	static
C:/ncs/v2.2.0/zephyr/subsys/bluetooth/host/att.c:1194:16:att_find_type_req	56	static
C:/ncs/v2.2.0/zephyr/subsys/bluetooth/host/att.c:1029:16:att_find_info_req	40	static
C:/ncs/v2.2.0/zephyr/subsys/bluetooth/host/att.c:724:16:att_mtu_req	24	static
C:/ncs/v2.2.0/zephyr/subsys/bluetooth/host/att.c:3653:6:bt_att_init	16	static
C:/ncs/v2.2.0/zephyr/subsys/bluetooth/host/att.c:3667:10:bt_att_get_mtu	8	static
C:/ncs/v2.2.0/zephyr/subsys/bluetooth/host/att.c:3711:20:bt_att_req_alloc	24	static
C:/ncs/v2.2.0/zephyr/subsys/bluetooth/host/att.c:3735:6:bt_att_req_free	16	static
C:/ncs/v2.2.0/zephyr/subsys/bluetooth/host/att.c:840:16:att_handle_rsp	64	static
C:/ncs/v2.2.0/zephyr/subsys/bluetooth/host/att.c:2441:16:att_handle_find_info_rsp	0	static
C:/ncs/v2.2.0/zephyr/subsys/bluetooth/host/att.c:2449:16:att_handle_find_type_rsp	0	static
C:/ncs/v2.2.0/zephyr/subsys/bluetooth/host/att.c:2457:16:att_handle_read_type_rsp	0	static
C:/ncs/v2.2.0/zephyr/subsys/bluetooth/host/att.c:2465:16:att_handle_read_rsp	0	static
C:/ncs/v2.2.0/zephyr/subsys/bluetooth/host/att.c:2473:16:att_handle_read_blob_rsp	0	static
C:/ncs/v2.2.0/zephyr/subsys/bluetooth/host/att.c:2482:16:att_handle_read_mult_rsp	0	static
C:/ncs/v2.2.0/zephyr/subsys/bluetooth/host/att.c:2493:16:att_handle_read_mult_vl_rsp	0	static
C:/ncs/v2.2.0/zephyr/subsys/bluetooth/host/att.c:2502:16:att_handle_read_group_rsp	0	static
C:/ncs/v2.2.0/zephyr/subsys/bluetooth/host/att.c:2510:16:att_handle_write_rsp	0	static
C:/ncs/v2.2.0/zephyr/subsys/bluetooth/host/att.c:2518:16:att_handle_prepare_write_rsp	0	static
C:/ncs/v2.2.0/zephyr/subsys/bluetooth/host/att.c:2526:16:att_handle_exec_write_rsp	0	static
C:/ncs/v2.2.0/zephyr/subsys/bluetooth/host/att.c:2577:16:att_confirm	0	static
C:/ncs/v2.2.0/zephyr/subsys/bluetooth/host/att.c:883:16:att_mtu_rsp	16	static
C:/ncs/v2.2.0/zephyr/subsys/bluetooth/host/att.c:2402:16:att_error_rsp	0	static
C:/ncs/v2.2.0/zephyr/subsys/bluetooth/host/att.c:3042:13:bt_att_disconnected	40	static
C:/ncs/v2.2.0/zephyr/subsys/bluetooth/host/att.c:2958:13:att_timeout	32	static
C:/ncs/v2.2.0/zephyr/subsys/bluetooth/host/att.c:3748:5:bt_att_send	24	static
C:/ncs/v2.2.0/zephyr/subsys/bluetooth/host/att.c:3768:5:bt_att_req_send	8	static
C:/ncs/v2.2.0/zephyr/subsys/bluetooth/host/att.c:3802:6:bt_att_req_cancel	8	static
C:/ncs/v2.2.0/zephyr/subsys/bluetooth/host/att.c:3831:20:bt_att_find_req_by_user_data	8	static
C:/ncs/v2.2.0/zephyr/subsys/bluetooth/host/att.c:3857:6:bt_att_fixed_chan_only	0	static
C:/ncs/v2.2.0/zephyr/subsys/bluetooth/host/att.c:3866:6:bt_att_clear_out_of_sync_sent	8	static
C:/ncs/v2.2.0/zephyr/subsys/bluetooth/host/att.c:3880:6:bt_att_out_of_sync_sent_on_fixed	8	static
C:/ncs/v2.2.0/zephyr/subsys/bluetooth/host/att.c:3894:6:bt_att_set_tx_meta_data	0	static
C:/ncs/v2.2.0/zephyr/subsys/bluetooth/host/att.c:3905:6:bt_att_increment_tx_meta_data_attr_count	0	static
C:/ncs/v2.2.0/zephyr/subsys/bluetooth/host/att.c:3912:6:bt_att_tx_meta_data_match	8	static
C:/ncs/v2.2.0/zephyr/subsys/bluetooth/host/att.c:3920:6:bt_att_free_tx_meta_data	0	static
C:/ncs/v2.2.0/zephyr/subsys/bluetooth/host/att.c:3925:6:bt_att_chan_opt_valid	8	static
