C:/ncs/v2.2.0/zephyr/subsys/bluetooth/host/conn.c:1358:13:notify_connected	16	static
C:/ncs/v2.2.0/zephyr/subsys/bluetooth/host/conn.c:2403:12:bt_conn_get_tx_power_level	32	static
C:/Users/jp/repos/ZSWatch/app/build/zephyr/include/generated/syscalls/log_msg.h:24:20:z_log_msg_static_create.constprop	0	static
C:/ncs/v2.2.0/zephyr/subsys/bluetooth/host/conn.c:188:13:tx_notify	24	static
C:/ncs/v2.2.0/zephyr/subsys/bluetooth/host/conn.c:1277:13:tx_complete_work	0	static
C:/ncs/v2.2.0/zephyr/subsys/bluetooth/host/conn.c:54:13:conn_tx_destroy	16	static
C:/ncs/v2.2.0/zephyr/subsys/bluetooth/host/conn.c:501:13:send_frag	64	dynamic,bounded
C:/ncs/v2.2.0/zephyr/subsys/bluetooth/host/conn.c:128:15:bt_conn_get_pkts	0	static
C:/ncs/v2.2.0/zephyr/subsys/bluetooth/host/conn.c:226:17:bt_conn_new	16	static
C:/ncs/v2.2.0/zephyr/subsys/bluetooth/host/conn.c:254:6:bt_conn_reset_rx_state	8	static
C:/ncs/v2.2.0/zephyr/subsys/bluetooth/host/conn.c:675:13:conn_cleanup	24	static
C:/ncs/v2.2.0/zephyr/subsys/bluetooth/host/conn.c:353:6:bt_conn_recv	112	dynamic,bounded
C:/ncs/v2.2.0/zephyr/subsys/bluetooth/host/conn.c:397:5:bt_conn_send_cb	48	static
C:/ncs/v2.2.0/zephyr/subsys/bluetooth/host/conn.c:746:5:bt_conn_prepare_events	16	static
C:/ncs/v2.2.0/zephyr/subsys/bluetooth/host/conn.c:1140:17:bt_conn_ref	8	static
C:/ncs/v2.2.0/zephyr/subsys/bluetooth/host/conn.c:1164:6:bt_conn_unref	8	static
C:/ncs/v2.2.0/zephyr/subsys/bluetooth/host/conn.c:849:17:conn_lookup_handle	32	static
C:/ncs/v2.2.0/zephyr/subsys/bluetooth/host/conn.c:1059:17:bt_conn_lookup_handle	0	static
C:/ncs/v2.2.0/zephyr/subsys/bluetooth/host/conn.c:878:6:bt_conn_set_state	120	dynamic,bounded
C:/ncs/v2.2.0/zephyr/subsys/bluetooth/host/conn.c:702:13:conn_destroy	16	static
C:/ncs/v2.2.0/zephyr/subsys/bluetooth/host/conn.c:1087:6:bt_conn_foreach	24	static
C:/ncs/v2.2.0/zephyr/subsys/bluetooth/host/conn.c:713:6:bt_conn_cleanup_all	0	static
C:/ncs/v2.2.0/zephyr/subsys/bluetooth/host/conn.c:1181:9:bt_conn_index	8	static
C:/ncs/v2.2.0/zephyr/subsys/bluetooth/host/conn.c:1221:17:bt_conn_create_pdu_timeout	48	static
C:/ncs/v2.2.0/zephyr/subsys/bluetooth/host/conn.c:1291:6:bt_conn_connected	8	static
C:/ncs/v2.2.0/zephyr/subsys/bluetooth/host/conn.c:1313:5:bt_conn_disconnect	8	static
C:/ncs/v2.2.0/zephyr/subsys/bluetooth/host/conn.c:1419:6:notify_le_param_updated	24	static
C:/ncs/v2.2.0/zephyr/subsys/bluetooth/host/conn.c:1489:6:le_param_req	24	static
C:/ncs/v2.2.0/zephyr/subsys/bluetooth/host/conn.c:2142:15:bt_conn_get_security	0	static
C:/ncs/v2.2.0/zephyr/subsys/bluetooth/host/conn.c:2148:6:bt_conn_cb_register	0	static
C:/ncs/v2.2.0/zephyr/subsys/bluetooth/host/conn.c:2175:17:bt_conn_add_le	16	static
C:/ncs/v2.2.0/zephyr/subsys/bluetooth/host/conn.c:2196:6:bt_conn_is_peer_addr_le	16	static
C:/ncs/v2.2.0/zephyr/subsys/bluetooth/host/conn.c:2216:17:bt_conn_lookup_addr_le	16	static
C:/ncs/v2.2.0/zephyr/subsys/bluetooth/host/conn.c:2154:6:bt_conn_exists_le	48	dynamic,bounded
C:/ncs/v2.2.0/zephyr/subsys/bluetooth/host/conn.c:2243:17:bt_conn_lookup_state_le	24	static
C:/ncs/v2.2.0/zephyr/subsys/bluetooth/host/conn.c:2276:21:bt_conn_get_dst	0	static
C:/ncs/v2.2.0/zephyr/subsys/bluetooth/host/conn.c:2303:5:bt_conn_get_info	8	static
C:/ncs/v2.2.0/zephyr/subsys/bluetooth/host/conn.c:2366:5:bt_conn_get_remote_info	0	static
C:/ncs/v2.2.0/zephyr/subsys/bluetooth/host/conn.c:2433:5:bt_conn_le_get_tx_power_level	16	static
C:/ncs/v2.2.0/zephyr/subsys/bluetooth/host/conn.c:2826:5:bt_conn_le_conn_update	24	static
C:/ncs/v2.2.0/zephyr/subsys/bluetooth/host/conn.c:1535:12:send_conn_le_param_update	16	static
C:/ncs/v2.2.0/zephyr/subsys/bluetooth/host/conn.c:1598:13:deferred_work	32	static
C:/ncs/v2.2.0/zephyr/subsys/bluetooth/host/conn.c:2456:5:bt_conn_le_param_update	4	static
C:/ncs/v2.2.0/zephyr/subsys/bluetooth/host/conn.c:2854:17:bt_conn_create_frag_timeout	0	static
C:/ncs/v2.2.0/zephyr/subsys/bluetooth/host/conn.c:597:24:create_frag	24	static
C:/ncs/v2.2.0/zephyr/subsys/bluetooth/host/conn.c:781:6:bt_conn_process_tx	16	static
C:/ncs/v2.2.0/zephyr/subsys/bluetooth/host/conn.c:3012:17:bt_conn_lookup_index	0	static
C:/ncs/v2.2.0/zephyr/subsys/bluetooth/host/conn.c:3021:5:bt_conn_init	8	static
