C:/ncs/v2.2.0/zephyr/subsys/bluetooth/host/gatt.c:1858:16:find_next	0	static
C:/ncs/v2.2.0/zephyr/subsys/bluetooth/host/gatt.c:1917:13:gatt_ccc_changed	0	static
C:/ncs/v2.2.0/zephyr/subsys/bluetooth/host/gatt.c:2291:13:gatt_indicate_rsp	8	static
C:/ncs/v2.2.0/zephyr/subsys/bluetooth/host/gatt.c:2561:16:match_uuid	0	static
C:/ncs/v2.2.0/zephyr/subsys/bluetooth/host/gatt.c:3422:13:gatt_mtu_rsp	0	static
C:/ncs/v2.2.0/zephyr/subsys/bluetooth/host/gatt.c:4660:13:gatt_write_rsp	0	static
C:/ncs/v2.2.0/zephyr/subsys/bluetooth/host/gatt.c:5419:12:ccc_set_cb	0	static
C:/ncs/v2.2.0/zephyr/subsys/bluetooth/host/gatt.c:690:16:gen_hash_m	56	static
C:/ncs/v2.2.0/zephyr/include/zephyr/bluetooth/addr.h:106:20:bt_addr_le_eq	8	static
C:/ncs/v2.2.0/zephyr/subsys/bluetooth/host/gatt.c:551:28:find_cf_cfg	16	static
C:/ncs/v2.2.0/zephyr/subsys/bluetooth/host/gatt.c:312:28:find_sc_cfg	16	static
C:/ncs/v2.2.0/zephyr/subsys/bluetooth/host/gatt.c:1878:32:find_ccc_cfg	16	static
C:/ncs/v2.2.0/zephyr/subsys/bluetooth/host/gatt.c:3235:25:gatt_sub_find	16	static
C:/ncs/v2.2.0/zephyr/include/zephyr/sys/atomic_builtin.h:159:28:atomic_get	0	static
C:/ncs/v2.2.0/zephyr/include/zephyr/sys/atomic_builtin.h:279:28:atomic_or	8	static
C:/ncs/v2.2.0/zephyr/include/zephyr/sys/atomic_builtin.h:319:28:atomic_and	8	static
C:/ncs/v2.2.0/zephyr/subsys/bluetooth/host/gatt.c:1609:16:get_service_handles	32	static
C:/ncs/v2.2.0/zephyr/subsys/bluetooth/host/gatt.c:3430:12:gatt_exchange_mtu_encode	8	static
C:/ncs/v2.2.0/zephyr/subsys/bluetooth/host/gatt.c:3670:12:read_included_uuid_encode	8	static
C:/ncs/v2.2.0/zephyr/subsys/bluetooth/host/gatt.c:4264:12:gatt_find_info_encode	8	static
C:/ncs/v2.2.0/zephyr/subsys/bluetooth/host/gatt.c:4617:12:gatt_read_encode	8	static
C:/ncs/v2.2.0/zephyr/subsys/bluetooth/host/gatt.c:4435:12:gatt_read_blob_encode	8	static
C:/ncs/v2.2.0/zephyr/subsys/bluetooth/host/gatt.c:4743:12:gatt_cancel_encode	8	static
C:/ncs/v2.2.0/zephyr/subsys/bluetooth/host/gatt.c:4722:12:gatt_exec_encode	8	static
C:/ncs/v2.2.0/zephyr/subsys/bluetooth/host/gatt.c:4117:12:gatt_read_group_encode	16	static
C:/ncs/v2.2.0/zephyr/subsys/bluetooth/host/gatt.c:3973:12:gatt_read_type_encode	16	static
C:/ncs/v2.2.0/zephyr/subsys/bluetooth/host/gatt.c:4511:12:gatt_read_mult_encode	16	static
C:/ncs/v2.2.0/zephyr/subsys/bluetooth/host/gatt.c:4584:12:gatt_read_mult_vl_encode	0	static
C:/ncs/v2.2.0/zephyr/subsys/bluetooth/host/gatt.c:4864:12:gatt_write_encode	32	static
C:/ncs/v2.2.0/zephyr/subsys/bluetooth/host/gatt.c:4826:12:gatt_prepare_write_encode	32	static
C:/ncs/v2.2.0/zephyr/subsys/bluetooth/host/gatt.c:4493:13:gatt_read_mult_rsp	32	static
C:/ncs/v2.2.0/zephyr/include/zephyr/bluetooth/addr.h:126:20:bt_addr_le_copy	0	static
C:/ncs/v2.2.0/zephyr/subsys/bluetooth/host/gatt.c:3212:13:gatt_sub_free	8	static
C:/ncs/v2.2.0/zephyr/subsys/bluetooth/host/gatt.c:3218:13:gatt_sub_remove	16	static
C:/ncs/v2.2.0/zephyr/subsys/bluetooth/host/gatt.c:353:13:clear_sc_cfg	0	static
C:/ncs/v2.2.0/zephyr/subsys/bluetooth/host/gatt.c:4544:13:gatt_read_mult_vl_rsp	48	static
C:/ncs/v2.2.0/zephyr/subsys/bluetooth/host/gatt.c:1566:9:bt_gatt_attr_read.constprop	16	static
C:/ncs/v2.2.0/zephyr/subsys/bluetooth/host/gatt.c:1897:9:bt_gatt_attr_read_ccc	32	static
C:/ncs/v2.2.0/zephyr/subsys/bluetooth/host/gatt.c:1586:9:bt_gatt_attr_read_service	24	static
C:/ncs/v2.2.0/zephyr/subsys/bluetooth/host/gatt.c:570:16:cf_read	32	static
C:/ncs/v2.2.0/zephyr/subsys/bluetooth/host/gatt.c:91:16:read_name	24	static
C:/ncs/v2.2.0/zephyr/subsys/bluetooth/host/gatt.c:125:16:read_appearance	32	static
C:/ncs/v2.2.0/zephyr/subsys/bluetooth/host/gatt.c:191:16:read_ppcp	24	static
C:/Users/jp/repos/ZSWatch/app/build/zephyr/include/generated/syscalls/log_msg.h:24:20:z_log_msg_static_create.constprop	0	static
C:/ncs/v2.2.0/zephyr/subsys/bluetooth/host/gatt.c:613:16:cf_write	48	static
C:/ncs/v2.2.0/zephyr/subsys/bluetooth/host/gatt.c:4907:13:gatt_write_ccc_rsp	48	static
C:/ncs/v2.2.0/zephyr/subsys/bluetooth/host/gatt.c:398:13:sc_clear	16	static
C:/ncs/v2.2.0/zephyr/subsys/bluetooth/host/gatt.c:1939:9:bt_gatt_attr_write_ccc	56	static
C:/ncs/v2.2.0/zephyr/subsys/bluetooth/host/gatt.c:543:13:clear_cf_cfg	8	static
C:/ncs/v2.2.0/zephyr/subsys/bluetooth/host/gatt.c:3561:12:gatt_find_type_encode	16	static
C:/ncs/v2.2.0/zephyr/subsys/bluetooth/host/gatt.c:5908:16:remove_peer_from_attr	16	static
C:/ncs/v2.2.0/zephyr/subsys/bluetooth/host/gatt.c:451:13:sc_save	48	static
C:/ncs/v2.2.0/zephyr/subsys/bluetooth/host/gatt.c:489:16:sc_ccc_cfg_write	8	static
C:/ncs/v2.2.0/zephyr/subsys/bluetooth/host/gatt.c:4460:12:gatt_read_uuid_encode	16	static
C:/ncs/v2.2.0/zephyr/subsys/bluetooth/host/gatt.c:2331:12:gatt_req_send.constprop	32	static
C:/ncs/v2.2.0/zephyr/subsys/bluetooth/host/gatt.c:4962:12:gatt_write_ccc	16	static
C:/ncs/v2.2.0/zephyr/subsys/bluetooth/host/gatt.c:3071:16:disconnected_cb	32	static
C:/ncs/v2.2.0/zephyr/subsys/bluetooth/host/gatt.c:4948:12:gatt_write_ccc_buf	16	static
C:/ncs/v2.2.0/zephyr/subsys/bluetooth/host/gatt.c:1143:13:sc_indicate_rsp	8	static
C:/ncs/v2.2.0/zephyr/subsys/bluetooth/host/gatt.c:2931:13:sc_restore_rsp	16	static
C:/ncs/v2.2.0/zephyr/subsys/bluetooth/host/gatt.c:1299:6:bt_gatt_init	8	static
C:/ncs/v2.2.0/zephyr/subsys/bluetooth/host/gatt.c:1376:6:bt_gatt_cb_register	0	static
C:/ncs/v2.2.0/zephyr/subsys/bluetooth/host/gatt.c:1566:9:bt_gatt_attr_read	8	static
C:/ncs/v2.2.0/zephyr/subsys/bluetooth/host/gatt.c:1625:10:bt_gatt_attr_get_handle	24	static
C:/ncs/v2.2.0/zephyr/subsys/bluetooth/host/gatt.c:1694:10:bt_gatt_attr_value_handle	16	static
C:/ncs/v2.2.0/zephyr/subsys/bluetooth/host/gatt.c:1711:9:bt_gatt_attr_read_chrc	48	static
C:/ncs/v2.2.0/zephyr/subsys/bluetooth/host/gatt.c:1819:6:bt_gatt_foreach_attr_type	48	static
C:/ncs/v2.2.0/zephyr/include/zephyr/bluetooth/gatt.h:459:20:bt_gatt_foreach_attr	24	static
C:/ncs/v2.2.0/zephyr/subsys/bluetooth/host/gatt.c:1655:9:bt_gatt_attr_read_included	32	static
C:/ncs/v2.2.0/zephyr/subsys/bluetooth/host/gatt.c:777:13:db_hash_gen.constprop	320	static
C:/ncs/v2.2.0/zephyr/subsys/bluetooth/host/gatt.c:817:13:db_hash_process	0	static
C:/ncs/v2.2.0/zephyr/subsys/bluetooth/host/gatt.c:853:16:db_hash_read	24	static
C:/ncs/v2.2.0/zephyr/subsys/bluetooth/host/gatt.c:1868:22:bt_gatt_attr_next	16	static
C:/ncs/v2.2.0/zephyr/subsys/bluetooth/host/gatt.c:2021:9:bt_gatt_attr_read_cep	24	static
C:/ncs/v2.2.0/zephyr/subsys/bluetooth/host/gatt.c:2032:9:bt_gatt_attr_read_cud	24	static
C:/ncs/v2.2.0/zephyr/subsys/bluetooth/host/gatt.c:2050:9:bt_gatt_attr_read_cpf	24	static
C:/ncs/v2.2.0/zephyr/subsys/bluetooth/host/gatt.c:2583:22:bt_gatt_find_by_uuid	40	static
C:/ncs/v2.2.0/zephyr/subsys/bluetooth/host/gatt.c:2881:10:bt_gatt_get_mtu	0	static
C:/ncs/v2.2.0/zephyr/subsys/bluetooth/host/gatt.c:2886:9:bt_gatt_check_perm	8	static
C:/ncs/v2.2.0/zephyr/subsys/bluetooth/host/gatt.c:3142:6:bt_gatt_is_subscribed	40	static
C:/ncs/v2.2.0/zephyr/subsys/bluetooth/host/gatt.c:2375:12:gatt_indicate	56	static
C:/ncs/v2.2.0/zephyr/subsys/bluetooth/host/gatt.c:2822:5:bt_gatt_indicate	56	static
C:/ncs/v2.2.0/zephyr/subsys/bluetooth/host/gatt.c:1178:13:sc_process	32	static
C:/ncs/v2.2.0/zephyr/subsys/bluetooth/host/gatt.c:3007:16:update_ccc	96	dynamic,bounded
C:/ncs/v2.2.0/zephyr/subsys/bluetooth/host/gatt.c:2225:12:gatt_notify	56	static
C:/ncs/v2.2.0/zephyr/subsys/bluetooth/host/gatt.c:2598:5:bt_gatt_notify_cb	56	static
C:/ncs/v2.2.0/zephyr/subsys/bluetooth/host/gatt.c:2454:16:notify_cb	64	static
C:/ncs/v2.2.0/zephyr/subsys/bluetooth/host/gatt.c:3446:5:bt_gatt_exchange_mtu	24	static
C:/ncs/v2.2.0/zephyr/subsys/bluetooth/host/gatt.c:4289:5:bt_gatt_discover	112	dynamic,bounded
C:/ncs/v2.2.0/zephyr/subsys/bluetooth/host/gatt.c:3474:13:gatt_discover_next	16	static
C:/ncs/v2.2.0/zephyr/subsys/bluetooth/host/gatt.c:3504:13:gatt_find_type_rsp	72	static
C:/ncs/v2.2.0/zephyr/subsys/bluetooth/host/gatt.c:4095:13:gatt_read_group_rsp	128	dynamic,bounded
C:/ncs/v2.2.0/zephyr/subsys/bluetooth/host/gatt.c:3944:13:gatt_read_type_rsp	176	dynamic,bounded
C:/ncs/v2.2.0/zephyr/subsys/bluetooth/host/gatt.c:3620:13:read_included_uuid_cb	112	dynamic,bounded
C:/ncs/v2.2.0/zephyr/subsys/bluetooth/host/gatt.c:4149:13:gatt_find_info_rsp	136	dynamic,bounded
C:/ncs/v2.2.0/zephyr/subsys/bluetooth/host/gatt.c:4628:5:bt_gatt_read	16	static
C:/ncs/v2.2.0/zephyr/subsys/bluetooth/host/gatt.c:4395:13:gatt_read_rsp	64	static
C:/ncs/v2.2.0/zephyr/subsys/bluetooth/host/gatt.c:4670:5:bt_gatt_write_without_response_cb	80	dynamic,bounded
C:/ncs/v2.2.0/zephyr/subsys/bluetooth/host/gatt.c:4882:5:bt_gatt_write	24	static
C:/ncs/v2.2.0/zephyr/subsys/bluetooth/host/gatt.c:4764:13:gatt_prepare_write_rsp.part.0	56	static
C:/ncs/v2.2.0/zephyr/subsys/bluetooth/host/gatt.c:4764:13:gatt_prepare_write_rsp	4	static
C:/ncs/v2.2.0/zephyr/subsys/bluetooth/host/gatt.c:5033:5:bt_gatt_subscribe	16	static
C:/ncs/v2.2.0/zephyr/subsys/bluetooth/host/gatt.c:5100:5:bt_gatt_resubscribe	24	static
C:/ncs/v2.2.0/zephyr/subsys/bluetooth/host/gatt.c:5193:6:bt_gatt_cancel	24	static
C:/ncs/v2.2.0/zephyr/subsys/bluetooth/host/gatt.c:5128:5:bt_gatt_unsubscribe	24	static
C:/ncs/v2.2.0/zephyr/subsys/bluetooth/host/gatt.c:3308:6:bt_gatt_notification	32	static
C:/ncs/v2.2.0/zephyr/subsys/bluetooth/host/gatt.c:3335:6:bt_gatt_mult_notification	96	dynamic,bounded
C:/ncs/v2.2.0/zephyr/subsys/bluetooth/host/gatt.c:5451:6:bt_gatt_connected	24	static
C:/ncs/v2.2.0/zephyr/subsys/bluetooth/host/gatt.c:5522:6:bt_gatt_att_max_mtu_changed	24	static
C:/ncs/v2.2.0/zephyr/subsys/bluetooth/host/gatt.c:5533:6:bt_gatt_encrypt_change	16	static
C:/ncs/v2.2.0/zephyr/subsys/bluetooth/host/gatt.c:5545:6:bt_gatt_change_aware	24	static
C:/ncs/v2.2.0/zephyr/subsys/bluetooth/host/gatt.c:6024:5:bt_gatt_clear	32	static
C:/ncs/v2.2.0/zephyr/subsys/bluetooth/host/gatt.c:6054:6:bt_gatt_disconnected	32	static
