C:/ncs/v2.2.0/zephyr/include/zephyr/drivers/bluetooth/hci_driver.h:60:23:bt_hci_evt_get_flags	0	static
C:/ncs/v2.2.0/zephyr/subsys/bluetooth/host/hci_core.c:2176:13:hci_vendor_event	0	static
C:/ncs/v2.2.0/zephyr/subsys/bluetooth/host/hci_core.c:755:13:hci_disconn_complete_prio	16	static
C:/ncs/v2.2.0/zephyr/include/zephyr/sys/atomic_builtin.h:279:28:atomic_or	8	static
C:/ncs/v2.2.0/zephyr/include/zephyr/bluetooth/addr.h:126:20:bt_addr_le_copy	0	static
C:/ncs/v2.2.0/zephyr/include/zephyr/bluetooth/addr.h:116:20:bt_addr_copy	0	static
C:/Users/jp/repos/ZSWatch/app/build/zephyr/include/generated/syscalls/log_msg.h:24:20:z_log_msg_static_create.constprop	0	static
C:/ncs/v2.2.0/zephyr/subsys/bluetooth/host/hci_core.c:524:13:hci_data_buf_overflow	40	dynamic,bounded
C:/ncs/v2.2.0/zephyr/subsys/bluetooth/host/hci_core.c:1528:13:le_conn_param_neg_reply.part.0	32	static
C:/ncs/v2.2.0/zephyr/subsys/bluetooth/host/hci_core.c:1599:13:le_conn_update_complete	64	dynamic,bounded
C:/ncs/v2.2.0/zephyr/subsys/bluetooth/host/hci_core.c:170:13:handle_event.part.0	56	dynamic,bounded
C:/ncs/v2.2.0/zephyr/subsys/bluetooth/host/hci_core.c:1957:13:hci_hardware_error	40	dynamic,bounded
C:/ncs/v2.2.0/zephyr/subsys/bluetooth/host/hci_core.c:1448:13:le_data_len_change	48	dynamic,bounded
C:/ncs/v2.2.0/zephyr/subsys/bluetooth/host/hci_core.c:1481:13:le_phy_update_complete	48	dynamic,bounded
C:/ncs/v2.2.0/zephyr/subsys/bluetooth/host/hci_core.c:781:13:hci_disconn_complete	56	dynamic,bounded
C:/ncs/v2.2.0/zephyr/subsys/bluetooth/host/hci_core.c:170:13:handle_event	48	dynamic,bounded
C:/ncs/v2.2.0/zephyr/subsys/bluetooth/host/hci_core.c:2312:13:hci_le_meta_event	8	static
C:/ncs/v2.2.0/zephyr/subsys/bluetooth/host/hci_core.c:1420:13:le_remote_feat_complete	56	dynamic,bounded
C:/ncs/v2.2.0/zephyr/subsys/bluetooth/host/hci_core.c:2054:13:hci_cmd_done	104	dynamic,bounded
C:/ncs/v2.2.0/zephyr/subsys/bluetooth/host/hci_core.c:2114:13:hci_cmd_status	16	static
C:/ncs/v2.2.0/zephyr/subsys/bluetooth/host/hci_core.c:2089:13:hci_cmd_complete	16	static
C:/ncs/v2.2.0/zephyr/subsys/bluetooth/host/hci_core.c:422:13:hci_num_completed_packets	96	dynamic,bounded
C:/ncs/v2.2.0/zephyr/subsys/bluetooth/host/hci_core.c:114:6:bt_hci_cmd_state_set_init	8	static
C:/ncs/v2.2.0/zephyr/subsys/bluetooth/host/hci_core.c:249:17:bt_hci_cmd_create	32	static
C:/ncs/v2.2.0/zephyr/subsys/bluetooth/host/hci_core.c:307:5:bt_hci_cmd_send_sync	88	dynamic,bounded
C:/ncs/v2.2.0/zephyr/subsys/bluetooth/host/hci_core.c:387:12:hci_le_read_max_data_len	48	static
C:/ncs/v2.2.0/zephyr/subsys/bluetooth/host/hci_core.c:355:5:bt_hci_le_rand	32	static
C:/ncs/v2.2.0/zephyr/subsys/bluetooth/host/hci_core.c:407:9:bt_get_phy	0	static
C:/ncs/v2.2.0/zephyr/subsys/bluetooth/host/hci_core.c:706:5:bt_hci_disconnect	16	static
C:/ncs/v2.2.0/zephyr/subsys/bluetooth/host/hci_core.c:879:5:bt_le_set_data_len	24	static
C:/ncs/v2.2.0/zephyr/subsys/bluetooth/host/hci_core.c:927:5:bt_le_set_phy	32	static
C:/ncs/v2.2.0/zephyr/subsys/bluetooth/host/hci_core.c:1176:6:bt_hci_le_enh_conn_complete	232	dynamic,bounded
C:/ncs/v2.2.0/zephyr/subsys/bluetooth/host/hci_core.c:1145:13:enh_conn_complete	8	static
C:/ncs/v2.2.0/zephyr/subsys/bluetooth/host/hci_core.c:1386:13:le_enh_conn_complete	0	static
C:/ncs/v2.2.0/zephyr/subsys/bluetooth/host/hci_core.c:1391:13:le_legacy_conn_complete	40	static
C:/ncs/v2.2.0/zephyr/subsys/bluetooth/host/hci_core.c:1506:6:bt_le_conn_params_valid	8	static
C:/ncs/v2.2.0/zephyr/subsys/bluetooth/host/hci_core.c:1734:5:bt_unpair	16	static
C:/ncs/v2.2.0/zephyr/subsys/bluetooth/host/hci_core.c:2134:5:bt_hci_get_conn_handle	0	static
C:/ncs/v2.2.0/zephyr/subsys/bluetooth/host/hci_core.c:2145:5:bt_hci_get_adv_handle	0	static
C:/ncs/v2.2.0/zephyr/subsys/bluetooth/host/hci_core.c:3407:5:bt_send	0	static
C:/ncs/v2.2.0/zephyr/subsys/bluetooth/host/hci_core.c:276:5:bt_hci_cmd_send	56	dynamic,bounded
C:/ncs/v2.2.0/zephyr/subsys/bluetooth/host/hci_core.c:1528:13:le_conn_param_neg_reply	16	static
C:/ncs/v2.2.0/zephyr/subsys/bluetooth/host/hci_core.c:1570:13:le_conn_param_req	64	dynamic,bounded
C:/ncs/v2.2.0/zephyr/subsys/bluetooth/host/hci_core.c:2498:13:hci_tx_thread	128	dynamic,bounded
C:/ncs/v2.2.0/zephyr/subsys/bluetooth/host/hci_core.c:3439:6:hci_event_prio	24	static
C:/ncs/v2.2.0/zephyr/subsys/bluetooth/host/hci_core.c:3478:5:bt_recv	120	dynamic,bounded
C:/ncs/v2.2.0/zephyr/subsys/bluetooth/host/hci_core.c:3529:5:bt_recv_prio	8	static
C:/ncs/v2.2.0/zephyr/subsys/bluetooth/host/hci_core.c:3540:5:bt_hci_driver_register	0	static
C:/ncs/v2.2.0/zephyr/subsys/bluetooth/host/hci_core.c:3560:6:bt_finalize_init	0	static
C:/ncs/v2.2.0/zephyr/subsys/bluetooth/host/hci_core.c:3571:12:bt_init	56	static
C:/ncs/v2.2.0/zephyr/subsys/bluetooth/host/hci_core.c:3607:13:init_work	8	static
C:/ncs/v2.2.0/zephyr/subsys/bluetooth/host/hci_core.c:3672:5:bt_enable	112	dynamic,bounded
C:/ncs/v2.2.0/zephyr/subsys/bluetooth/host/hci_core.c:3744:5:bt_disable	80	dynamic,bounded
C:/ncs/v2.2.0/zephyr/subsys/bluetooth/host/hci_core.c:3817:6:bt_is_ready	0	static
C:/ncs/v2.2.0/zephyr/subsys/bluetooth/host/hci_core.c:3829:5:bt_set_name	0	static
C:/ncs/v2.2.0/zephyr/subsys/bluetooth/host/hci_core.c:3859:13:bt_get_name	0	static
C:/ncs/v2.2.0/zephyr/subsys/bluetooth/host/hci_core.c:3868:10:bt_get_appearance	0	static
C:/ncs/v2.2.0/zephyr/subsys/bluetooth/host/hci_core.c:3898:6:bt_addr_le_is_bonded	0	static
C:/ncs/v2.2.0/zephyr/subsys/bluetooth/host/hci_core.c:3984:5:bt_le_set_chan_map	0	static
C:/ncs/v2.2.0/zephyr/subsys/bluetooth/host/hci_core.c:4032:6:bt_data_parse	48	static
C:/ncs/v2.2.0/zephyr/subsys/bluetooth/host/hci_core.c:4063:5:bt_configure_data_path	32	static
