C:/ncs/v2.2.0/zephyr/subsys/bluetooth/host/id.c:65:13:adv_id_check_func	0	static
C:/ncs/v2.2.0/zephyr/include/zephyr/bluetooth/addr.h:106:20:bt_addr_le_eq	8	static
C:/ncs/v2.2.0/zephyr/subsys/bluetooth/host/id.c:1161:12:id_find	24	static
C:/ncs/v2.2.0/zephyr/include/zephyr/bluetooth/addr.h:116:20:bt_addr_copy	0	static
C:/ncs/v2.2.0/zephyr/include/zephyr/bluetooth/addr.h:126:20:bt_addr_le_copy	0	static
C:/ncs/v2.2.0/zephyr/subsys/bluetooth/host/id.c:1174:12:id_create.constprop	24	static
C:/Users/jp/repos/ZSWatch/app/build/zephyr/include/generated/syscalls/log_msg.h:24:20:z_log_msg_static_create.constprop	0	static
C:/ncs/v2.2.0/zephyr/subsys/bluetooth/host/id.c:121:12:set_random_address	16	static
C:/ncs/v2.2.0/zephyr/subsys/bluetooth/host/id.c:43:21:bt_lookup_id_addr	0	static
C:/ncs/v2.2.0/zephyr/subsys/bluetooth/host/id.c:150:5:bt_id_set_adv_random_addr	16	static
C:/ncs/v2.2.0/zephyr/subsys/bluetooth/host/id.c:385:5:bt_id_set_private_addr	16	static
C:/ncs/v2.2.0/zephyr/subsys/bluetooth/host/id.c:413:5:bt_id_set_adv_private_addr	16	static
C:/ncs/v2.2.0/zephyr/subsys/bluetooth/host/id.c:611:6:bt_id_scan_random_addr_check	0	static
C:/ncs/v2.2.0/zephyr/subsys/bluetooth/host/id.c:658:6:bt_id_adv_random_addr_check	0	static
C:/ncs/v2.2.0/zephyr/subsys/bluetooth/host/id.c:725:6:bt_id_adv_limited_stopped	0	static
C:/ncs/v2.2.0/zephyr/subsys/bluetooth/host/id.c:1149:6:bt_id_get	16	static
C:/ncs/v2.2.0/zephyr/subsys/bluetooth/host/id.c:1230:5:bt_id_create	40	static
C:/ncs/v2.2.0/zephyr/subsys/bluetooth/host/id.c:1279:5:bt_id_reset	48	static
C:/ncs/v2.2.0/zephyr/subsys/bluetooth/host/id.c:1331:5:bt_id_delete	24	static
C:/ncs/v2.2.0/zephyr/subsys/bluetooth/host/id.c:1416:9:bt_id_read_public_addr	48	static
C:/ncs/v2.2.0/zephyr/subsys/bluetooth/host/id.c:1450:5:bt_setup_public_id_addr	16	static
C:/ncs/v2.2.0/zephyr/subsys/bluetooth/host/id.c:1488:9:bt_read_static_addr	56	static
C:/ncs/v2.2.0/zephyr/subsys/bluetooth/host/id.c:1538:5:bt_setup_random_id_addr	48	static
C:/ncs/v2.2.0/zephyr/subsys/bluetooth/host/id.c:1733:5:bt_id_set_adv_own_addr	24	static
C:/ncs/v2.2.0/zephyr/subsys/bluetooth/host/id.c:1842:5:bt_le_oob_get_local	16	static
C:/ncs/v2.2.0/zephyr/subsys/bluetooth/host/id.c:1921:5:bt_le_ext_adv_oob_get_local	8	static
C:/ncs/v2.2.0/zephyr/subsys/bluetooth/host/id.c:2024:5:bt_id_init	40	static
