c:\ncs\v2.2.0\modules\lib\gui\lvgl\src\misc\lv_color.h:697:26:lv_color_black	0	static
C:/Users/jp/repos/ZSWatch/app/src/applications/music_control/music_control_ui.c:212:13:close_button_pressed	0	static
C:/Users/jp/repos/ZSWatch/app/src/applications/music_control/music_control_ui.c:35:13:play_event_click_cb	16	static
C:/Users/jp/repos/ZSWatch/app/src/applications/music_control/music_control_ui.c:114:6:music_control_ui_show	48	static
C:/Users/jp/repos/ZSWatch/app/src/applications/music_control/music_control_ui.c:174:6:music_control_ui_remove	8	static
C:/Users/jp/repos/ZSWatch/app/src/applications/music_control/music_control_ui.c:181:6:music_control_ui_music_info	8	static
C:/Users/jp/repos/ZSWatch/app/src/applications/music_control/music_control_ui.c:187:6:music_control_ui_set_track_progress	0	static
C:/Users/jp/repos/ZSWatch/app/src/applications/music_control/music_control_ui.c:192:6:music_control_ui_set_time	48	static
C:/Users/jp/repos/ZSWatch/app/src/applications/music_control/music_control_ui.c:199:6:music_control_ui_set_music_state	16	static
