C:/ncs/v2.2.0/zephyr/include/zephyr/sys/byteorder.h:254:20:sys_put_be32	0	static
C:/ncs/v2.2.0/zephyr/include/zephyr/sys/byteorder.h:329:20:sys_put_le32	0	static
C:/ncs/v2.2.0/zephyr/subsys/net/buf.c:92:17:generic_data_ref	0	static
C:/ncs/v2.2.0/zephyr/subsys/net/buf.c:155:13:fixed_data_unref	0	static
C:/ncs/v2.2.0/zephyr/subsys/net/buf.c:123:13:mem_pool_data_unref	0	static
C:/ncs/v2.2.0/zephyr/subsys/net/buf.c:102:17:mem_pool_data_alloc	16	static
C:/ncs/v2.2.0/zephyr/subsys/net/buf.c:182:13:heap_data_unref	0	static
C:/ncs/v2.2.0/zephyr/subsys/net/buf.c:167:17:heap_data_alloc	8	static
C:/ncs/v2.2.0/zephyr/subsys/net/buf.c:48:22:net_buf_pool_get	0	static
C:/ncs/v2.2.0/zephyr/subsys/net/buf.c:58:5:net_buf_id	0	static
C:/ncs/v2.2.0/zephyr/subsys/net/buf.c:144:17:fixed_data_alloc	16	static
C:/ncs/v2.2.0/zephyr/subsys/net/buf.c:84:6:net_buf_reset	8	static
C:/ncs/v2.2.0/zephyr/subsys/net/buf.c:236:17:net_buf_alloc_len	56	static
C:/ncs/v2.2.0/zephyr/subsys/net/buf.c:371:17:net_buf_alloc_fixed	0	static
C:/ncs/v2.2.0/zephyr/subsys/net/buf.c:386:17:net_buf_alloc_with_data	16	static
C:/ncs/v2.2.0/zephyr/subsys/net/buf.c:412:17:net_buf_get	16	static
C:/ncs/v2.2.0/zephyr/subsys/net/buf.c:441:6:net_buf_simple_init_with_data	0	static
C:/ncs/v2.2.0/zephyr/subsys/net/buf.c:450:6:net_buf_simple_reserve	8	static
C:/ncs/v2.2.0/zephyr/subsys/net/buf.c:461:6:net_buf_slist_put	24	static
C:/ncs/v2.2.0/zephyr/subsys/net/buf.c:478:17:net_buf_slist_get	16	static
C:/ncs/v2.2.0/zephyr/subsys/net/buf.c:508:6:net_buf_put	8	static
C:/ncs/v2.2.0/zephyr/subsys/net/buf.c:525:6:net_buf_unref	24	static
C:/ncs/v2.2.0/zephyr/subsys/net/buf.c:573:17:net_buf_ref	8	static
C:/ncs/v2.2.0/zephyr/subsys/net/buf.c:634:17:net_buf_frag_last	8	static
C:/ncs/v2.2.0/zephyr/subsys/net/buf.c:645:6:net_buf_frag_insert	16	static
C:/ncs/v2.2.0/zephyr/subsys/net/buf.c:657:17:net_buf_frag_add	16	static
C:/ncs/v2.2.0/zephyr/subsys/net/buf.c:675:17:net_buf_frag_del	8	static
C:/ncs/v2.2.0/zephyr/subsys/net/buf.c:701:8:net_buf_linearize	24	static
C:/ncs/v2.2.0/zephyr/subsys/net/buf.c:796:6:net_buf_simple_clone	0	static
C:/ncs/v2.2.0/zephyr/subsys/net/buf.c:904:7:net_buf_simple_remove_mem	8	static
C:/ncs/v2.2.0/zephyr/subsys/net/buf.c:914:9:net_buf_simple_remove_u8	8	static
C:/ncs/v2.2.0/zephyr/subsys/net/buf.c:925:10:net_buf_simple_remove_le16	8	static
C:/ncs/v2.2.0/zephyr/subsys/net/buf.c:936:10:net_buf_simple_remove_be16	8	static
C:/ncs/v2.2.0/zephyr/subsys/net/buf.c:947:10:net_buf_simple_remove_le24	8	static
C:/ncs/v2.2.0/zephyr/subsys/net/buf.c:960:10:net_buf_simple_remove_be24	8	static
C:/ncs/v2.2.0/zephyr/subsys/net/buf.c:973:10:net_buf_simple_remove_le32	8	static
C:/ncs/v2.2.0/zephyr/subsys/net/buf.c:984:10:net_buf_simple_remove_be32	8	static
C:/ncs/v2.2.0/zephyr/subsys/net/buf.c:995:10:net_buf_simple_remove_le48	8	static
C:/ncs/v2.2.0/zephyr/subsys/net/buf.c:1008:10:net_buf_simple_remove_be48	16	static
C:/ncs/v2.2.0/zephyr/subsys/net/buf.c:1021:10:net_buf_simple_remove_le64	8	static
C:/ncs/v2.2.0/zephyr/subsys/net/buf.c:1032:10:net_buf_simple_remove_be64	8	static
C:/ncs/v2.2.0/zephyr/subsys/net/buf.c:1043:7:net_buf_simple_push	8	static
C:/ncs/v2.2.0/zephyr/subsys/net/buf.c:1054:7:net_buf_simple_push_mem	16	static
C:/ncs/v2.2.0/zephyr/subsys/net/buf.c:1062:6:net_buf_simple_push_le16	8	static
C:/ncs/v2.2.0/zephyr/subsys/net/buf.c:1069:6:net_buf_simple_push_be16	8	static
C:/ncs/v2.2.0/zephyr/subsys/net/buf.c:1076:6:net_buf_simple_push_u8	8	static
C:/ncs/v2.2.0/zephyr/subsys/net/buf.c:1083:6:net_buf_simple_push_le24	8	static
C:/ncs/v2.2.0/zephyr/subsys/net/buf.c:1090:6:net_buf_simple_push_be24	8	static
C:/ncs/v2.2.0/zephyr/subsys/net/buf.c:1097:6:net_buf_simple_push_le32	8	static
C:/ncs/v2.2.0/zephyr/subsys/net/buf.c:1104:6:net_buf_simple_push_be32	8	static
C:/ncs/v2.2.0/zephyr/subsys/net/buf.c:1111:6:net_buf_simple_push_le48	16	static
C:/ncs/v2.2.0/zephyr/subsys/net/buf.c:1118:6:net_buf_simple_push_be48	16	static
C:/ncs/v2.2.0/zephyr/subsys/net/buf.c:1125:6:net_buf_simple_push_le64	16	static
C:/ncs/v2.2.0/zephyr/subsys/net/buf.c:1132:6:net_buf_simple_push_be64	16	static
C:/ncs/v2.2.0/zephyr/subsys/net/buf.c:1139:7:net_buf_simple_pull	8	static
C:/ncs/v2.2.0/zephyr/subsys/net/buf.c:1149:7:net_buf_simple_pull_mem	8	static
C:/ncs/v2.2.0/zephyr/subsys/net/buf.c:1163:9:net_buf_simple_pull_u8	8	static
C:/ncs/v2.2.0/zephyr/subsys/net/buf.c:1173:10:net_buf_simple_pull_le16	8	static
C:/ncs/v2.2.0/zephyr/subsys/net/buf.c:1183:10:net_buf_simple_pull_be16	8	static
C:/ncs/v2.2.0/zephyr/subsys/net/buf.c:1193:10:net_buf_simple_pull_le24	8	static
C:/ncs/v2.2.0/zephyr/subsys/net/buf.c:1205:10:net_buf_simple_pull_be24	8	static
C:/ncs/v2.2.0/zephyr/subsys/net/buf.c:1217:10:net_buf_simple_pull_le32	8	static
C:/ncs/v2.2.0/zephyr/subsys/net/buf.c:1227:10:net_buf_simple_pull_be32	8	static
C:/ncs/v2.2.0/zephyr/subsys/net/buf.c:1237:10:net_buf_simple_pull_le48	16	static
C:/ncs/v2.2.0/zephyr/subsys/net/buf.c:1249:10:net_buf_simple_pull_be48	16	static
C:/ncs/v2.2.0/zephyr/subsys/net/buf.c:1261:10:net_buf_simple_pull_le64	16	static
C:/ncs/v2.2.0/zephyr/subsys/net/buf.c:1271:10:net_buf_simple_pull_be64	16	static
C:/ncs/v2.2.0/zephyr/subsys/net/buf.c:1281:8:net_buf_simple_headroom	0	static
C:/ncs/v2.2.0/zephyr/subsys/net/buf.c:1286:8:net_buf_simple_tailroom	0	static
C:/ncs/v2.2.0/zephyr/subsys/net/buf.c:802:7:net_buf_simple_add	24	static
C:/ncs/v2.2.0/zephyr/subsys/net/buf.c:814:7:net_buf_simple_add_mem	16	static
C:/ncs/v2.2.0/zephyr/subsys/net/buf.c:583:17:net_buf_clone	64	static
C:/ncs/v2.2.0/zephyr/subsys/net/buf.c:822:10:net_buf_simple_add_u8	8	static
C:/ncs/v2.2.0/zephyr/subsys/net/buf.c:834:6:net_buf_simple_add_le16	8	static
C:/ncs/v2.2.0/zephyr/subsys/net/buf.c:841:6:net_buf_simple_add_be16	8	static
C:/ncs/v2.2.0/zephyr/subsys/net/buf.c:848:6:net_buf_simple_add_le24	8	static
C:/ncs/v2.2.0/zephyr/subsys/net/buf.c:855:6:net_buf_simple_add_be24	8	static
C:/ncs/v2.2.0/zephyr/subsys/net/buf.c:862:6:net_buf_simple_add_le32	8	static
C:/ncs/v2.2.0/zephyr/subsys/net/buf.c:869:6:net_buf_simple_add_be32	8	static
C:/ncs/v2.2.0/zephyr/subsys/net/buf.c:876:6:net_buf_simple_add_le48	16	static
C:/ncs/v2.2.0/zephyr/subsys/net/buf.c:883:6:net_buf_simple_add_be48	16	static
C:/ncs/v2.2.0/zephyr/subsys/net/buf.c:890:6:net_buf_simple_add_le64	16	static
C:/ncs/v2.2.0/zephyr/subsys/net/buf.c:897:6:net_buf_simple_add_be64	16	static
C:/ncs/v2.2.0/zephyr/subsys/net/buf.c:741:8:net_buf_append_bytes	40	static
C:/ncs/v2.2.0/zephyr/subsys/net/buf.c:1291:10:net_buf_simple_max_len	0	static
