C:/ncs/v2.2.0/zephyr/lib/os/fdtable.c:351:16:stdinout_read_vmeth	0	static
C:/ncs/v2.2.0/zephyr/lib/os/fdtable.c:367:12:stdinout_ioctl_vmeth	8	static
C:/ncs/v2.2.0/zephyr/lib/os/fdtable.c:356:16:stdinout_write_vmeth	0	static
C:/ncs/v2.2.0/zephyr/lib/os/fdtable.c:109:12:_check_fd	8	static
C:/ncs/v2.2.0/zephyr/include/zephyr/sys/fdtable.h:121:19:z_fdtable_call_ioctl	16	static
C:/Users/jp/repos/ZSWatch/app/build/zephyr/include/generated/syscalls/kernel.h:944:19:k_mutex_unlock.isra	0	static
C:/ncs/v2.2.0/zephyr/lib/os/fdtable.c:69:12:z_fd_unref.isra	12	static
C:/ncs/v2.2.0/zephyr/lib/os/fdtable.c:126:7:z_get_fd_obj	16	static
C:/ncs/v2.2.0/zephyr/lib/os/fdtable.c:144:7:z_get_fd_obj_and_vtable	16	static
C:/ncs/v2.2.0/zephyr/lib/os/fdtable.c:163:5:z_reserve_fd	8	static
C:/ncs/v2.2.0/zephyr/lib/os/fdtable.c:183:6:z_finalize_fd	4	static
C:/ncs/v2.2.0/zephyr/lib/os/fdtable.c:209:6:z_free_fd	0	static
C:/ncs/v2.2.0/zephyr/lib/os/fdtable.c:215:5:z_alloc_fd	16	static
C:/ncs/v2.2.0/zephyr/lib/os/fdtable.c:229:9:read	24	static
C:/ncs/v2.2.0/zephyr/lib/os/fdtable.c:247:9:write	24	static
C:/ncs/v2.2.0/zephyr/lib/os/fdtable.c:265:5:close	24	static
C:/ncs/v2.2.0/zephyr/lib/os/fdtable.c:285:5:fsync	8	static
C:/ncs/v2.2.0/zephyr/lib/os/fdtable.c:294:7:lseek	24	static
C:/ncs/v2.2.0/zephyr/lib/os/fdtable.c:305:5:ioctl	20	static
c:\ncs\toolchains\v2.2.0\opt\zephyr-sdk\arm-zephyr-eabi\arm-zephyr-eabi\sys-include\sys\_default_fcntl.h:220:12:fcntl	20	static
