C:/ncs/v2.2.0/modules/debug/segger/SEGGER/SEGGER_RTT.c:511:17:_GetAvailWriteSpace	0	static
C:/ncs/v2.2.0/modules/debug/segger/SEGGER/SEGGER_RTT.c:301:13:_DoInit	0	static
C:/ncs/v2.2.0/modules/debug/segger/SEGGER/SEGGER_RTT.c:421:13:_WriteNoCheck	24	static
C:/ncs/v2.2.0/modules/debug/segger/SEGGER/SEGGER_RTT.c:359:17:_WriteBlocking	32	static
C:/ncs/v2.2.0/modules/debug/segger/SEGGER/SEGGER_RTT.c:489:13:_PostTerminalSwitch.constprop	16	static
C:/ncs/v2.2.0/modules/debug/segger/SEGGER/SEGGER_RTT.c:558:10:SEGGER_RTT_ReadUpBufferNoLock	40	static
C:/ncs/v2.2.0/modules/debug/segger/SEGGER/SEGGER_RTT.c:650:10:SEGGER_RTT_ReadNoLock	40	static
C:/ncs/v2.2.0/modules/debug/segger/SEGGER/SEGGER_RTT.c:747:10:SEGGER_RTT_ReadUpBuffer	16	static
C:/ncs/v2.2.0/modules/debug/segger/SEGGER/SEGGER_RTT.c:779:10:SEGGER_RTT_Read	16	static
C:/ncs/v2.2.0/modules/debug/segger/SEGGER/SEGGER_RTT.c:818:6:SEGGER_RTT_WriteWithOverwriteNoLock	40	static
C:/ncs/v2.2.0/modules/debug/segger/SEGGER/SEGGER_RTT.c:919:10:SEGGER_RTT_WriteSkipNoLock	40	static
C:/ncs/v2.2.0/modules/debug/segger/SEGGER/SEGGER_RTT.c:1009:10:SEGGER_RTT_WriteDownBufferNoLock	16	static
C:/ncs/v2.2.0/modules/debug/segger/SEGGER/SEGGER_RTT.c:1084:10:SEGGER_RTT_WriteNoLock	24	static
C:/ncs/v2.2.0/modules/debug/segger/SEGGER/SEGGER_RTT.c:1160:10:SEGGER_RTT_WriteDownBuffer	16	static
C:/ncs/v2.2.0/modules/debug/segger/SEGGER/SEGGER_RTT.c:1189:10:SEGGER_RTT_Write	16	static
C:/ncs/v2.2.0/modules/debug/segger/SEGGER/SEGGER_RTT.c:1219:10:SEGGER_RTT_WriteString	16	static
C:/ncs/v2.2.0/modules/debug/segger/SEGGER/SEGGER_RTT.c:1249:10:SEGGER_RTT_PutCharSkipNoLock	20	static
C:/ncs/v2.2.0/modules/debug/segger/SEGGER/SEGGER_RTT.c:1299:10:SEGGER_RTT_PutCharSkip	24	static
C:/ncs/v2.2.0/modules/debug/segger/SEGGER/SEGGER_RTT.c:1358:10:SEGGER_RTT_PutChar	24	static
C:/ncs/v2.2.0/modules/debug/segger/SEGGER/SEGGER_RTT.c:1421:5:SEGGER_RTT_GetKey	16	static
C:/ncs/v2.2.0/modules/debug/segger/SEGGER/SEGGER_RTT.c:1449:5:SEGGER_RTT_WaitKey	8	static
C:/ncs/v2.2.0/modules/debug/segger/SEGGER/SEGGER_RTT.c:1472:5:SEGGER_RTT_HasKey	8	static
C:/ncs/v2.2.0/modules/debug/segger/SEGGER/SEGGER_RTT.c:1500:10:SEGGER_RTT_HasData	0	static
C:/ncs/v2.2.0/modules/debug/segger/SEGGER/SEGGER_RTT.c:1521:10:SEGGER_RTT_HasDataUp	0	static
C:/ncs/v2.2.0/modules/debug/segger/SEGGER/SEGGER_RTT.c:1549:5:SEGGER_RTT_AllocDownBuffer	32	static
C:/ncs/v2.2.0/modules/debug/segger/SEGGER/SEGGER_RTT.c:1597:5:SEGGER_RTT_AllocUpBuffer	32	static
C:/ncs/v2.2.0/modules/debug/segger/SEGGER/SEGGER_RTT.c:1651:5:SEGGER_RTT_ConfigUpBuffer	24	static
C:/ncs/v2.2.0/modules/debug/segger/SEGGER/SEGGER_RTT.c:1702:5:SEGGER_RTT_ConfigDownBuffer	32	static
C:/ncs/v2.2.0/modules/debug/segger/SEGGER/SEGGER_RTT.c:1745:5:SEGGER_RTT_SetNameUpBuffer	16	static
C:/ncs/v2.2.0/modules/debug/segger/SEGGER/SEGGER_RTT.c:1780:5:SEGGER_RTT_SetNameDownBuffer	16	static
C:/ncs/v2.2.0/modules/debug/segger/SEGGER/SEGGER_RTT.c:1815:5:SEGGER_RTT_SetFlagsUpBuffer	16	static
C:/ncs/v2.2.0/modules/debug/segger/SEGGER/SEGGER_RTT.c:1850:5:SEGGER_RTT_SetFlagsDownBuffer	16	static
C:/ncs/v2.2.0/modules/debug/segger/SEGGER/SEGGER_RTT.c:1878:6:SEGGER_RTT_Init	0	static
C:/ncs/v2.2.0/modules/debug/segger/SEGGER/SEGGER_RTT.c:1899:5:SEGGER_RTT_SetTerminal	24	static
C:/ncs/v2.2.0/modules/debug/segger/SEGGER/SEGGER_RTT.c:1948:5:SEGGER_RTT_TerminalOut	24	static
C:/ncs/v2.2.0/modules/debug/segger/SEGGER/SEGGER_RTT.c:2036:10:SEGGER_RTT_GetAvailWriteSpace	0	static
C:/ncs/v2.2.0/modules/debug/segger/SEGGER/SEGGER_RTT.c:2057:10:SEGGER_RTT_GetBytesInBuffer	0	static
