C:/ncs/v2.2.0/nrf/subsys/bluetooth/gatt_dm.c:222:32:attr_find_by_handle	16	static
C:/ncs/v2.2.0/nrf/subsys/bluetooth/gatt_dm.c:118:13:svc_attr_memory_release	8	static
C:/ncs/v2.2.0/zephyr/include/zephyr/sys/atomic_builtin.h:319:28:atomic_and	8	static
C:/Users/jp/repos/ZSWatch/app/build/zephyr/include/generated/syscalls/log_msg.h:24:20:z_log_msg_static_create.constprop	0	static
C:/ncs/v2.2.0/nrf/subsys/bluetooth/gatt_dm.c:139:15:get_uuid_size.part.0	32	static
C:/ncs/v2.2.0/nrf/subsys/bluetooth/gatt_dm.c:80:14:user_data_alloc.constprop	16	static
C:/ncs/v2.2.0/nrf/subsys/bluetooth/gatt_dm.c:250:13:discovery_complete.constprop	0	static
C:/ncs/v2.2.0/nrf/subsys/bluetooth/gatt_dm.c:139:15:get_uuid_size.isra	0	static
C:/ncs/v2.2.0/nrf/subsys/bluetooth/gatt_dm.c:169:32:attr_store.constprop	48	static
C:/ncs/v2.2.0/nrf/subsys/bluetooth/gatt_dm.c:201:24:uuid_store.constprop	40	static
C:/ncs/v2.2.0/nrf/subsys/bluetooth/gatt_dm.c:271:13:discovery_complete_error	16	static
C:/ncs/v2.2.0/nrf/subsys/bluetooth/gatt_dm.c:259:13:discovery_complete_not_found	8	static
C:/ncs/v2.2.0/nrf/subsys/bluetooth/gatt_dm.c:475:29:bt_gatt_dm_attr_service_val	24	static
C:/ncs/v2.2.0/nrf/subsys/bluetooth/gatt_dm.c:485:22:bt_gatt_dm_attr_chrc_val	24	static
C:/ncs/v2.2.0/nrf/subsys/bluetooth/gatt_dm.c:436:16:discovery_callback	160	dynamic,bounded
C:/ncs/v2.2.0/nrf/subsys/bluetooth/gatt_dm.c:494:17:bt_gatt_dm_conn_get	0	static
C:/ncs/v2.2.0/nrf/subsys/bluetooth/gatt_dm.c:499:8:bt_gatt_dm_attr_cnt	0	static
C:/ncs/v2.2.0/nrf/subsys/bluetooth/gatt_dm.c:504:31:bt_gatt_dm_service_get	0	static
C:/ncs/v2.2.0/nrf/subsys/bluetooth/gatt_dm.c:510:31:bt_gatt_dm_char_next	32	static
C:/ncs/v2.2.0/nrf/subsys/bluetooth/gatt_dm.c:531:31:bt_gatt_dm_char_by_uuid	16	static
C:/ncs/v2.2.0/nrf/subsys/bluetooth/gatt_dm.c:549:31:bt_gatt_dm_attr_by_handle	0	static
C:/ncs/v2.2.0/nrf/subsys/bluetooth/gatt_dm.c:556:31:bt_gatt_dm_attr_next	0	static
C:/ncs/v2.2.0/nrf/subsys/bluetooth/gatt_dm.c:591:31:bt_gatt_dm_desc_next	16	static
C:/ncs/v2.2.0/nrf/subsys/bluetooth/gatt_dm.c:575:31:bt_gatt_dm_desc_by_uuid	16	static
C:/ncs/v2.2.0/nrf/subsys/bluetooth/gatt_dm.c:604:5:bt_gatt_dm_start	56	dynamic,bounded
C:/ncs/v2.2.0/nrf/subsys/bluetooth/gatt_dm.c:658:5:bt_gatt_dm_continue	56	dynamic,bounded
C:/ncs/v2.2.0/nrf/subsys/bluetooth/gatt_dm.c:702:5:bt_gatt_dm_data_release	16	static
