C:/ncs/v2.2.0/zephyr/drivers/clock_control/clock_control_nrf.c:163:13:set_on_state	0	static
C:/ncs/v2.2.0/zephyr/drivers/clock_control/clock_control_nrf.c:351:12:async_start	24	static
C:/ncs/v2.2.0/zephyr/drivers/clock_control/clock_control_nrf.c:371:12:api_start	16	static
C:/ncs/v2.2.0/zephyr/drivers/clock_control/clock_control_nrf.c:421:13:onoff_started_callback	0	static
C:/ncs/v2.2.0/zephyr/drivers/clock_control/clock_control_nrf.c:432:13:onoff_start	24	static
C:/ncs/v2.2.0/zephyr/drivers/clock_control/clock_control_nrf.c:199:13:lfclk_start	0	static
C:/ncs/v2.2.0/zephyr/drivers/clock_control/clock_control_nrf.c:377:13:blocking_start_callback	0	static
C:/ncs/v2.2.0/zephyr/drivers/clock_control/clock_control_nrf.c:208:13:lfclk_stop	8	static
C:/ncs/v2.2.0/zephyr/drivers/clock_control/clock_control_nrf.c:117:34:get_status	8	static
C:/ncs/v2.2.0/zephyr/drivers/clock_control/clock_control_nrf.c:327:12:stop	16	static
C:/ncs/v2.2.0/zephyr/drivers/clock_control/clock_control_nrf.c:346:12:api_stop	0	static
C:/ncs/v2.2.0/zephyr/drivers/clock_control/clock_control_nrf.c:412:13:onoff_stop	16	static
C:/ncs/v2.2.0/zephyr/drivers/clock_control/clock_control_nrf.c:636:12:clk_init	16	static
C:/ncs/v2.2.0/zephyr/drivers/clock_control/clock_control_nrf.c:171:13:clkstarted_handle.constprop	16	static
C:/ncs/v2.2.0/zephyr/drivers/clock_control/clock_control_nrf.c:567:13:clock_event_handler	8	static
C:/ncs/v2.2.0/zephyr/drivers/clock_control/clock_control_nrf.c:266:13:generic_hfclk_start	8	static
C:/ncs/v2.2.0/zephyr/drivers/clock_control/clock_control_nrf.c:386:12:api_blocking_start	32	static
C:/ncs/v2.2.0/zephyr/drivers/clock_control/clock_control_nrf.c:296:13:generic_hfclk_stop	0	static
C:/ncs/v2.2.0/zephyr/drivers/clock_control/clock_control_nrf.c:111:23:z_nrf_clock_control_get_onoff	0	static
C:/ncs/v2.2.0/zephyr/drivers/clock_control/clock_control_nrf.c:307:6:z_nrf_clock_bt_ctlr_hf_request	0	static
C:/ncs/v2.2.0/zephyr/drivers/clock_control/clock_control_nrf.c:317:6:z_nrf_clock_bt_ctlr_hf_release	0	static
C:/ncs/v2.2.0/zephyr/drivers/clock_control/clock_control_nrf.c:532:6:z_nrf_clock_control_lf_on	24	static
