C:/ncs/v2.2.0/zephyr/drivers/flash/soc_flash_nrf.c:249:13:flash_nrf_pages_layout	0	static
C:/ncs/v2.2.0/zephyr/drivers/flash/soc_flash_nrf.c:259:1:flash_nrf_get_parameters	0	static
C:/ncs/v2.2.0/zephyr/drivers/flash/soc_flash_nrf.c:339:12:erase_op	16	static
C:/ncs/v2.2.0/zephyr/drivers/flash/soc_flash_nrf.c:110:20:is_regular_addr_valid	16	static
C:/ncs/v2.2.0/zephyr/drivers/flash/soc_flash_nrf.c:130:12:flash_nrf_read.part.0	40	dynamic,bounded
C:/ncs/v2.2.0/zephyr/drivers/flash/soc_flash_nrf.c:130:12:flash_nrf_read	16	static
C:/ncs/v2.2.0/zephyr/drivers/flash/soc_flash_nrf.c:276:12:nrf_flash_init	8	static
C:/ncs/v2.2.0/zephyr/drivers/flash/soc_flash_nrf.c:411:12:write_op	16	static
C:/ncs/v2.2.0/zephyr/drivers/flash/soc_flash_nrf.c:197:12:flash_nrf_erase	112	dynamic,bounded
C:/ncs/v2.2.0/zephyr/drivers/flash/soc_flash_nrf.c:156:12:flash_nrf_write	112	dynamic,bounded
