C:/ncs/v2.2.0/modules/hal/nordic/nrfx/hal/nrf_gpio.h:989:24:nrf_gpio_pin_present_check	0	static
C:/ncs/v2.2.0/modules/hal/nordic/nrfx/drivers/src/nrfx_gpiote.c:197:13:pin_in_use_by_te	0	static
C:/ncs/v2.2.0/modules/hal/nordic/nrfx/drivers/src/nrfx_gpiote.c:208:13:pin_has_trigger	0	static
C:/ncs/v2.2.0/modules/hal/nordic/nrfx/drivers/src/nrfx_gpiote.c:221:13:pin_is_output	0	static
C:/ncs/v2.2.0/modules/hal/nordic/nrfx/drivers/src/nrfx_gpiote.c:232:13:pin_is_task_output	8	static
C:/ncs/v2.2.0/modules/hal/nordic/nrfx/drivers/src/nrfx_gpiote.c:1088:13:call_handler	16	static
C:/ncs/v2.2.0/modules/hal/nordic/nrfx/drivers/src/nrfx_gpiote.c:287:13:release_handler	8	static
C:/ncs/v2.2.0/modules/hal/nordic/nrfx/drivers/src/nrfx_gpiote.c:313:13:pin_handler_trigger_uninit	16	static
C:/ncs/v2.2.0/modules/hal/nordic/nrfx/hal/nrf_gpio.h:581:35:nrf_gpio_pin_port_decode	8	static
C:/ncs/v2.2.0/modules/hal/nordic/nrfx/hal/nrf_gpio.h:646:24:nrf_gpio_reconfigure	32	static
C:/ncs/v2.2.0/modules/hal/nordic/nrfx/hal/nrf_gpio.h:738:24:nrf_gpio_cfg_sense_set	24	static
C:/ncs/v2.2.0/modules/hal/nordic/nrfx/drivers/src/nrfx_gpiote.c:929:13:legacy_handler	8	static
C:/ncs/v2.2.0/modules/hal/nordic/nrfx/drivers/src/nrfx_gpiote.c:415:12:nrfx_gpiote_input_configure	40	static
C:/ncs/v2.2.0/modules/hal/nordic/nrfx/drivers/src/nrfx_gpiote.c:507:12:nrfx_gpiote_output_configure	40	static
C:/ncs/v2.2.0/modules/hal/nordic/nrfx/drivers/src/nrfx_gpiote.c:557:6:nrfx_gpiote_global_callback_set	0	static
C:/ncs/v2.2.0/modules/hal/nordic/nrfx/drivers/src/nrfx_gpiote.c:563:12:nrfx_gpiote_channel_get	8	static
C:/ncs/v2.2.0/modules/hal/nordic/nrfx/drivers/src/nrfx_gpiote.c:591:12:nrfx_gpiote_init	16	static
C:/ncs/v2.2.0/modules/hal/nordic/nrfx/drivers/src/nrfx_gpiote.c:620:6:nrfx_gpiote_is_init	0	static
C:/ncs/v2.2.0/modules/hal/nordic/nrfx/drivers/src/nrfx_gpiote.c:658:12:nrfx_gpiote_channel_free	0	static
C:/ncs/v2.2.0/modules/hal/nordic/nrfx/drivers/src/nrfx_gpiote.c:663:12:nrfx_gpiote_channel_alloc	0	static
C:/ncs/v2.2.0/modules/hal/nordic/nrfx/drivers/src/nrfx_gpiote.c:697:12:nrfx_gpiote_out_prealloc_init	40	static
C:/ncs/v2.2.0/modules/hal/nordic/nrfx/drivers/src/nrfx_gpiote.c:668:12:nrfx_gpiote_out_init	24	static
C:/ncs/v2.2.0/modules/hal/nordic/nrfx/drivers/src/nrfx_gpiote.c:752:6:nrfx_gpiote_out_set	16	static
C:/ncs/v2.2.0/modules/hal/nordic/nrfx/drivers/src/nrfx_gpiote.c:761:6:nrfx_gpiote_out_clear	16	static
C:/ncs/v2.2.0/modules/hal/nordic/nrfx/drivers/src/nrfx_gpiote.c:770:6:nrfx_gpiote_out_toggle	16	static
C:/ncs/v2.2.0/modules/hal/nordic/nrfx/drivers/src/nrfx_gpiote.c:778:6:nrfx_gpiote_out_task_enable	8	static
C:/ncs/v2.2.0/modules/hal/nordic/nrfx/drivers/src/nrfx_gpiote.c:788:6:nrfx_gpiote_out_task_disable	8	static
C:/ncs/v2.2.0/modules/hal/nordic/nrfx/drivers/src/nrfx_gpiote.c:797:19:nrfx_gpiote_out_task_get	8	static
C:/ncs/v2.2.0/modules/hal/nordic/nrfx/drivers/src/nrfx_gpiote.c:806:10:nrfx_gpiote_out_task_addr_get	8	static
C:/ncs/v2.2.0/modules/hal/nordic/nrfx/drivers/src/nrfx_gpiote.c:814:19:nrfx_gpiote_set_task_get	8	static
C:/ncs/v2.2.0/modules/hal/nordic/nrfx/drivers/src/nrfx_gpiote.c:823:10:nrfx_gpiote_set_task_addr_get	8	static
C:/ncs/v2.2.0/modules/hal/nordic/nrfx/drivers/src/nrfx_gpiote.c:832:19:nrfx_gpiote_clr_task_get	8	static
C:/ncs/v2.2.0/modules/hal/nordic/nrfx/drivers/src/nrfx_gpiote.c:841:10:nrfx_gpiote_clr_task_addr_get	8	static
C:/ncs/v2.2.0/modules/hal/nordic/nrfx/drivers/src/nrfx_gpiote.c:849:6:nrfx_gpiote_out_task_force	16	static
C:/ncs/v2.2.0/modules/hal/nordic/nrfx/drivers/src/nrfx_gpiote.c:860:6:nrfx_gpiote_out_task_trigger	8	static
C:/ncs/v2.2.0/modules/hal/nordic/nrfx/drivers/src/nrfx_gpiote.c:871:6:nrfx_gpiote_set_task_trigger	8	static
C:/ncs/v2.2.0/modules/hal/nordic/nrfx/drivers/src/nrfx_gpiote.c:885:6:nrfx_gpiote_clr_task_trigger	8	static
C:/ncs/v2.2.0/modules/hal/nordic/nrfx/drivers/src/nrfx_gpiote.c:936:12:nrfx_gpiote_in_prealloc_init	48	static
C:/ncs/v2.2.0/modules/hal/nordic/nrfx/drivers/src/nrfx_gpiote.c:899:12:nrfx_gpiote_in_init	32	static
C:/ncs/v2.2.0/modules/hal/nordic/nrfx/drivers/src/nrfx_gpiote.c:989:6:nrfx_gpiote_trigger_enable	24	static
C:/ncs/v2.2.0/modules/hal/nordic/nrfx/drivers/src/nrfx_gpiote.c:1011:6:nrfx_gpiote_trigger_disable	8	static
C:/ncs/v2.2.0/modules/hal/nordic/nrfx/drivers/src/nrfx_gpiote.c:331:12:nrfx_gpiote_pin_uninit	16	static
C:/ncs/v2.2.0/modules/hal/nordic/nrfx/drivers/src/nrfx_gpiote.c:733:6:nrfx_gpiote_out_uninit	16	static
C:/ncs/v2.2.0/modules/hal/nordic/nrfx/drivers/src/nrfx_gpiote.c:1026:6:nrfx_gpiote_in_uninit	16	static
C:/ncs/v2.2.0/modules/hal/nordic/nrfx/drivers/src/nrfx_gpiote.c:626:6:nrfx_gpiote_uninit	16	static
C:/ncs/v2.2.0/modules/hal/nordic/nrfx/drivers/src/nrfx_gpiote.c:1060:6:nrfx_gpiote_in_is_set	16	static
C:/ncs/v2.2.0/modules/hal/nordic/nrfx/drivers/src/nrfx_gpiote.c:1067:20:nrfx_gpiote_in_event_get	8	static
C:/ncs/v2.2.0/modules/hal/nordic/nrfx/drivers/src/nrfx_gpiote.c:1082:10:nrfx_gpiote_in_event_addr_get	8	static
C:/ncs/v2.2.0/modules/hal/nordic/nrfx/drivers/src/nrfx_gpiote.c:1316:6:nrfx_gpiote_irq_handler	64	static
