C:/ncs/v2.2.0/modules/hal/nordic/nrfx/drivers/src/nrfx_twim.c:165:13:xfer_completeness_check	0	static
C:/ncs/v2.2.0/modules/hal/nordic/nrfx/hal/nrf_gpio.h:581:35:nrf_gpio_pin_port_decode	8	static
C:/ncs/v2.2.0/modules/hal/nordic/nrfx/drivers/src/nrfx_twim.c:272:12:nrfx_twim_init	40	static
C:/ncs/v2.2.0/modules/hal/nordic/nrfx/drivers/src/nrfx_twim.c:374:6:nrfx_twim_enable	8	static
C:/ncs/v2.2.0/modules/hal/nordic/nrfx/drivers/src/nrfx_twim.c:385:6:nrfx_twim_disable	8	static
C:/ncs/v2.2.0/modules/hal/nordic/nrfx/drivers/src/nrfx_twim.c:349:6:nrfx_twim_uninit	32	static
C:/ncs/v2.2.0/modules/hal/nordic/nrfx/drivers/src/nrfx_twim.c:402:6:nrfx_twim_is_busy	0	static
C:/ncs/v2.2.0/modules/hal/nordic/nrfx/drivers/src/nrfx_twim.c:661:12:nrfx_twim_xfer	32	static
C:/ncs/v2.2.0/modules/hal/nordic/nrfx/drivers/src/nrfx_twim.c:694:10:nrfx_twim_start_task_get	0	static
C:/ncs/v2.2.0/modules/hal/nordic/nrfx/drivers/src/nrfx_twim.c:701:10:nrfx_twim_stopped_event_get	0	static
C:/ncs/v2.2.0/modules/hal/nordic/nrfx/drivers/src/nrfx_twim.c:872:6:nrfx_twim_0_irq_handler	48	static
