C:/ncs/v2.2.0/modules/hal/nordic/nrfx/drivers/src/nrfx_nvmc.c:238:13:nvmc_word_write	0	static
C:/ncs/v2.2.0/modules/hal/nordic/nrfx/drivers/src/nrfx_nvmc.c:158:22:is_valid_address	0	static
C:/ncs/v2.2.0/modules/hal/nordic/nrfx/drivers/src/nrfx_nvmc.c:177:17:partial_word_create	16	static
C:/ncs/v2.2.0/modules/hal/nordic/nrfx/drivers/src/nrfx_nvmc.c:260:12:nrfx_nvmc_page_erase	8	static
C:/ncs/v2.2.0/modules/hal/nordic/nrfx/drivers/src/nrfx_nvmc.c:278:12:nrfx_nvmc_uicr_erase	0	static
C:/ncs/v2.2.0/modules/hal/nordic/nrfx/drivers/src/nrfx_nvmc.c:292:6:nrfx_nvmc_all_erase	0	static
C:/ncs/v2.2.0/modules/hal/nordic/nrfx/drivers/src/nrfx_nvmc.c:302:12:nrfx_nvmc_page_partial_erase_init	8	static
C:/ncs/v2.2.0/modules/hal/nordic/nrfx/drivers/src/nrfx_nvmc.c:318:6:nrfx_nvmc_page_partial_erase_continue	16	static
C:/ncs/v2.2.0/modules/hal/nordic/nrfx/drivers/src/nrfx_nvmc.c:348:6:nrfx_nvmc_byte_writable_check	16	static
C:/ncs/v2.2.0/modules/hal/nordic/nrfx/drivers/src/nrfx_nvmc.c:374:6:nrfx_nvmc_word_writable_check	16	static
C:/ncs/v2.2.0/modules/hal/nordic/nrfx/drivers/src/nrfx_nvmc.c:402:6:nrfx_nvmc_word_write	24	static
C:/ncs/v2.2.0/modules/hal/nordic/nrfx/drivers/src/nrfx_nvmc.c:383:6:nrfx_nvmc_byte_write	16	static
C:/ncs/v2.2.0/modules/hal/nordic/nrfx/drivers/src/nrfx_nvmc.c:392:6:nrfx_nvmc_halfword_write	16	static
C:/ncs/v2.2.0/modules/hal/nordic/nrfx/drivers/src/nrfx_nvmc.c:414:6:nrfx_nvmc_bytes_write	32	static
C:/ncs/v2.2.0/modules/hal/nordic/nrfx/drivers/src/nrfx_nvmc.c:476:6:nrfx_nvmc_words_write	24	static
C:/ncs/v2.2.0/modules/hal/nordic/nrfx/drivers/src/nrfx_nvmc.c:489:10:nrfx_nvmc_otp_halfword_read	8	static
C:/ncs/v2.2.0/modules/hal/nordic/nrfx/drivers/src/nrfx_nvmc.c:356:6:nrfx_nvmc_halfword_writable_check	16	static
C:/ncs/v2.2.0/modules/hal/nordic/nrfx/drivers/src/nrfx_nvmc.c:500:10:nrfx_nvmc_flash_size_get	0	static
C:/ncs/v2.2.0/modules/hal/nordic/nrfx/drivers/src/nrfx_nvmc.c:505:10:nrfx_nvmc_flash_page_size_get	0	static
C:/ncs/v2.2.0/modules/hal/nordic/nrfx/drivers/src/nrfx_nvmc.c:510:10:nrfx_nvmc_flash_page_count_get	0	static
