C:/ncs/v2.2.0/zephyr/drivers/timer/nrf_rtc_timer.c:403:13:sys_clock_timeout_handler	24	static
C:/ncs/v2.2.0/zephyr/drivers/timer/nrf_rtc_timer.c:121:10:z_nrf_rtc_timer_compare_evt_address_get	8	static
C:/ncs/v2.2.0/zephyr/drivers/timer/nrf_rtc_timer.c:127:10:z_nrf_rtc_timer_capture_task_address_get	0	static
C:/ncs/v2.2.0/zephyr/drivers/timer/nrf_rtc_timer.c:157:6:z_nrf_rtc_timer_compare_int_lock	8	static
C:/ncs/v2.2.0/zephyr/drivers/timer/nrf_rtc_timer.c:175:6:z_nrf_rtc_timer_compare_int_unlock	8	static
C:/ncs/v2.2.0/zephyr/drivers/timer/nrf_rtc_timer.c:182:10:z_nrf_rtc_timer_compare_read	8	static
C:/ncs/v2.2.0/zephyr/drivers/timer/nrf_rtc_timer.c:329:5:z_nrf_rtc_timer_set	8	static
C:/ncs/v2.2.0/zephyr/drivers/timer/nrf_rtc_timer.c:338:6:z_nrf_rtc_timer_abort	8	static
C:/ncs/v2.2.0/zephyr/drivers/timer/nrf_rtc_timer.c:352:10:z_nrf_rtc_timer_read	0	static
C:/ncs/v2.2.0/zephyr/drivers/timer/nrf_rtc_timer.c:189:10:z_nrf_rtc_timer_get_ticks	40	static
C:/ncs/v2.2.0/zephyr/drivers/timer/nrf_rtc_timer.c:507:6:rtc_nrf_isr	40	static
C:/ncs/v2.2.0/zephyr/drivers/timer/nrf_rtc_timer.c:314:12:compare_set.constprop.isra	48	static
C:/ncs/v2.2.0/zephyr/drivers/timer/nrf_rtc_timer.c:601:12:sys_clock_driver_init	16	static
C:/ncs/v2.2.0/zephyr/drivers/timer/nrf_rtc_timer.c:522:9:z_nrf_rtc_timer_chan_alloc	16	static
C:/ncs/v2.2.0/zephyr/drivers/timer/nrf_rtc_timer.c:537:6:z_nrf_rtc_timer_chan_free	8	static
C:/ncs/v2.2.0/zephyr/drivers/timer/nrf_rtc_timer.c:545:6:sys_clock_set_timeout	8	static
C:/ncs/v2.2.0/zephyr/drivers/timer/nrf_rtc_timer.c:587:10:sys_clock_elapsed	8	static
C:/ncs/v2.2.0/zephyr/drivers/timer/nrf_rtc_timer.c:596:10:sys_clock_cycle_get_32	8	static
