C:/ncs/v2.2.0/modules/lib/gui/lvgl/src/extra/widgets/menu/lv_menu.c:521:13:lv_menu_destructor	0	static
C:/ncs/v2.2.0/modules/lib/gui/lvgl/src/extra/widgets/menu/lv_menu.c:566:13:lv_menu_section_constructor	8	static
C:/ncs/v2.2.0/modules/lib/gui/lvgl/src/extra/widgets/menu/lv_menu.c:558:13:lv_menu_cont_constructor	8	static
C:/ncs/v2.2.0/modules/lib/gui/lvgl/src/extra/widgets/menu/lv_menu.c:454:13:lv_menu_constructor	16	static
C:/ncs/v2.2.0/modules/lib/gui/lvgl/src/extra/widgets/menu/lv_menu.c:725:13:lv_menu_value_changed_event_cb	8	static
C:/ncs/v2.2.0/modules/lib/gui/lvgl/src/extra/widgets/menu/lv_menu.c:546:13:lv_menu_page_destructor	8	static
C:/ncs/v2.2.0/modules/lib/gui/lvgl/src/extra/widgets/menu/lv_menu.c:680:13:lv_menu_obj_del_event_cb	8	static
C:/ncs/v2.2.0/modules/lib/gui/lvgl/src/extra/widgets/menu/lv_menu.c:534:13:lv_menu_page_constructor	8	static
C:/ncs/v2.2.0/modules/lib/gui/lvgl/src/extra/widgets/menu/lv_menu.c:608:13:lv_menu_refr_main_header_mode	8	static
C:/ncs/v2.2.0/modules/lib/gui/lvgl/src/extra/widgets/menu/lv_menu.c:573:13:lv_menu_refr_sidebar_header_mode	8	static
C:/ncs/v2.2.0/modules/lib/gui/lvgl/src/extra/widgets/menu/lv_menu.c:112:12:lv_menu_create	8	static
C:/ncs/v2.2.0/modules/lib/gui/lvgl/src/extra/widgets/menu/lv_menu.c:120:12:lv_menu_page_create	16	static
C:/ncs/v2.2.0/modules/lib/gui/lvgl/src/extra/widgets/menu/lv_menu.c:132:12:lv_menu_cont_create	8	static
C:/ncs/v2.2.0/modules/lib/gui/lvgl/src/extra/widgets/menu/lv_menu.c:140:12:lv_menu_section_create	8	static
C:/ncs/v2.2.0/modules/lib/gui/lvgl/src/extra/widgets/menu/lv_menu.c:148:12:lv_menu_separator_create	8	static
C:/ncs/v2.2.0/modules/lib/gui/lvgl/src/extra/widgets/menu/lv_menu.c:326:6:lv_menu_set_mode_header	8	static
C:/ncs/v2.2.0/modules/lib/gui/lvgl/src/extra/widgets/menu/lv_menu.c:351:6:lv_menu_set_load_page_event	24	static
C:/ncs/v2.2.0/modules/lib/gui/lvgl/src/extra/widgets/menu/lv_menu.c:375:12:lv_menu_get_cur_main_page	0	static
C:/ncs/v2.2.0/modules/lib/gui/lvgl/src/extra/widgets/menu/lv_menu.c:383:12:lv_menu_get_cur_sidebar_page	0	static
C:/ncs/v2.2.0/modules/lib/gui/lvgl/src/extra/widgets/menu/lv_menu.c:391:12:lv_menu_get_main_header	0	static
C:/ncs/v2.2.0/modules/lib/gui/lvgl/src/extra/widgets/menu/lv_menu.c:399:12:lv_menu_get_main_header_back_btn	0	static
C:/ncs/v2.2.0/modules/lib/gui/lvgl/src/extra/widgets/menu/lv_menu.c:407:12:lv_menu_get_sidebar_header	0	static
C:/ncs/v2.2.0/modules/lib/gui/lvgl/src/extra/widgets/menu/lv_menu.c:415:12:lv_menu_get_sidebar_header_back_btn	0	static
C:/ncs/v2.2.0/modules/lib/gui/lvgl/src/extra/widgets/menu/lv_menu.c:423:6:lv_menu_back_btn_is_root	0	static
C:/ncs/v2.2.0/modules/lib/gui/lvgl/src/extra/widgets/menu/lv_menu.c:438:6:lv_menu_clear_history	8	static
C:/ncs/v2.2.0/modules/lib/gui/lvgl/src/extra/widgets/menu/lv_menu.c:184:6:lv_menu_set_page	16	static
C:/ncs/v2.2.0/modules/lib/gui/lvgl/src/extra/widgets/menu/lv_menu.c:686:13:lv_menu_back_event_cb	24	static
C:/ncs/v2.2.0/modules/lib/gui/lvgl/src/extra/widgets/menu/lv_menu.c:156:6:lv_menu_refr	24	static
C:/ncs/v2.2.0/modules/lib/gui/lvgl/src/extra/widgets/menu/lv_menu.c:263:6:lv_menu_set_sidebar_page	24	static
C:/ncs/v2.2.0/modules/lib/gui/lvgl/src/extra/widgets/menu/lv_menu.c:339:6:lv_menu_set_mode_root_back_btn	4	static
C:/ncs/v2.2.0/modules/lib/gui/lvgl/src/extra/widgets/menu/lv_menu.c:644:13:lv_menu_load_page_event_cb	16	static
