C:/ncs/v2.2.0/zephyr/include/zephyr/logging/log_msg.h:586:24:log_msg_generic_get_wlen	0	static
C:/ncs/v2.2.0/zephyr/subsys/logging/log_core.c:142:24:dummy_timestamp	0	static
C:/ncs/v2.2.0/zephyr/subsys/logging/log_core.c:208:24:default_get_timestamp	0	static
C:/ncs/v2.2.0/zephyr/include/zephyr/sys/atomic_builtin.h:123:28:atomic_inc	0	static
C:/ncs/v2.2.0/zephyr/subsys/logging/log_core.c:887:12:enable_logger	48	static
C:/ncs/v2.2.0/zephyr/subsys/logging/log_core.c:249:17:activate_foreach_backend	32	static
C:/ncs/v2.2.0/zephyr/subsys/logging/log_core.c:269:17:z_log_init	32	static
C:/ncs/v2.2.0/zephyr/subsys/logging/log_core.c:832:13:log_process_thread_timer_expiry_fn	0	static
C:/ncs/v2.2.0/zephyr/subsys/logging/log_core.c:83:19:log_format_func_t_get	0	static
C:/ncs/v2.2.0/zephyr/subsys/logging/log_core.c:88:8:log_format_table_size	0	static
C:/ncs/v2.2.0/zephyr/subsys/logging/log_core.c:147:17:z_log_timestamp	0	static
C:/ncs/v2.2.0/zephyr/subsys/logging/log_core.c:180:27:log_format_set_all_active_backends	24	static
C:/ncs/v2.2.0/zephyr/subsys/logging/log_core.c:196:6:z_log_vprintk	24	static
C:/ncs/v2.2.0/zephyr/subsys/logging/log_core.c:322:6:log_init	0	static
C:/ncs/v2.2.0/zephyr/subsys/logging/log_core.c:342:6:log_thread_set	8	static
C:/ncs/v2.2.0/zephyr/subsys/logging/log_core.c:351:5:log_set_timestamp_func	8	static
C:/ncs/v2.2.0/zephyr/subsys/logging/log_core.c:468:6:unordered_notify	40	dynamic,bounded
C:/ncs/v2.2.0/zephyr/subsys/logging/log_core.c:475:6:z_log_notify_backend_enabled	8	static
C:/ncs/v2.2.0/zephyr/subsys/logging/log_core.c:550:10:z_impl_log_buffered_cnt	0	static
C:/ncs/v2.2.0/zephyr/subsys/logging/log_core.c:563:6:z_log_dropped	8	static
C:/ncs/v2.2.0/zephyr/include/zephyr/logging/log_internal.h:135:20:z_log_notify_drop	0	static
C:/ncs/v2.2.0/zephyr/subsys/logging/log_core.c:571:10:z_log_dropped_read_and_clear	0	static
C:/ncs/v2.2.0/zephyr/subsys/logging/log_core.c:457:6:dropped_notify	16	static
C:/ncs/v2.2.0/zephyr/subsys/logging/log_core.c:576:6:z_log_dropped_pending	0	static
C:/ncs/v2.2.0/zephyr/subsys/logging/log_core.c:581:6:z_log_msg_init	8	static
C:/ncs/v2.2.0/zephyr/subsys/logging/log_core.c:220:6:log_core_init	8	static
C:/ncs/v2.2.0/zephyr/subsys/logging/log_core.c:597:17:z_log_msg_alloc	0	static
C:/ncs/v2.2.0/zephyr/subsys/logging/log_core.c:622:24:z_log_msg_local_claim	0	static
C:/ncs/v2.2.0/zephyr/subsys/logging/log_core.c:628:24:z_log_msg_claim_oldest	40	static
C:/ncs/v2.2.0/zephyr/subsys/logging/log_core.c:692:24:z_log_msg_claim	0	static
C:/ncs/v2.2.0/zephyr/subsys/logging/log_core.c:711:6:z_log_msg_free	0	static
C:/ncs/v2.2.0/zephyr/subsys/logging/log_core.c:721:6:z_log_msg_pending	0	static
C:/ncs/v2.2.0/zephyr/subsys/logging/log_core.c:492:6:z_impl_log_process	16	static
C:/ncs/v2.2.0/zephyr/subsys/logging/log_core.c:370:6:z_impl_log_panic	16	static
C:/ncs/v2.2.0/zephyr/subsys/logging/log_core.c:837:13:log_process_thread_func	32	static
C:/ncs/v2.2.0/zephyr/subsys/logging/log_core.c:152:13:z_log_msg_post_finalize	16	static
C:/ncs/v2.2.0/zephyr/subsys/logging/log_core.c:616:6:z_log_msg_commit	8	static
C:/ncs/v2.2.0/zephyr/subsys/logging/log_core.c:751:6:z_log_msg_enqueue	24	static
C:/ncs/v2.2.0/zephyr/subsys/logging/log_core.c:770:13:z_log_get_tag	0	static
C:/ncs/v2.2.0/zephyr/subsys/logging/log_core.c:775:5:log_set_tag	0	static
C:/ncs/v2.2.0/zephyr/subsys/logging/log_core.c:799:5:log_mem_get_usage	8	static
C:/ncs/v2.2.0/zephyr/subsys/logging/log_core.c:813:5:log_mem_get_max_usage	8	static
