C:/ncs/v2.2.0/zephyr/subsys/logging/log_output.c:149:13:buffer_write	24	static
C:/ncs/v2.2.0/zephyr/include/zephyr/sys/cbprintf.h:715:5:cbvprintf	16	static
C:/ncs/v2.2.0/zephyr/subsys/logging/log_output.c:136:12:print_formatted	12	static
C:/ncs/v2.2.0/zephyr/subsys/logging/log_output.c:345:13:newline_print	0	static
C:/ncs/v2.2.0/zephyr/subsys/logging/log_output.c:162:6:log_output_flush	8	static
C:/ncs/v2.2.0/zephyr/subsys/logging/log_output.c:100:12:out_func	16	static
C:/ncs/v2.2.0/zephyr/subsys/logging/log_output.c:126:12:cr_out_func	16	static
C:/ncs/v2.2.0/zephyr/subsys/logging/log_output.c:482:6:log_output_process	72	static
C:/ncs/v2.2.0/zephyr/subsys/logging/log_output.c:526:6:log_output_msg_process	48	static
C:/ncs/v2.2.0/zephyr/subsys/logging/log_output.c:558:6:log_output_dropped_process	24	static
C:/ncs/v2.2.0/zephyr/subsys/logging/log_output.c:577:6:log_output_timestamp_freq_set	0	static
C:/ncs/v2.2.0/zephyr/subsys/logging/log_output.c:591:10:log_output_timestamp_to_us	8	static
