C:/ncs/v2.2.0/zephyr/subsys/logging/log_mgmt.c:56:13:domain_id_cmp	0	static
C:/ncs/v2.2.0/zephyr/subsys/logging/log_mgmt.c:61:13:source_id_cmp	0	static
C:/ncs/v2.2.0/zephyr/subsys/logging/log_mgmt.c:82:31:get_link_domain	16	static
C:/ncs/v2.2.0/zephyr/subsys/logging/log_mgmt.c:119:11:z_log_link_get_dynamic_filter	16	static
C:/ncs/v2.2.0/zephyr/subsys/logging/log_mgmt.c:172:9:z_log_ext_domain_count	8	static
C:/ncs/v2.2.0/zephyr/subsys/logging/log_mgmt.c:193:10:log_src_cnt_get	0	static
C:/ncs/v2.2.0/zephyr/subsys/logging/log_mgmt.c:238:13:log_source_name_get	0	static
C:/ncs/v2.2.0/zephyr/subsys/logging/log_mgmt.c:283:13:log_domain_name_get	0	static
C:/ncs/v2.2.0/zephyr/subsys/logging/log_mgmt.c:304:9:log_compiled_level_get	0	static
C:/ncs/v2.2.0/zephyr/subsys/logging/log_mgmt.c:317:5:z_log_link_set_runtime_level	24	static
C:/ncs/v2.2.0/zephyr/subsys/logging/log_mgmt.c:336:6:z_log_runtime_filters_init	12	static
C:/ncs/v2.2.0/zephyr/subsys/logging/log_mgmt.c:358:5:log_source_id_get	24	static
C:/ncs/v2.2.0/zephyr/subsys/logging/log_mgmt.c:409:10:z_impl_log_filter_set	0	static
C:/ncs/v2.2.0/zephyr/subsys/logging/log_mgmt.c:498:27:log_backend_get_by_name	16	static
C:/ncs/v2.2.0/zephyr/subsys/logging/log_mgmt.c:509:6:log_backend_enable	8	static
C:/ncs/v2.2.0/zephyr/subsys/logging/log_mgmt.c:526:6:log_backend_disable	8	static
C:/ncs/v2.2.0/zephyr/subsys/logging/log_mgmt.c:535:10:log_filter_get	8	static
C:/ncs/v2.2.0/zephyr/subsys/logging/log_mgmt.c:552:6:z_log_links_initiate	16	static
C:/ncs/v2.2.0/zephyr/subsys/logging/log_mgmt.c:582:10:z_log_links_activate	32	static
