c:\ncs\v2.2.0\modules\lib\gui\lvgl\src\misc\lv_mem.h:164:20:lv_memset_00	0	static
C:/ncs/v2.2.0/modules/lib/gui/lvgl/src/hal/lv_hal_indev.c:57:6:lv_indev_drv_init	8	static
C:/ncs/v2.2.0/modules/lib/gui/lvgl/src/hal/lv_hal_indev.c:76:14:lv_indev_drv_register	16	static
C:/ncs/v2.2.0/modules/lib/gui/lvgl/src/hal/lv_hal_indev.c:107:6:lv_indev_drv_update	16	static
C:/ncs/v2.2.0/modules/lib/gui/lvgl/src/hal/lv_hal_indev.c:134:6:lv_indev_delete	8	static
C:/ncs/v2.2.0/modules/lib/gui/lvgl/src/hal/lv_hal_indev.c:153:14:lv_indev_get_next	0	static
C:/ncs/v2.2.0/modules/lib/gui/lvgl/src/hal/lv_hal_indev.c:166:6:_lv_indev_read	16	static
