C:/ncs/v2.2.0/zephyr/drivers/spi/spi_nrfx_spi.c:427:1:irq_connect1	0	static
C:/ncs/v2.2.0/zephyr/drivers/spi/spi_context.h:266:21:spi_context_get_next_buf.constprop	8	static
C:/Users/jp/repos/ZSWatch/app/build/zephyr/include/generated/syscalls/log_msg.h:24:20:z_log_msg_static_create.constprop	0	static
C:/ncs/v2.2.0/zephyr/include/zephyr/drivers/pinctrl.h:342:19:pinctrl_apply_state	16	static
C:/ncs/v2.2.0/zephyr/drivers/spi/spi_nrfx_spi.c:279:12:spi_nrfx_pm_action	16	static
C:/ncs/v2.2.0/zephyr/include/zephyr/drivers/gpio.h:1340:19:gpio_pin_set_dt.isra	8	static
C:/ncs/v2.2.0/zephyr/drivers/spi/spi_context.h:231:20:_spi_context_cs_control	16	static
C:/ncs/v2.2.0/zephyr/drivers/spi/spi_context.h:255:20:spi_context_unlock_unconditionally	8	static
C:/ncs/v2.2.0/zephyr/drivers/spi/spi_nrfx_spi.c:252:12:spi_nrfx_release	8	static
C:/ncs/v2.2.0/zephyr/drivers/spi/spi_nrfx_spi.c:323:12:spi_nrfx_init	72	dynamic,bounded
C:/ncs/v2.2.0/zephyr/drivers/spi/spi_nrfx_spi.c:155:13:transfer_next_chunk	32	static
C:/ncs/v2.2.0/zephyr/drivers/spi/spi_nrfx_spi.c:190:13:event_handler	32	static
C:/ncs/v2.2.0/zephyr/drivers/spi/spi_nrfx_spi.c:232:12:spi_nrfx_transceive	144	dynamic,bounded
