C:/ncs/v2.2.0/zephyr/subsys/fs/nvs/nvs.c:149:12:nvs_flash_rd	12	static
C:/ncs/v2.2.0/zephyr/subsys/fs/nvs/nvs.c:529:13:nvs_sector_advance	0	static
C:/ncs/v2.2.0/zephyr/subsys/fs/nvs/nvs.c:207:12:nvs_flash_block_cmp	64	static
C:/ncs/v2.2.0/zephyr/subsys/fs/nvs/nvs.c:324:13:nvs_ate_crc8_update	8	static
C:/ncs/v2.2.0/zephyr/subsys/fs/nvs/nvs.c:239:12:nvs_flash_cmp_const	56	static
C:/ncs/v2.2.0/zephyr/subsys/fs/nvs/nvs.c:293:12:nvs_flash_erase_sector	16	static
C:/Users/jp/repos/ZSWatch/app/build/zephyr/include/generated/syscalls/log_msg.h:24:20:z_log_msg_static_create.constprop	0	static
C:/ncs/v2.2.0/zephyr/subsys/fs/nvs/nvs.c:93:22:nvs_al_size.isra	0	static
C:/ncs/v2.2.0/zephyr/subsys/fs/nvs/nvs.c:368:12:nvs_ate_valid	16	static
C:/ncs/v2.2.0/zephyr/subsys/fs/nvs/nvs.c:439:12:nvs_recover_last_ate	40	static
C:/ncs/v2.2.0/zephyr/subsys/fs/nvs/nvs.c:388:12:nvs_close_ate_valid	16	static
C:/ncs/v2.2.0/zephyr/subsys/fs/nvs/nvs.c:474:12:nvs_prev_ate	32	static
C:/ncs/v2.2.0/zephyr/subsys/fs/nvs/nvs.c:106:12:nvs_flash_al_wrt	64	static
C:/ncs/v2.2.0/zephyr/subsys/fs/nvs/nvs.c:164:12:nvs_flash_ate_wrt	8	static
C:/ncs/v2.2.0/zephyr/subsys/fs/nvs/nvs.c:566:12:nvs_add_gc_done_ate	16	static
C:/ncs/v2.2.0/zephyr/subsys/fs/nvs/nvs.c:583:12:nvs_gc	120	static
C:/ncs/v2.2.0/zephyr/subsys/fs/nvs/nvs.c:907:5:nvs_clear	40	static
C:/ncs/v2.2.0/zephyr/subsys/fs/nvs/nvs.c:931:5:nvs_mount	192	dynamic,bounded
C:/ncs/v2.2.0/zephyr/subsys/fs/nvs/nvs.c:990:9:nvs_write	88	static
C:/ncs/v2.2.0/zephyr/subsys/fs/nvs/nvs.c:1108:5:nvs_delete	0	static
C:/ncs/v2.2.0/zephyr/subsys/fs/nvs/nvs.c:1113:9:nvs_read_hist	64	static
C:/ncs/v2.2.0/zephyr/subsys/fs/nvs/nvs.c:1179:9:nvs_read	16	static
C:/ncs/v2.2.0/zephyr/subsys/fs/nvs/nvs.c:1187:9:nvs_calc_free_space	64	static
