C:/ncs/v2.2.0/zephyr/subsys/bluetooth/controller/ll_sw/nordic/lll/lll_adv.c:773:12:init_reset	8	static
C:/ncs/v2.2.0/zephyr/subsys/bluetooth/controller/ll_sw/nordic/lll/lll_adv.c:1396:13:isr_abort	8	static
C:/ncs/v2.2.0/zephyr/subsys/bluetooth/controller/ll_sw/nordic/lll/lll_adv.c:1129:13:isr_tx	16	static
C:/ncs/v2.2.0/zephyr/subsys/bluetooth/controller/ll_sw/nordic/lll/lll_adv.c:1067:12:is_abort_cb	8	static
C:/ncs/v2.2.0/zephyr/subsys/bluetooth/controller/ll_sw/nordic/lll/lll_adv.c:1409:13:isr_abort_all	8	static
C:/ncs/v2.2.0/zephyr/subsys/bluetooth/controller/ll_sw/nordic/lll/lll_adv.c:1105:13:abort_cb	8	static
C:/ncs/v2.2.0/zephyr/subsys/bluetooth/controller/ll_sw/nordic/lll/lll_adv.c:208:5:lll_adv_init	8	static
C:/ncs/v2.2.0/zephyr/subsys/bluetooth/controller/ll_sw/nordic/lll/lll_adv.c:235:5:lll_adv_reset	8	static
C:/ncs/v2.2.0/zephyr/subsys/bluetooth/controller/ll_sw/nordic/lll/lll_adv.c:262:5:lll_adv_data_init	8	static
C:/ncs/v2.2.0/zephyr/subsys/bluetooth/controller/ll_sw/nordic/lll/lll_adv.c:281:5:lll_adv_data_reset	0	static
C:/ncs/v2.2.0/zephyr/subsys/bluetooth/controller/ll_sw/nordic/lll/lll_adv.c:305:5:lll_adv_data_dequeue	16	static
C:/ncs/v2.2.0/zephyr/subsys/bluetooth/controller/ll_sw/nordic/lll/lll_adv.c:328:5:lll_adv_data_release	16	static
C:/ncs/v2.2.0/zephyr/subsys/bluetooth/controller/ll_sw/nordic/lll/lll_adv.c:410:17:lll_adv_pdu_alloc_pdu_adv	16	static
C:/ncs/v2.2.0/zephyr/subsys/bluetooth/controller/ll_sw/nordic/lll/lll_adv.c:353:17:lll_adv_pdu_alloc	8	static
C:/ncs/v2.2.0/zephyr/subsys/bluetooth/controller/ll_sw/nordic/lll/lll_adv.c:450:6:lll_adv_pdu_linked_release_all	16	static
C:/ncs/v2.2.0/zephyr/subsys/bluetooth/controller/ll_sw/nordic/lll/lll_adv.c:465:17:lll_adv_pdu_latest_get	40	static
C:/ncs/v2.2.0/zephyr/subsys/bluetooth/controller/ll_sw/nordic/lll/lll_adv.c:1431:24:chan_prepare	24	static
C:/ncs/v2.2.0/zephyr/subsys/bluetooth/controller/ll_sw/nordic/lll/lll_adv.c:926:12:prepare_cb	32	static
C:/ncs/v2.2.0/zephyr/subsys/bluetooth/controller/ll_sw/nordic/lll/lll_adv.c:1054:12:resume_prepare_cb	16	static
C:/ncs/v2.2.0/zephyr/subsys/bluetooth/controller/ll_sw/nordic/lll/lll_adv.c:1276:13:isr_done	16	static
C:/ncs/v2.2.0/zephyr/subsys/bluetooth/controller/ll_sw/nordic/lll/lll_adv.c:521:5:lll_adv_and_extra_data_init	16	static
C:/ncs/v2.2.0/zephyr/subsys/bluetooth/controller/ll_sw/nordic/lll/lll_adv.c:547:5:lll_adv_and_extra_data_release	24	static
C:/ncs/v2.2.0/zephyr/subsys/bluetooth/controller/ll_sw/nordic/lll/lll_adv.c:574:17:lll_adv_pdu_and_extra_data_alloc	24	static
C:/ncs/v2.2.0/zephyr/subsys/bluetooth/controller/ll_sw/nordic/lll/lll_adv.c:599:17:lll_adv_pdu_and_extra_data_latest_get	48	static
C:/ncs/v2.2.0/zephyr/subsys/bluetooth/controller/ll_sw/nordic/lll/lll_adv.c:677:6:lll_adv_prepare	16	static
C:/ncs/v2.2.0/zephyr/subsys/bluetooth/controller/ll_sw/nordic/lll/lll_adv.c:688:6:lll_adv_scan_req_check	8	static
C:/ncs/v2.2.0/zephyr/subsys/bluetooth/controller/ll_sw/nordic/lll/lll_adv.c:708:5:lll_adv_scan_req_report	16	static
C:/ncs/v2.2.0/zephyr/subsys/bluetooth/controller/ll_sw/nordic/lll/lll_adv.c:736:6:lll_adv_connect_ind_check	24	static
C:/ncs/v2.2.0/zephyr/subsys/bluetooth/controller/ll_sw/nordic/lll/lll_adv.c:1216:13:isr_rx	72	static
