C:/ncs/v2.2.0/modules/fs/littlefs/lfs.c:275:20:lfs_pair_isnull	0	static
C:/ncs/v2.2.0/modules/fs/littlefs/lfs.c:279:19:lfs_pair_cmp	8	static
C:/ncs/v2.2.0/modules/fs/littlefs/lfs.c:352:26:lfs_tag_dsize	0	static
C:/ncs/v2.2.0/modules/fs/littlefs/lfs.c:372:20:lfs_gstate_xor	8	static
C:/ncs/v2.2.0/modules/fs/littlefs/lfs.c:401:20:lfs_gstate_hasmovehere	8	static
C:/ncs/v2.2.0/modules/fs/littlefs/lfs.c:455:13:lfs_mlist_isopen	0	static
C:/ncs/v2.2.0/modules/fs/littlefs/lfs.c:534:12:lfs_alloc_lookahead	8	static
C:/ncs/v2.2.0/modules/fs/littlefs/lfs.c:742:12:lfs_dir_traverse_filter	12	static
C:/ncs/v2.2.0/modules/fs/littlefs/lfs.c:1707:12:lfs_dir_commit_size	8	static
C:/ncs/v2.2.0/modules/fs/littlefs/lfs.c:4630:12:lfs_fs_size_count	0	static
C:/ncs/v2.2.0/modules/fs/littlefs/lfs.c:4021:12:lfs_deinit	8	static
C:/ncs/v2.2.0/modules/fs/littlefs/lfs.c:4435:12:lfs_fs_preporphans	8	static
C:/ncs/v2.2.0/modules/fs/littlefs/lfs.c:48:12:lfs_bd_read	64	static
C:/ncs/v2.2.0/modules/fs/littlefs/lfs.c:611:19:lfs_dir_getslice	64	static
C:/ncs/v2.2.0/modules/fs/littlefs/lfs.c:673:19:lfs_dir_get	24	static
C:/ncs/v2.2.0/modules/fs/littlefs/lfs.c:1247:12:lfs_dir_getgstate	40	static
C:/ncs/v2.2.0/modules/fs/littlefs/lfs.c:1265:12:lfs_dir_getinfo	40	static
C:/ncs/v2.2.0/modules/fs/littlefs/lfs.c:4385:12:lfs_fs_parent_match	40	static
C:/ncs/v2.2.0/modules/fs/littlefs/lfs.c:802:12:lfs_dir_traverse.constprop	208	static
C:/ncs/v2.2.0/modules/fs/littlefs/lfs.c:680:12:lfs_dir_getread.constprop	56	static
C:/ncs/v2.2.0/modules/fs/littlefs/lfs.c:131:12:lfs_bd_cmp.constprop	64	static
C:/ncs/v2.2.0/modules/fs/littlefs/lfs.c:1305:12:lfs_dir_find_match	32	static
C:/Users/jp/repos/ZSWatch/app/build/zephyr/include/generated/syscalls/log_msg.h:24:20:z_log_msg_static_create.constprop	0	static
C:/ncs/v2.2.0/modules/fs/littlefs/lfs.c:1002:19:lfs_dir_fetchmatch	160	dynamic,bounded
C:/ncs/v2.2.0/modules/fs/littlefs/lfs.c:4406:19:lfs_fs_parent	64	static
C:/ncs/v2.2.0/modules/fs/littlefs/lfs.c:1239:12:lfs_dir_fetch	24	static
C:/ncs/v2.2.0/modules/fs/littlefs/lfs.c:4350:12:lfs_fs_pred	24	static
C:/ncs/v2.2.0/modules/fs/littlefs/lfs.c:1329:19:lfs_dir_find	88	static
C:/ncs/v2.2.0/modules/fs/littlefs/lfs.c:2649:12:lfs_ctz_index.isra	24	static
C:/ncs/v2.2.0/modules/fs/littlefs/lfs.c:2662:12:lfs_ctz_find.constprop	72	static
C:/ncs/v2.2.0/modules/fs/littlefs/lfs.c:3251:20:lfs_file_flushedread	56	static
C:/ncs/v2.2.0/modules/fs/littlefs/lfs.c:2796:12:lfs_ctz_traverse	72	static
C:/ncs/v2.2.0/modules/fs/littlefs/lfs.c:4251:5:lfs_fs_rawtraverse	104	static
C:/ncs/v2.2.0/modules/fs/littlefs/lfs.c:4637:20:lfs_fs_rawsize	16	static
C:/ncs/v2.2.0/modules/fs/littlefs/lfs.c:258:12:lfs_bd_erase.isra	8	static
C:/ncs/v2.2.0/modules/fs/littlefs/lfs.c:42:20:lfs_cache_zero.isra	8	static
C:/ncs/v2.2.0/modules/fs/littlefs/lfs.c:3912:12:lfs_init	16	static
C:/ncs/v2.2.0/modules/fs/littlefs/lfs.c:159:12:lfs_bd_flush	48	static
C:/ncs/v2.2.0/modules/fs/littlefs/lfs.c:210:12:lfs_bd_prog	48	static
C:/ncs/v2.2.0/modules/fs/littlefs/lfs.c:1441:12:lfs_dir_commitprog	40	static
C:/ncs/v2.2.0/modules/fs/littlefs/lfs.c:1458:12:lfs_dir_commitattr	64	static
C:/ncs/v2.2.0/modules/fs/littlefs/lfs.c:1724:12:lfs_dir_commit_commit	0	static
C:/ncs/v2.2.0/modules/fs/littlefs/lfs.c:1505:12:lfs_dir_commitcrc	80	static
C:/ncs/v2.2.0/modules/fs/littlefs/lfs.c:563:12:lfs_alloc	64	dynamic,bounded
C:/ncs/v2.2.0/modules/fs/littlefs/lfs.c:1607:12:lfs_dir_alloc	32	static
C:/ncs/v2.2.0/modules/fs/littlefs/lfs.c:3034:12:lfs_file_relocate	64	static
C:/ncs/v2.2.0/modules/fs/littlefs/lfs.c:3331:20:lfs_file_flushedwrite	104	static
C:/ncs/v2.2.0/modules/fs/littlefs/lfs.c:3118:12:lfs_file_flush	112	static
C:/ncs/v2.2.0/modules/fs/littlefs/lfs.c:3419:20:lfs_file_rawwrite	40	static
C:/ncs/v2.2.0/modules/fs/littlefs/lfs.c:1744:12:lfs_dir_compact	176	dynamic,bounded
C:/ncs/v2.2.0/modules/fs/littlefs/lfs.c:1672:12:lfs_dir_split	80	static
C:/ncs/v2.2.0/modules/fs/littlefs/lfs.c:3463:19:lfs_file_rawseek	32	static
C:/ncs/v2.2.0/modules/fs/littlefs/lfs.c:2013:12:lfs_dir_relocatingcommit	216	dynamic,bounded
C:/ncs/v2.2.0/modules/fs/littlefs/lfs.c:2184:12:lfs_dir_orphaningcommit	152	static
C:/ncs/v2.2.0/modules/fs/littlefs/lfs.c:4488:12:lfs_fs_deorphan	160	static
C:/ncs/v2.2.0/modules/fs/littlefs/lfs.c:2377:12:lfs_dir_commit	8	static
C:/ncs/v2.2.0/modules/fs/littlefs/lfs.c:4615:12:lfs_fs_forceconsistency	48	static
C:/ncs/v2.2.0/modules/fs/littlefs/lfs.c:1651:12:lfs_dir_drop	24	static
C:/ncs/v2.2.0/modules/fs/littlefs/lfs.c:3199:12:lfs_file_rawsync	40	static
C:/ncs/v2.2.0/modules/fs/littlefs/lfs.c:3014:12:lfs_file_rawclose	16	static
C:/ncs/v2.2.0/modules/fs/littlefs/lfs.c:3870:12:lfs_commitattr	64	static
C:/ncs/v2.2.0/modules/fs/littlefs/lfs.c:2841:12:lfs_file_rawopencfg	72	static
C:/ncs/v2.2.0/modules/fs/littlefs/lfs.c:5309:5:lfs_format	104	static
C:/ncs/v2.2.0/modules/fs/littlefs/lfs.c:5368:5:lfs_unmount	0	static
C:/ncs/v2.2.0/modules/fs/littlefs/lfs.c:5339:5:lfs_mount	408	dynamic,bounded
C:/ncs/v2.2.0/modules/fs/littlefs/lfs.c:5383:5:lfs_remove	120	static
C:/ncs/v2.2.0/modules/fs/littlefs/lfs.c:5399:5:lfs_rename	224	static
C:/ncs/v2.2.0/modules/fs/littlefs/lfs.c:5414:5:lfs_stat	56	static
C:/ncs/v2.2.0/modules/fs/littlefs/lfs.c:5428:13:lfs_getattr	64	static
C:/ncs/v2.2.0/modules/fs/littlefs/lfs.c:5445:5:lfs_setattr	8	static
C:/ncs/v2.2.0/modules/fs/littlefs/lfs.c:5463:5:lfs_removeattr	16	static
C:/ncs/v2.2.0/modules/fs/littlefs/lfs.c:5479:5:lfs_file_open	16	static
C:/ncs/v2.2.0/modules/fs/littlefs/lfs.c:5496:5:lfs_file_opencfg	8	static
C:/ncs/v2.2.0/modules/fs/littlefs/lfs.c:5516:5:lfs_file_close	8	static
C:/ncs/v2.2.0/modules/fs/littlefs/lfs.c:5532:5:lfs_file_sync	8	static
C:/ncs/v2.2.0/modules/fs/littlefs/lfs.c:5548:13:lfs_file_read	24	static
C:/ncs/v2.2.0/modules/fs/littlefs/lfs.c:5566:13:lfs_file_write	8	static
C:/ncs/v2.2.0/modules/fs/littlefs/lfs.c:5584:12:lfs_file_seek	8	static
C:/ncs/v2.2.0/modules/fs/littlefs/lfs.c:5602:5:lfs_file_truncate	48	static
C:/ncs/v2.2.0/modules/fs/littlefs/lfs.c:5619:12:lfs_file_tell	8	static
C:/ncs/v2.2.0/modules/fs/littlefs/lfs.c:5634:5:lfs_file_rewind	8	static
C:/ncs/v2.2.0/modules/fs/littlefs/lfs.c:5648:12:lfs_file_size	8	static
C:/ncs/v2.2.0/modules/fs/littlefs/lfs.c:5664:5:lfs_mkdir	184	static
C:/ncs/v2.2.0/modules/fs/littlefs/lfs.c:5679:5:lfs_dir_open	48	static
C:/ncs/v2.2.0/modules/fs/littlefs/lfs.c:5694:5:lfs_dir_close	0	static
C:/ncs/v2.2.0/modules/fs/littlefs/lfs.c:5708:5:lfs_dir_read	24	static
C:/ncs/v2.2.0/modules/fs/littlefs/lfs.c:5723:5:lfs_dir_seek	32	static
C:/ncs/v2.2.0/modules/fs/littlefs/lfs.c:5738:12:lfs_dir_tell	0	static
C:/ncs/v2.2.0/modules/fs/littlefs/lfs.c:5752:5:lfs_dir_rewind	8	static
C:/ncs/v2.2.0/modules/fs/littlefs/lfs.c:5766:13:lfs_fs_size	0	static
C:/ncs/v2.2.0/modules/fs/littlefs/lfs.c:5780:5:lfs_fs_traverse	0	static
