C:/ncs/v2.2.0/modules/lib/gui/lvgl/src/core/lv_obj_class.c:174:13:lv_obj_construct	16	static
C:/ncs/v2.2.0/modules/lib/gui/lvgl/src/core/lv_obj_class.c:43:12:lv_obj_class_create_obj	24	static
C:/ncs/v2.2.0/modules/lib/gui/lvgl/src/core/lv_obj_class.c:133:6:_lv_obj_destruct	8	static
C:/ncs/v2.2.0/modules/lib/gui/lvgl/src/core/lv_obj_class.c:146:6:lv_obj_is_editable	0	static
C:/ncs/v2.2.0/modules/lib/gui/lvgl/src/core/lv_obj_class.c:158:6:lv_obj_is_group_def	0	static
C:/ncs/v2.2.0/modules/lib/gui/lvgl/src/core/lv_obj_class.c:103:6:lv_obj_class_init_obj	16	static
