C:/ncs/v2.2.0/modules/lib/gui/lvgl/src/core/lv_obj_style_gen.h:542:29:lv_obj_get_style_base_dir	8	static
C:/ncs/v2.2.0/modules/lib/gui/lvgl/src/core/lv_obj_scroll.c:651:13:scroll_by_raw	16	static
C:/ncs/v2.2.0/modules/lib/gui/lvgl/src/core/lv_obj_scroll.c:676:13:scroll_anim_ready_cb	0	static
C:/ncs/v2.2.0/modules/lib/gui/lvgl/src/core/lv_obj_scroll.c:57:6:lv_obj_set_scrollbar_mode	16	static
C:/ncs/v2.2.0/modules/lib/gui/lvgl/src/core/lv_obj_scroll.c:68:6:lv_obj_set_scroll_dir	16	static
C:/ncs/v2.2.0/modules/lib/gui/lvgl/src/core/lv_obj_scroll.c:77:6:lv_obj_set_scroll_snap_x	16	static
C:/ncs/v2.2.0/modules/lib/gui/lvgl/src/core/lv_obj_scroll.c:83:6:lv_obj_set_scroll_snap_y	16	static
C:/ncs/v2.2.0/modules/lib/gui/lvgl/src/core/lv_obj_scroll.c:93:21:lv_obj_get_scrollbar_mode	0	static
C:/ncs/v2.2.0/modules/lib/gui/lvgl/src/core/lv_obj_scroll.c:99:10:lv_obj_get_scroll_dir	0	static
C:/ncs/v2.2.0/modules/lib/gui/lvgl/src/core/lv_obj_scroll.c:105:18:lv_obj_get_scroll_snap_x	0	static
C:/ncs/v2.2.0/modules/lib/gui/lvgl/src/core/lv_obj_scroll.c:111:18:lv_obj_get_scroll_snap_y	0	static
C:/ncs/v2.2.0/modules/lib/gui/lvgl/src/core/lv_obj_scroll.c:117:12:lv_obj_get_scroll_x	0	static
C:/ncs/v2.2.0/modules/lib/gui/lvgl/src/core/lv_obj_scroll.c:666:13:scroll_x_anim	8	static
C:/ncs/v2.2.0/modules/lib/gui/lvgl/src/core/lv_obj_scroll.c:123:12:lv_obj_get_scroll_y	0	static
C:/ncs/v2.2.0/modules/lib/gui/lvgl/src/core/lv_obj_scroll.c:671:13:scroll_y_anim	8	static
C:/ncs/v2.2.0/modules/lib/gui/lvgl/src/core/lv_obj_scroll.c:129:12:lv_obj_get_scroll_top	0	static
C:/ncs/v2.2.0/modules/lib/gui/lvgl/src/core/lv_obj_scroll.c:135:12:lv_obj_get_scroll_bottom	32	static
C:/ncs/v2.2.0/modules/lib/gui/lvgl/src/core/lv_obj_scroll.c:162:12:lv_obj_get_scroll_left	40	static
C:/ncs/v2.2.0/modules/lib/gui/lvgl/src/core/lv_obj_scroll.c:205:12:lv_obj_get_scroll_right	32	static
C:/ncs/v2.2.0/modules/lib/gui/lvgl/src/core/lv_obj_scroll.c:241:6:lv_obj_get_scroll_end	16	static
C:/ncs/v2.2.0/modules/lib/gui/lvgl/src/core/lv_obj_scroll.c:304:6:lv_obj_scroll_by	88	static
C:/ncs/v2.2.0/modules/lib/gui/lvgl/src/core/lv_obj_scroll.c:255:6:lv_obj_scroll_by_bounded	32	static
C:/ncs/v2.2.0/modules/lib/gui/lvgl/src/core/lv_obj_scroll.c:681:13:scroll_area_into_view	80	static
C:/ncs/v2.2.0/modules/lib/gui/lvgl/src/core/lv_obj_scroll.c:365:6:lv_obj_scroll_to_x	16	static
C:/ncs/v2.2.0/modules/lib/gui/lvgl/src/core/lv_obj_scroll.c:375:6:lv_obj_scroll_to_y	16	static
C:/ncs/v2.2.0/modules/lib/gui/lvgl/src/core/lv_obj_scroll.c:359:6:lv_obj_scroll_to	16	static
C:/ncs/v2.2.0/modules/lib/gui/lvgl/src/core/lv_obj_scroll.c:385:6:lv_obj_scroll_to_view	24	static
C:/ncs/v2.2.0/modules/lib/gui/lvgl/src/core/lv_obj_scroll.c:394:6:lv_obj_scroll_to_view_recursive	24	static
C:/ncs/v2.2.0/modules/lib/gui/lvgl/src/core/lv_obj_scroll.c:409:6:lv_obj_is_scrolling	16	static
C:/ncs/v2.2.0/modules/lib/gui/lvgl/src/core/lv_obj_scroll.c:420:6:lv_obj_update_snap	24	static
C:/ncs/v2.2.0/modules/lib/gui/lvgl/src/core/lv_obj_scroll.c:428:6:lv_obj_get_scrollbar_area	112	static
C:/ncs/v2.2.0/modules/lib/gui/lvgl/src/core/lv_obj_scroll.c:602:6:lv_obj_scrollbar_invalidate	24	static
C:/ncs/v2.2.0/modules/lib/gui/lvgl/src/core/lv_obj_scroll.c:614:6:lv_obj_readjust_scroll	24	static
