C:/ncs/v2.2.0/modules/lib/gui/lvgl/src/core/lv_obj_style_gen.h:493:24:lv_obj_get_style_opa	8	static
C:/ncs/v2.2.0/modules/lib/gui/lvgl/src/core/lv_obj_style_gen.h:530:31:lv_obj_get_style_blend_mode	8	static
C:/ncs/v2.2.0/modules/lib/gui/lvgl/src/core/lv_obj_draw.c:39:6:lv_obj_init_draw_rect_dsc	24	static
C:/ncs/v2.2.0/modules/lib/gui/lvgl/src/core/lv_obj_draw.c:194:6:lv_obj_init_draw_label_dsc	16	static
C:/ncs/v2.2.0/modules/lib/gui/lvgl/src/core/lv_obj_draw.c:222:6:lv_obj_init_draw_img_dsc	16	static
C:/ncs/v2.2.0/modules/lib/gui/lvgl/src/core/lv_obj_draw.c:247:6:lv_obj_init_draw_line_dsc	16	static
C:/ncs/v2.2.0/modules/lib/gui/lvgl/src/core/lv_obj_draw.c:276:6:lv_obj_init_draw_arc_dsc	16	static
C:/ncs/v2.2.0/modules/lib/gui/lvgl/src/core/lv_obj_draw.c:300:12:lv_obj_calculate_ext_draw_size	24	static
C:/ncs/v2.2.0/modules/lib/gui/lvgl/src/core/lv_obj_draw.c:334:6:lv_obj_draw_dsc_init	16	static
C:/ncs/v2.2.0/modules/lib/gui/lvgl/src/core/lv_obj_draw.c:340:6:lv_obj_draw_part_check_type	0	static
C:/ncs/v2.2.0/modules/lib/gui/lvgl/src/core/lv_obj_draw.c:370:12:_lv_obj_get_ext_draw_size	0	static
C:/ncs/v2.2.0/modules/lib/gui/lvgl/src/core/lv_obj_draw.c:346:6:lv_obj_refresh_ext_draw_size	24	static
