C:/ncs/v2.2.0/zephyr/subsys/bluetooth/controller/ll_sw/ull.c:2243:13:perform_lll_reset	8	static
C:/ncs/v2.2.0/zephyr/subsys/bluetooth/controller/ll_sw/ull.c:1769:6:ull_ticker_status_give	0	static
C:/ncs/v2.2.0/zephyr/subsys/bluetooth/controller/ll_sw/ull.c:2986:13:disabled_cb	0	static
C:/ncs/v2.2.0/zephyr/subsys/bluetooth/controller/ll_sw/ull.c:2502:16:tx_cmplt_get	40	static
C:/ncs/v2.2.0/zephyr/subsys/bluetooth/controller/ll_sw/ull.c:2304:13:rx_replenish	40	static
C:/ncs/v2.2.0/zephyr/subsys/bluetooth/controller/ll_sw/ull.c:2674:13:ull_done	40	static
C:/ncs/v2.2.0/zephyr/subsys/bluetooth/controller/ll_sw/ull.c:2404:13:rx_demux	64	static
C:/ncs/v2.2.0/zephyr/subsys/bluetooth/controller/ll_sw/ull.c:917:9:ll_rx_get	40	static
C:/ncs/v2.2.0/zephyr/subsys/bluetooth/controller/ll_sw/ull.c:1027:6:ll_rx_dequeue	32	static
C:/ncs/v2.2.0/zephyr/subsys/bluetooth/controller/ll_sw/ull.c:1357:6:ll_rx_mem_release	32	static
C:/ncs/v2.2.0/zephyr/subsys/bluetooth/controller/ll_sw/ull.c:1667:7:ll_rx_link_alloc	0	static
C:/ncs/v2.2.0/zephyr/subsys/bluetooth/controller/ll_sw/ull.c:1672:6:ll_rx_link_release	0	static
C:/ncs/v2.2.0/zephyr/subsys/bluetooth/controller/ll_sw/ull.c:1677:7:ll_rx_alloc	0	static
C:/ncs/v2.2.0/zephyr/subsys/bluetooth/controller/ll_sw/ull.c:1682:6:ll_rx_release	0	static
C:/ncs/v2.2.0/zephyr/subsys/bluetooth/controller/ll_sw/ull.c:1687:6:ll_rx_put	0	static
C:/ncs/v2.2.0/zephyr/subsys/bluetooth/controller/ll_sw/ull.c:1706:6:ll_rx_sched	0	static
C:/ncs/v2.2.0/zephyr/subsys/bluetooth/controller/ll_sw/ull.c:1715:7:ll_pdu_rx_alloc_peek	0	static
C:/ncs/v2.2.0/zephyr/subsys/bluetooth/controller/ll_sw/ull.c:1724:7:ll_pdu_rx_alloc	0	static
C:/ncs/v2.2.0/zephyr/subsys/bluetooth/controller/ll_sw/ull.c:1731:6:ll_tx_ack_put	16	static
C:/ncs/v2.2.0/zephyr/subsys/bluetooth/controller/ll_sw/ull.c:1746:6:ll_timeslice_ticker_id_get	0	static
C:/ncs/v2.2.0/zephyr/subsys/bluetooth/controller/ll_sw/ull.c:1753:6:ll_radio_state_abort	8	static
C:/ncs/v2.2.0/zephyr/subsys/bluetooth/controller/ll_sw/ull.c:1764:10:ll_radio_state_is_idle	0	static
C:/ncs/v2.2.0/zephyr/subsys/bluetooth/controller/ll_sw/ull.c:1776:10:ull_ticker_status_take	8	static
C:/ncs/v2.2.0/zephyr/subsys/bluetooth/controller/ll_sw/ull.c:1798:7:ull_disable_mark	0	static
C:/ncs/v2.2.0/zephyr/subsys/bluetooth/controller/ll_sw/ull.c:1803:7:ull_disable_unmark	0	static
C:/ncs/v2.2.0/zephyr/subsys/bluetooth/controller/ll_sw/ull.c:1808:7:ull_disable_mark_get	0	static
C:/ncs/v2.2.0/zephyr/subsys/bluetooth/controller/ll_sw/ull.c:1864:7:ull_update_mark	0	static
C:/ncs/v2.2.0/zephyr/subsys/bluetooth/controller/ll_sw/ull.c:1869:7:ull_update_unmark	0	static
C:/ncs/v2.2.0/zephyr/subsys/bluetooth/controller/ll_sw/ull.c:1874:7:ull_update_mark_get	0	static
C:/ncs/v2.2.0/zephyr/subsys/bluetooth/controller/ll_sw/ull.c:1880:5:ull_disable	40	static
C:/ncs/v2.2.0/zephyr/subsys/bluetooth/controller/ll_sw/ull.c:1822:5:ull_ticker_stop_with_mark	40	static
C:/ncs/v2.2.0/zephyr/subsys/bluetooth/controller/ll_sw/ull.c:1919:7:ull_pdu_rx_alloc_peek	0	static
C:/ncs/v2.2.0/zephyr/subsys/bluetooth/controller/ll_sw/ull.c:1928:7:ull_pdu_rx_alloc_peek_iter	4	static
C:/ncs/v2.2.0/zephyr/subsys/bluetooth/controller/ll_sw/ull.c:1933:7:ull_pdu_rx_alloc	0	static
C:/ncs/v2.2.0/zephyr/subsys/bluetooth/controller/ll_sw/ull.c:1938:6:ull_rx_put	16	static
C:/ncs/v2.2.0/zephyr/subsys/bluetooth/controller/ll_sw/ull.c:1953:6:ull_rx_sched	0	static
C:/ncs/v2.2.0/zephyr/subsys/bluetooth/controller/ll_sw/ull.c:1963:6:ull_rx_put_done	0	static
C:/ncs/v2.2.0/zephyr/subsys/bluetooth/controller/ll_sw/ull.c:1969:6:ull_rx_sched_done	0	static
C:/ncs/v2.2.0/zephyr/subsys/bluetooth/controller/ll_sw/ull.c:1979:19:ull_prepare_enqueue	28	static
C:/ncs/v2.2.0/zephyr/subsys/bluetooth/controller/ll_sw/ull.c:2005:7:ull_prepare_dequeue_get	0	static
C:/ncs/v2.2.0/zephyr/subsys/bluetooth/controller/ll_sw/ull.c:2010:7:ull_prepare_dequeue_iter	4	static
C:/ncs/v2.2.0/zephyr/subsys/bluetooth/controller/ll_sw/ull.c:2015:6:ull_prepare_dequeue	48	static
C:/ncs/v2.2.0/zephyr/subsys/bluetooth/controller/ll_sw/ull.c:2088:26:ull_event_done_extra_get	0	static
C:/ncs/v2.2.0/zephyr/subsys/bluetooth/controller/ll_sw/ull.c:2100:26:ull_done_extra_type_set	4	static
C:/ncs/v2.2.0/zephyr/subsys/bluetooth/controller/ll_sw/ull.c:2114:7:ull_event_done	16	static
C:/ncs/v2.2.0/zephyr/subsys/bluetooth/controller/ll_sw/ull.c:2158:6:ull_drift_ticks_get	32	static
C:/ncs/v2.2.0/zephyr/subsys/bluetooth/controller/ll_sw/ull.c:2996:6:ull_rxfifo_alloc	48	static
C:/ncs/v2.2.0/zephyr/subsys/bluetooth/controller/ll_sw/ull.c:2196:19:init_reset	32	static
C:/ncs/v2.2.0/zephyr/subsys/bluetooth/controller/ll_sw/ull.c:560:5:ll_init	40	static
C:/ncs/v2.2.0/zephyr/subsys/bluetooth/controller/ll_sw/ull.c:753:6:ll_reset	32	static
C:/ncs/v2.2.0/zephyr/subsys/bluetooth/controller/ll_sw/ull.c:747:5:ll_deinit	8	static
C:/ncs/v2.2.0/zephyr/subsys/bluetooth/controller/ll_sw/ull.c:3027:7:ull_rxfifo_release	4	static
