C:/ncs/v2.2.0/zephyr/subsys/bluetooth/controller/ll_sw/ull_adv.c:2407:13:ticker_stop_cb	24	static
C:/ncs/v2.2.0/zephyr/subsys/bluetooth/controller/ll_sw/ull_adv.c:2687:13:ext_disabled_cb	8	static
C:/ncs/v2.2.0/zephyr/subsys/bluetooth/controller/ll_sw/ull_adv.c:2534:13:conn_release	24	static
C:/ncs/v2.2.0/zephyr/subsys/bluetooth/controller/ll_sw/ull_adv.c:2706:23:disable	48	static
C:/ncs/v2.2.0/zephyr/subsys/bluetooth/controller/ll_sw/ull_adv.c:2425:13:ticker_stop_op_cb	8	static
C:/ncs/v2.2.0/zephyr/subsys/bluetooth/controller/ll_sw/ull_adv.c:2635:13:ticker_stop_ext_op_cb	8	static
C:/ncs/v2.2.0/zephyr/subsys/bluetooth/controller/ll_sw/ull_adv.c:2586:13:ticker_stop_aux_op_cb	8	static
C:/ncs/v2.2.0/zephyr/subsys/bluetooth/controller/ll_sw/ull_adv.c:2484:13:disabled_cb	16	static
C:/ncs/v2.2.0/zephyr/subsys/bluetooth/controller/ll_sw/ull_adv.c:2400:13:ticker_update_op_cb	8	static
C:/ncs/v2.2.0/zephyr/subsys/bluetooth/controller/ll_sw/ull_adv.c:2944:23:adva_update	16	static
C:/ncs/v2.2.0/zephyr/subsys/bluetooth/controller/ll_sw/ull_adv.c:2825:16:adv_scan_pdu_addr_update	24	static
C:/ncs/v2.2.0/zephyr/subsys/bluetooth/controller/ll_sw/ull_adv.c:2452:13:adv_disable	16	static
C:/ncs/v2.2.0/zephyr/subsys/bluetooth/controller/ll_sw/ull_adv.c:2621:13:aux_disabled_cb	16	static
C:/ncs/v2.2.0/zephyr/subsys/bluetooth/controller/ll_sw/ull_adv.c:2601:13:aux_disable	16	static
C:/ncs/v2.2.0/zephyr/subsys/bluetooth/controller/ll_sw/ull_adv.c:2317:13:ticker_cb	88	static
C:/ncs/v2.2.0/zephyr/subsys/bluetooth/controller/ll_sw/ull_adv.c:2206:12:init_reset	16	static
C:/ncs/v2.2.0/zephyr/subsys/bluetooth/controller/ll_sw/ull_adv.c:2256:17:adv_time_get.constprop	4	static
C:/ncs/v2.2.0/zephyr/subsys/bluetooth/controller/ll_sw/ull_adv.c:2655:13:ext_disable	16	static
C:/ncs/v2.2.0/zephyr/subsys/bluetooth/controller/ll_sw/ull_adv.c:217:9:ll_adv_params_set	96	static
C:/ncs/v2.2.0/zephyr/subsys/bluetooth/controller/ll_sw/ull_adv.c:784:9:ll_adv_enable	120	static
C:/ncs/v2.2.0/zephyr/subsys/bluetooth/controller/ll_sw/ull_adv.c:1647:5:ull_adv_init	8	static
C:/ncs/v2.2.0/zephyr/subsys/bluetooth/controller/ll_sw/ull_adv.c:1677:5:ull_adv_reset	8	static
C:/ncs/v2.2.0/zephyr/subsys/bluetooth/controller/ll_sw/ull_adv.c:1704:5:ull_adv_reset_finalize	16	static
C:/ncs/v2.2.0/zephyr/subsys/bluetooth/controller/ll_sw/ull_adv.c:1749:27:ull_adv_set_get	0	static
C:/ncs/v2.2.0/zephyr/subsys/bluetooth/controller/ll_sw/ull_adv.c:1758:17:ull_adv_handle_get	0	static
C:/ncs/v2.2.0/zephyr/subsys/bluetooth/controller/ll_sw/ull_adv.c:1763:10:ull_adv_lll_handle_get	0	static
C:/ncs/v2.2.0/zephyr/subsys/bluetooth/controller/ll_sw/ull_adv.c:1768:27:ull_adv_is_enabled_get	0	static
C:/ncs/v2.2.0/zephyr/subsys/bluetooth/controller/ll_sw/ull_adv.c:1780:5:ull_adv_is_enabled	0	static
C:/ncs/v2.2.0/zephyr/subsys/bluetooth/controller/ll_sw/ull_adv.c:1789:10:ull_adv_filter_pol_get	0	static
C:/ncs/v2.2.0/zephyr/subsys/bluetooth/controller/ll_sw/ull_adv.c:1802:20:ull_adv_is_created_get	0	static
C:/ncs/v2.2.0/zephyr/subsys/bluetooth/controller/ll_sw/ull_adv.c:1983:6:ull_adv_done	24	static
C:/ncs/v2.2.0/zephyr/subsys/bluetooth/controller/ll_sw/ull_adv.c:2116:16:ull_adv_pdu_update_addrs	0	static
C:/ncs/v2.2.0/zephyr/subsys/bluetooth/controller/ll_sw/ull_adv.c:2150:9:ull_adv_time_update	64	static
C:/ncs/v2.2.0/zephyr/subsys/bluetooth/controller/ll_sw/ull_adv.c:1815:9:ull_adv_data_set	40	static
C:/ncs/v2.2.0/zephyr/subsys/bluetooth/controller/ll_sw/ull_adv.c:741:9:ll_adv_data_set	0	static
C:/ncs/v2.2.0/zephyr/subsys/bluetooth/controller/ll_sw/ull_adv.c:1890:9:ull_scan_rsp_set	32	static
C:/ncs/v2.2.0/zephyr/subsys/bluetooth/controller/ll_sw/ull_adv.c:759:9:ll_adv_scan_rsp_set	0	static
