C:/ncs/v2.2.0/zephyr/subsys/bluetooth/controller/ll_sw/ull_llcp.c:1182:13:pdu_validate_conn_update_ind	0	static
C:/ncs/v2.2.0/zephyr/subsys/bluetooth/controller/ll_sw/ull_llcp.c:1191:13:pdu_validate_chan_map_ind	0	static
C:/ncs/v2.2.0/zephyr/subsys/bluetooth/controller/ll_sw/ull_llcp.c:1201:13:pdu_validate_terminate_ind	0	static
C:/ncs/v2.2.0/zephyr/subsys/bluetooth/controller/ll_sw/ull_llcp.c:1211:13:pdu_validate_enc_req	0	static
C:/ncs/v2.2.0/zephyr/subsys/bluetooth/controller/ll_sw/ull_llcp.c:1242:13:pdu_validate_start_enc_rsp	0	static
C:/ncs/v2.2.0/zephyr/subsys/bluetooth/controller/ll_sw/ull_llcp.c:1262:13:pdu_validate_feature_req	0	static
C:/ncs/v2.2.0/zephyr/subsys/bluetooth/controller/ll_sw/ull_llcp.c:1305:13:pdu_validate_version_ind	0	static
C:/ncs/v2.2.0/zephyr/subsys/bluetooth/controller/ll_sw/ull_llcp.c:1335:13:pdu_validate_conn_param_req	0	static
C:/ncs/v2.2.0/zephyr/subsys/bluetooth/controller/ll_sw/ull_llcp.c:1354:13:pdu_validate_reject_ext_ind	0	static
C:/ncs/v2.2.0/zephyr/subsys/bluetooth/controller/ll_sw/ull_llcp.c:1423:13:pdu_validate_phy_upd_ind	0	static
C:/ncs/v2.2.0/zephyr/subsys/bluetooth/controller/ll_sw/ull_llcp.c:284:25:create_procedure	16	static
C:/ncs/v2.2.0/zephyr/subsys/bluetooth/controller/ll_sw/ull_llcp.c:1414:13:pdu_validate_phy_rsp	0	static
C:/ncs/v2.2.0/zephyr/subsys/bluetooth/controller/ll_sw/ull_llcp.c:1252:13:pdu_validate_unknown_rsp	0	static
C:/ncs/v2.2.0/zephyr/subsys/bluetooth/controller/ll_sw/ull_llcp.c:1284:13:pdu_validate_pause_enc_req	0	static
C:/ncs/v2.2.0/zephyr/subsys/bluetooth/controller/ll_sw/ull_llcp.c:1314:13:pdu_validate_reject_ind	0	static
C:/ncs/v2.2.0/zephyr/subsys/bluetooth/controller/ll_sw/ull_llcp.c:1345:13:pdu_validate_conn_param_rsp	0	static
C:/ncs/v2.2.0/zephyr/subsys/bluetooth/controller/ll_sw/ull_llcp.c:1364:13:pdu_validate_ping_req	0	static
C:/ncs/v2.2.0/zephyr/subsys/bluetooth/controller/ll_sw/ull_llcp.c:1374:13:pdu_validate_ping_rsp	0	static
C:/ncs/v2.2.0/zephyr/subsys/bluetooth/controller/ll_sw/ull_llcp.c:1384:13:pdu_validate_length_req	0	static
C:/ncs/v2.2.0/zephyr/subsys/bluetooth/controller/ll_sw/ull_llcp.c:1394:13:pdu_validate_length_rsp	0	static
C:/ncs/v2.2.0/zephyr/subsys/bluetooth/controller/ll_sw/ull_llcp.c:1404:13:pdu_validate_phy_req	0	static
C:/ncs/v2.2.0/zephyr/subsys/bluetooth/controller/ll_sw/ull_llcp.c:91:6:llcp_proc_ctx_release	8	static
C:/ncs/v2.2.0/zephyr/subsys/bluetooth/controller/ll_sw/ull_llcp.c:202:6:llcp_tx_alloc_peek	0	static
C:/ncs/v2.2.0/zephyr/subsys/bluetooth/controller/ll_sw/ull_llcp.c:208:6:llcp_tx_alloc_unpeek	0	static
C:/ncs/v2.2.0/zephyr/subsys/bluetooth/controller/ll_sw/ull_llcp.c:214:17:llcp_tx_alloc	8	static
C:/ncs/v2.2.0/zephyr/subsys/bluetooth/controller/ll_sw/ull_llcp.c:234:6:llcp_ntf_alloc_is_available	8	static
C:/ncs/v2.2.0/zephyr/subsys/bluetooth/controller/ll_sw/ull_llcp.c:239:6:llcp_ntf_alloc_num_available	8	static
C:/ncs/v2.2.0/zephyr/subsys/bluetooth/controller/ll_sw/ull_llcp.c:244:21:llcp_ntf_alloc	0	static
C:/ncs/v2.2.0/zephyr/subsys/bluetooth/controller/ll_sw/ull_llcp.c:253:6:llcp_tx_enqueue	0	static
C:/ncs/v2.2.0/zephyr/subsys/bluetooth/controller/ll_sw/ull_llcp.c:258:6:llcp_tx_pause_data	16	static
C:/ncs/v2.2.0/zephyr/subsys/bluetooth/controller/ll_sw/ull_llcp.c:269:6:llcp_tx_resume_data	0	static
C:/ncs/v2.2.0/zephyr/subsys/bluetooth/controller/ll_sw/ull_llcp.c:309:18:llcp_create_local_procedure	8	static
C:/ncs/v2.2.0/zephyr/subsys/bluetooth/controller/ll_sw/ull_llcp.c:382:18:llcp_create_remote_procedure	8	static
C:/ncs/v2.2.0/zephyr/subsys/bluetooth/controller/ll_sw/ull_llcp.c:468:6:ull_cp_init	8	static
C:/ncs/v2.2.0/zephyr/subsys/bluetooth/controller/ll_sw/ull_llcp.c:485:6:ull_llcp_init	16	static
C:/ncs/v2.2.0/zephyr/subsys/bluetooth/controller/ll_sw/ull_llcp.c:544:6:ull_cp_release_tx	0	static
C:/ncs/v2.2.0/zephyr/subsys/bluetooth/controller/ll_sw/ull_llcp.c:560:6:ull_cp_release_ntf	16	static
C:/ncs/v2.2.0/zephyr/subsys/bluetooth/controller/ll_sw/ull_llcp.c:581:5:ull_cp_prt_elapse	16	static
C:/ncs/v2.2.0/zephyr/subsys/bluetooth/controller/ll_sw/ull_llcp.c:618:6:ull_cp_prt_reload_set	0	static
C:/ncs/v2.2.0/zephyr/subsys/bluetooth/controller/ll_sw/ull_llcp.c:624:6:ull_cp_run	8	static
C:/ncs/v2.2.0/zephyr/subsys/bluetooth/controller/ll_sw/ull_llcp.c:630:6:ull_cp_state_set	8	static
C:/ncs/v2.2.0/zephyr/subsys/bluetooth/controller/ll_sw/ull_llcp.c:647:9:ull_cp_min_used_chans	16	static
C:/ncs/v2.2.0/zephyr/subsys/bluetooth/controller/ll_sw/ull_llcp.c:670:9:ull_cp_le_ping	8	static
C:/ncs/v2.2.0/zephyr/subsys/bluetooth/controller/ll_sw/ull_llcp.c:686:9:ull_cp_feature_exchange	8	static
C:/ncs/v2.2.0/zephyr/subsys/bluetooth/controller/ll_sw/ull_llcp.c:701:9:ull_cp_version_exchange	8	static
C:/ncs/v2.2.0/zephyr/subsys/bluetooth/controller/ll_sw/ull_llcp.c:770:9:ull_cp_encryption_paused	8	static
C:/ncs/v2.2.0/zephyr/subsys/bluetooth/controller/ll_sw/ull_llcp.c:789:9:ull_cp_phy_update	24	static
C:/ncs/v2.2.0/zephyr/subsys/bluetooth/controller/ll_sw/ull_llcp.c:810:9:ull_cp_terminate	16	static
C:/ncs/v2.2.0/zephyr/subsys/bluetooth/controller/ll_sw/ull_llcp.c:875:16:ull_cp_chan_map_update_pending	8	static
C:/ncs/v2.2.0/zephyr/subsys/bluetooth/controller/ll_sw/ull_llcp.c:893:9:ull_cp_data_length_update	24	static
C:/ncs/v2.2.0/zephyr/subsys/bluetooth/controller/ll_sw/ull_llcp.c:914:9:ull_cp_ltk_req_reply	16	static
C:/ncs/v2.2.0/zephyr/subsys/bluetooth/controller/ll_sw/ull_llcp.c:928:9:ull_cp_ltk_req_neq_reply	16	static
C:/ncs/v2.2.0/zephyr/subsys/bluetooth/controller/ll_sw/ull_llcp.c:942:9:ull_cp_conn_update	32	static
C:/ncs/v2.2.0/zephyr/subsys/bluetooth/controller/ll_sw/ull_llcp.c:995:9:ull_cp_remote_dle_pending	8	static
C:/ncs/v2.2.0/zephyr/subsys/bluetooth/controller/ll_sw/ull_llcp.c:1006:6:ull_cp_conn_param_req_reply	8	static
C:/ncs/v2.2.0/zephyr/subsys/bluetooth/controller/ll_sw/ull_llcp.c:1016:6:ull_cp_conn_param_req_neg_reply	16	static
C:/ncs/v2.2.0/zephyr/subsys/bluetooth/controller/ll_sw/ull_llcp.c:1027:9:ull_cp_remote_cpr_pending	8	static
C:/ncs/v2.2.0/zephyr/subsys/bluetooth/controller/ll_sw/ull_llcp.c:1557:6:ull_cp_tx_ack	16	static
C:/ncs/v2.2.0/zephyr/subsys/bluetooth/controller/ll_sw/ull_llcp.c:1574:6:ull_cp_tx_ntf	8	static
C:/ncs/v2.2.0/zephyr/subsys/bluetooth/controller/ll_sw/ull_llcp.c:1591:6:ull_cp_rx	16	static
