C:/ncs/v2.2.0/zephyr/subsys/bluetooth/controller/ll_sw/ull_llcp_phy.c:200:16:pu_check_update_ind	16	static
C:/ncs/v2.2.0/zephyr/subsys/bluetooth/controller/ll_sw/ull_llcp_phy.c:411:13:pu_ntf	16	static
C:/ncs/v2.2.0/zephyr/subsys/bluetooth/controller/ll_sw/ull_llcp_phy.c:283:16:pu_update_eff_times	32	static
C:/ncs/v2.2.0/zephyr/subsys/bluetooth/controller/ll_sw/ull_llcp_phy.c:1021:13:rp_pu_send_phy_rsp.constprop	16	static
C:/ncs/v2.2.0/zephyr/subsys/bluetooth/controller/ll_sw/ull_llcp_phy.c:435:13:pu_dle_ntf.constprop	16	static
C:/ncs/v2.2.0/zephyr/subsys/bluetooth/controller/ll_sw/ull_llcp_phy.c:456:13:lp_pu_tx_ntf.constprop	16	static
C:/ncs/v2.2.0/zephyr/subsys/bluetooth/controller/ll_sw/ull_llcp_phy.c:519:13:lp_pu_send_phy_req.constprop	16	static
C:/ncs/v2.2.0/zephyr/subsys/bluetooth/controller/ll_sw/ull_llcp_phy.c:804:13:lp_pu_execute_fsm	24	static
C:/ncs/v2.2.0/zephyr/subsys/bluetooth/controller/ll_sw/ull_llcp_phy.c:847:6:llcp_lp_pu_rx	8	static
C:/ncs/v2.2.0/zephyr/subsys/bluetooth/controller/ll_sw/ull_llcp_phy.c:878:6:llcp_lp_pu_init_proc	0	static
C:/ncs/v2.2.0/zephyr/subsys/bluetooth/controller/ll_sw/ull_llcp_phy.c:883:6:llcp_lp_pu_run	0	static
C:/ncs/v2.2.0/zephyr/subsys/bluetooth/controller/ll_sw/ull_llcp_phy.c:888:6:llcp_lp_pu_tx_ack	0	static
C:/ncs/v2.2.0/zephyr/subsys/bluetooth/controller/ll_sw/ull_llcp_phy.c:893:6:llcp_lp_pu_tx_ntf	0	static
C:/ncs/v2.2.0/zephyr/subsys/bluetooth/controller/ll_sw/ull_llcp_phy.c:962:6:rp_pu_tx_ntf	16	static
C:/ncs/v2.2.0/zephyr/subsys/bluetooth/controller/ll_sw/ull_llcp_phy.c:1238:13:rp_pu_execute_fsm	32	static
C:/ncs/v2.2.0/zephyr/subsys/bluetooth/controller/ll_sw/ull_llcp_phy.c:1281:6:llcp_rp_pu_rx	8	static
C:/ncs/v2.2.0/zephyr/subsys/bluetooth/controller/ll_sw/ull_llcp_phy.c:1304:6:llcp_rp_pu_init_proc	0	static
C:/ncs/v2.2.0/zephyr/subsys/bluetooth/controller/ll_sw/ull_llcp_phy.c:1309:6:llcp_rp_pu_run	0	static
C:/ncs/v2.2.0/zephyr/subsys/bluetooth/controller/ll_sw/ull_llcp_phy.c:1314:6:llcp_rp_pu_tx_ack	0	static
C:/ncs/v2.2.0/zephyr/subsys/bluetooth/controller/ll_sw/ull_llcp_phy.c:1319:6:llcp_rp_pu_tx_ntf	0	static
