C:/ncs/v2.2.0/zephyr/subsys/bluetooth/controller/ll_sw/ull_adv_sync.c:2247:13:ticker_op_cb	0	static
C:/ncs/v2.2.0/zephyr/subsys/bluetooth/controller/ll_sw/ull_adv_sync.c:1890:16:sync_stop	8	static
C:/ncs/v2.2.0/zephyr/subsys/bluetooth/controller/ll_sw/ull_adv_sync.c:2205:13:ticker_cb	32	static
C:/ncs/v2.2.0/zephyr/subsys/bluetooth/controller/ll_sw/ull_adv_sync.c:2044:13:mfy_sync_offset_get	104	static
C:/ncs/v2.2.0/zephyr/subsys/bluetooth/controller/ll_sw/ull_adv_sync.c:945:5:ull_adv_sync_init	8	static
C:/ncs/v2.2.0/zephyr/subsys/bluetooth/controller/ll_sw/ull_adv_sync.c:957:5:ull_adv_sync_reset	32	static
C:/ncs/v2.2.0/zephyr/subsys/bluetooth/controller/ll_sw/ull_adv_sync.c:993:5:ull_adv_sync_reset_finalize	8	static
C:/ncs/v2.2.0/zephyr/subsys/bluetooth/controller/ll_sw/ull_adv_sync.c:1005:25:ull_adv_sync_get	0	static
C:/ncs/v2.2.0/zephyr/subsys/bluetooth/controller/ll_sw/ull_adv_sync.c:1014:10:ull_adv_sync_lll_handle_get	0	static
C:/ncs/v2.2.0/zephyr/subsys/bluetooth/controller/ll_sw/ull_adv_sync.c:1019:6:ull_adv_sync_release	8	static
C:/ncs/v2.2.0/zephyr/subsys/bluetooth/controller/ll_sw/ull_adv_sync.c:1025:10:ull_adv_sync_time_get	4	static
C:/ncs/v2.2.0/zephyr/subsys/bluetooth/controller/ll_sw/ull_adv_sync.c:1054:10:ull_adv_sync_start	80	static
C:/ncs/v2.2.0/zephyr/subsys/bluetooth/controller/ll_sw/ull_adv_sync.c:1110:9:ull_adv_sync_time_update	64	static
C:/ncs/v2.2.0/zephyr/subsys/bluetooth/controller/ll_sw/ull_adv_sync.c:1252:6:ull_adv_sync_info_fill	0	static
C:/ncs/v2.2.0/zephyr/subsys/bluetooth/controller/ll_sw/ull_adv_sync.c:1276:6:ull_adv_sync_offset_get	8	static
C:/ncs/v2.2.0/zephyr/subsys/bluetooth/controller/ll_sw/ull_adv_sync.c:1288:6:ull_adv_sync_pdu_init	32	static
C:/ncs/v2.2.0/zephyr/subsys/bluetooth/controller/ll_sw/ull_adv_sync.c:1360:9:ull_adv_sync_pdu_alloc	32	static
C:/ncs/v2.2.0/zephyr/subsys/bluetooth/controller/ll_sw/ull_adv_sync.c:1459:9:ull_adv_sync_pdu_set_clear	72	static
C:/ncs/v2.2.0/zephyr/subsys/bluetooth/controller/ll_sw/ull_adv_sync.c:1163:6:ull_adv_sync_chm_complete	88	static
C:/ncs/v2.2.0/zephyr/subsys/bluetooth/controller/ll_sw/ull_adv_sync.c:73:9:ll_adv_sync_param_set	64	static
C:/ncs/v2.2.0/zephyr/subsys/bluetooth/controller/ll_sw/ull_adv_sync.c:213:9:ll_adv_sync_ad_data_set	120	static
C:/ncs/v2.2.0/zephyr/subsys/bluetooth/controller/ll_sw/ull_adv_sync.c:682:9:ll_adv_sync_enable	104	static
C:/ncs/v2.2.0/zephyr/subsys/bluetooth/controller/ll_sw/ull_adv_sync.c:1148:9:ull_adv_sync_chm_update	64	static
C:/ncs/v2.2.0/zephyr/subsys/bluetooth/controller/ll_sw/ull_adv_sync.c:1810:6:ull_adv_sync_extra_data_set_clear	8	static
