C:/ncs/v2.2.0/zephyr/subsys/bluetooth/controller/ll_sw/ull_conn.c:2243:12:init_reset	8	static
C:/ncs/v2.2.0/zephyr/subsys/bluetooth/controller/ll_sw/ull_conn.c:2722:13:tx_lll_flush	40	static
C:/ncs/v2.2.0/zephyr/subsys/bluetooth/controller/ll_sw/ull_conn.c:2663:13:ticker_stop_op_cb	8	static
C:/ncs/v2.2.0/zephyr/subsys/bluetooth/controller/ll_sw/ull_conn.c:2710:13:disabled_cb	8	static
C:/ncs/v2.2.0/zephyr/subsys/bluetooth/controller/ll_sw/ull_conn.c:2678:13:conn_disable	16	static
C:/ncs/v2.2.0/zephyr/subsys/bluetooth/controller/ll_sw/ull_conn.c:2461:13:conn_setup_adv_scan_disabled_cb	8	static
C:/ncs/v2.2.0/zephyr/subsys/bluetooth/controller/ll_sw/ull_conn.c:2430:13:ticker_update_conn_op_cb	8	static
C:/ncs/v2.2.0/zephyr/subsys/bluetooth/controller/ll_sw/ull_conn.c:2451:13:ticker_start_conn_op_cb	8	static
C:/ncs/v2.2.0/zephyr/subsys/bluetooth/controller/ll_sw/ull_conn.c:2441:13:ticker_stop_conn_op_cb	8	static
C:/ncs/v2.2.0/zephyr/subsys/bluetooth/controller/ll_sw/ull_conn.c:260:17:ll_conn_acquire	0	static
C:/ncs/v2.2.0/zephyr/subsys/bluetooth/controller/ll_sw/ull_conn.c:265:6:ll_conn_release	0	static
C:/ncs/v2.2.0/zephyr/subsys/bluetooth/controller/ll_sw/ull_conn.c:270:10:ll_conn_handle_get	0	static
C:/ncs/v2.2.0/zephyr/subsys/bluetooth/controller/ll_sw/ull_conn.c:275:17:ll_conn_get	0	static
C:/ncs/v2.2.0/zephyr/subsys/bluetooth/controller/ll_sw/ull_conn.c:280:17:ll_connected_get	8	static
C:/ncs/v2.2.0/zephyr/subsys/bluetooth/controller/ll_sw/ull_conn.c:296:10:ll_conn_free_count_get	0	static
C:/ncs/v2.2.0/zephyr/subsys/bluetooth/controller/ll_sw/ull_conn.c:301:7:ll_tx_mem_acquire	0	static
C:/ncs/v2.2.0/zephyr/subsys/bluetooth/controller/ll_sw/ull_conn.c:306:6:ll_tx_mem_release	0	static
C:/ncs/v2.2.0/zephyr/subsys/bluetooth/controller/ll_sw/ull_conn.c:311:5:ll_tx_mem_enqueue	16	static
C:/ncs/v2.2.0/zephyr/subsys/bluetooth/controller/ll_sw/ull_conn.c:392:9:ll_conn_update	40	static
C:/ncs/v2.2.0/zephyr/subsys/bluetooth/controller/ll_sw/ull_conn.c:508:9:ll_chm_get	16	static
C:/ncs/v2.2.0/zephyr/subsys/bluetooth/controller/ll_sw/ull_conn.c:565:9:ll_terminate_ind_send	16	static
C:/ncs/v2.2.0/zephyr/subsys/bluetooth/controller/ll_sw/ull_conn.c:634:9:ll_feature_req_send	16	static
C:/ncs/v2.2.0/zephyr/subsys/bluetooth/controller/ll_sw/ull_conn.c:668:9:ll_version_ind_send	16	static
C:/ncs/v2.2.0/zephyr/subsys/bluetooth/controller/ll_sw/ull_conn.c:717:10:ll_length_req_send	16	static
C:/ncs/v2.2.0/zephyr/subsys/bluetooth/controller/ll_sw/ull_conn.c:802:6:ll_length_default_get	0	static
C:/ncs/v2.2.0/zephyr/subsys/bluetooth/controller/ll_sw/ull_conn.c:808:10:ll_length_default_set	0	static
C:/ncs/v2.2.0/zephyr/subsys/bluetooth/controller/ll_sw/ull_conn.c:821:6:ll_length_max_get	0	static
C:/ncs/v2.2.0/zephyr/subsys/bluetooth/controller/ll_sw/ull_conn.c:838:9:ll_phy_get	16	static
C:/ncs/v2.2.0/zephyr/subsys/bluetooth/controller/ll_sw/ull_conn.c:854:9:ll_phy_default_set	0	static
C:/ncs/v2.2.0/zephyr/subsys/bluetooth/controller/ll_sw/ull_conn.c:864:9:ll_phy_req_send	32	static
C:/ncs/v2.2.0/zephyr/subsys/bluetooth/controller/ll_sw/ull_conn.c:914:9:ll_rssi_get	8	static
C:/ncs/v2.2.0/zephyr/subsys/bluetooth/controller/ll_sw/ull_conn.c:930:9:ll_apto_get	8	static
C:/ncs/v2.2.0/zephyr/subsys/bluetooth/controller/ll_sw/ull_conn.c:944:9:ll_apto_set	8	static
C:/ncs/v2.2.0/zephyr/subsys/bluetooth/controller/ll_sw/ull_conn.c:961:5:ull_conn_init	0	static
C:/ncs/v2.2.0/zephyr/subsys/bluetooth/controller/ll_sw/ull_conn.c:973:5:ull_conn_reset	8	static
C:/ncs/v2.2.0/zephyr/subsys/bluetooth/controller/ll_sw/ull_conn.c:1002:10:ull_conn_default_tx_octets_get	0	static
C:/ncs/v2.2.0/zephyr/subsys/bluetooth/controller/ll_sw/ull_conn.c:1008:10:ull_conn_default_tx_time_get	0	static
C:/ncs/v2.2.0/zephyr/subsys/bluetooth/controller/ll_sw/ull_conn.c:1016:9:ull_conn_default_phy_tx_get	0	static
C:/ncs/v2.2.0/zephyr/subsys/bluetooth/controller/ll_sw/ull_conn.c:1021:9:ull_conn_default_phy_rx_get	0	static
C:/ncs/v2.2.0/zephyr/subsys/bluetooth/controller/ll_sw/ull_conn.c:1051:6:ull_conn_setup	16	static
C:/ncs/v2.2.0/zephyr/subsys/bluetooth/controller/ll_sw/ull_conn.c:1082:5:ull_conn_rx	16	static
C:/ncs/v2.2.0/zephyr/subsys/bluetooth/controller/ll_sw/ull_conn.c:1169:5:ull_conn_llcp	16	static
C:/ncs/v2.2.0/zephyr/subsys/bluetooth/controller/ll_sw/ull_conn.c:1883:6:ull_conn_tx_demux	24	static
C:/ncs/v2.2.0/zephyr/subsys/bluetooth/controller/ll_sw/ull_conn.c:2540:13:conn_cleanup_finalize	48	static
C:/ncs/v2.2.0/zephyr/subsys/bluetooth/controller/ll_sw/ull_conn.c:1461:6:ull_conn_done	80	static
C:/ncs/v2.2.0/zephyr/subsys/bluetooth/controller/ll_sw/ull_conn.c:1938:6:ull_conn_tx_lll_enqueue	40	static
C:/ncs/v2.2.0/zephyr/subsys/bluetooth/controller/ll_sw/ull_conn.c:2369:13:tx_demux	8	static
C:/ncs/v2.2.0/zephyr/subsys/bluetooth/controller/ll_sw/ull_conn.c:1990:6:ull_conn_link_tx_release	0	static
C:/ncs/v2.2.0/zephyr/subsys/bluetooth/controller/ll_sw/ull_conn.c:1995:9:ull_conn_ack_last_idx_get	0	static
C:/ncs/v2.2.0/zephyr/subsys/bluetooth/controller/ll_sw/ull_conn.c:2000:14:ull_conn_ack_peek	8	static
C:/ncs/v2.2.0/zephyr/subsys/bluetooth/controller/ll_sw/ull_conn.c:2018:14:ull_conn_ack_by_last_peek	4	static
C:/ncs/v2.2.0/zephyr/subsys/bluetooth/controller/ll_sw/ull_conn.c:2035:7:ull_conn_ack_dequeue	0	static
C:/ncs/v2.2.0/zephyr/subsys/bluetooth/controller/ll_sw/ull_conn.c:2040:6:ull_conn_lll_ack_enqueue	16	static
C:/ncs/v2.2.0/zephyr/subsys/bluetooth/controller/ll_sw/ull_conn.c:2054:6:ull_conn_tx_ack	16	static
C:/ncs/v2.2.0/zephyr/subsys/bluetooth/controller/ll_sw/ull_conn.c:2131:10:ull_conn_lll_max_tx_octets_get	0	static
C:/ncs/v2.2.0/zephyr/subsys/bluetooth/controller/ll_sw/ull_conn.c:2235:6:ull_pdu_data_init	0	static
C:/ncs/v2.2.0/zephyr/subsys/bluetooth/controller/ll_sw/ull_conn.c:7880:6:ull_conn_pause_rx_data	0	static
C:/ncs/v2.2.0/zephyr/subsys/bluetooth/controller/ll_sw/ull_conn.c:7888:6:ull_conn_resume_rx_data	0	static
C:/ncs/v2.2.0/zephyr/subsys/bluetooth/controller/ll_sw/ull_conn.c:7894:10:ull_conn_event_counter	0	static
C:/ncs/v2.2.0/zephyr/subsys/bluetooth/controller/ll_sw/ull_conn.c:7909:6:ull_conn_update_parameters	104	static
C:/ncs/v2.2.0/zephyr/subsys/bluetooth/controller/ll_sw/ull_conn.c:8092:6:ull_conn_chan_map_set	8	static
C:/ncs/v2.2.0/zephyr/subsys/bluetooth/controller/ll_sw/ull_conn.c:8138:6:ull_dle_max_time_get	0	static
C:/ncs/v2.2.0/zephyr/subsys/bluetooth/controller/ll_sw/ull_conn.c:8148:9:ull_dle_update_eff	4	static
C:/ncs/v2.2.0/zephyr/subsys/bluetooth/controller/ll_sw/ull_conn.c:8159:9:ull_dle_update_eff_rx	4	static
C:/ncs/v2.2.0/zephyr/subsys/bluetooth/controller/ll_sw/ull_conn.c:8191:9:ull_dle_update_eff_tx	4	static
C:/ncs/v2.2.0/zephyr/subsys/bluetooth/controller/ll_sw/ull_conn.c:8244:6:ull_dle_local_tx_update	0	static
C:/ncs/v2.2.0/zephyr/subsys/bluetooth/controller/ll_sw/ull_conn.c:8259:6:ull_dle_init	8	static
C:/ncs/v2.2.0/zephyr/subsys/bluetooth/controller/ll_sw/ull_conn.c:8311:6:ull_conn_default_tx_octets_set	0	static
C:/ncs/v2.2.0/zephyr/subsys/bluetooth/controller/ll_sw/ull_conn.c:8316:6:ull_conn_default_tx_time_set	0	static
C:/ncs/v2.2.0/zephyr/subsys/bluetooth/controller/ll_sw/ull_conn.c:8322:9:ull_conn_lll_phy_active	0	static
C:/ncs/v2.2.0/zephyr/subsys/bluetooth/controller/ll_sw/ull_conn.c:8336:9:ull_is_lll_tx_queue_empty	8	static
