C:/ncs/v2.2.0/zephyr/subsys/bluetooth/controller/ll_sw/ull_llcp_pdu.c:60:6:llcp_pdu_encode_ping_req	0	static
C:/ncs/v2.2.0/zephyr/subsys/bluetooth/controller/ll_sw/ull_llcp_pdu.c:68:6:llcp_pdu_encode_ping_rsp	0	static
C:/ncs/v2.2.0/zephyr/subsys/bluetooth/controller/ll_sw/ull_llcp_pdu.c:80:6:llcp_pdu_encode_unknown_rsp	0	static
C:/ncs/v2.2.0/zephyr/subsys/bluetooth/controller/ll_sw/ull_llcp_pdu.c:90:6:llcp_pdu_decode_unknown_rsp	0	static
C:/ncs/v2.2.0/zephyr/subsys/bluetooth/controller/ll_sw/ull_llcp_pdu.c:95:6:llcp_ntf_encode_unknown_rsp	0	static
C:/ncs/v2.2.0/zephyr/subsys/bluetooth/controller/ll_sw/ull_llcp_pdu.c:127:6:llcp_pdu_encode_feature_req	0	static
C:/ncs/v2.2.0/zephyr/subsys/bluetooth/controller/ll_sw/ull_llcp_pdu.c:146:6:llcp_pdu_encode_feature_rsp	0	static
C:/ncs/v2.2.0/zephyr/subsys/bluetooth/controller/ll_sw/ull_llcp_pdu.c:167:6:llcp_ntf_encode_feature_rsp	0	static
C:/ncs/v2.2.0/zephyr/subsys/bluetooth/controller/ll_sw/ull_llcp_pdu.c:180:6:llcp_pdu_decode_feature_req	4	static
C:/ncs/v2.2.0/zephyr/subsys/bluetooth/controller/ll_sw/ull_llcp_pdu.c:193:6:llcp_pdu_decode_feature_rsp	0	static
C:/ncs/v2.2.0/zephyr/subsys/bluetooth/controller/ll_sw/ull_llcp_pdu.c:209:6:llcp_pdu_encode_min_used_chans_ind	0	static
C:/ncs/v2.2.0/zephyr/subsys/bluetooth/controller/ll_sw/ull_llcp_pdu.c:235:6:llcp_pdu_encode_terminate_ind	0	static
C:/ncs/v2.2.0/zephyr/subsys/bluetooth/controller/ll_sw/ull_llcp_pdu.c:247:6:llcp_ntf_encode_terminate_ind	0	static
C:/ncs/v2.2.0/zephyr/subsys/bluetooth/controller/ll_sw/ull_llcp_pdu.c:259:6:llcp_pdu_decode_terminate_ind	0	static
C:/ncs/v2.2.0/zephyr/subsys/bluetooth/controller/ll_sw/ull_llcp_pdu.c:267:6:llcp_pdu_encode_version_ind	0	static
C:/ncs/v2.2.0/zephyr/subsys/bluetooth/controller/ll_sw/ull_llcp_pdu.c:286:6:llcp_ntf_encode_version_ind	0	static
C:/ncs/v2.2.0/zephyr/subsys/bluetooth/controller/ll_sw/ull_llcp_pdu.c:301:6:llcp_pdu_decode_version_ind	0	static
C:/ncs/v2.2.0/zephyr/subsys/bluetooth/controller/ll_sw/ull_llcp_pdu.c:348:6:llcp_ntf_encode_enc_req	0	static
C:/ncs/v2.2.0/zephyr/subsys/bluetooth/controller/ll_sw/ull_llcp_pdu.c:363:6:llcp_pdu_encode_enc_rsp	8	static
C:/ncs/v2.2.0/zephyr/subsys/bluetooth/controller/ll_sw/ull_llcp_pdu.c:380:6:llcp_pdu_encode_start_enc_req	0	static
C:/ncs/v2.2.0/zephyr/subsys/bluetooth/controller/ll_sw/ull_llcp_pdu.c:389:6:llcp_pdu_encode_start_enc_rsp	0	static
C:/ncs/v2.2.0/zephyr/subsys/bluetooth/controller/ll_sw/ull_llcp_pdu.c:407:6:llcp_pdu_encode_pause_enc_rsp	0	static
C:/ncs/v2.2.0/zephyr/subsys/bluetooth/controller/ll_sw/ull_llcp_pdu.c:416:6:llcp_pdu_encode_reject_ind	0	static
C:/ncs/v2.2.0/zephyr/subsys/bluetooth/controller/ll_sw/ull_llcp_pdu.c:425:6:llcp_pdu_encode_reject_ext_ind	0	static
C:/ncs/v2.2.0/zephyr/subsys/bluetooth/controller/ll_sw/ull_llcp_pdu.c:435:6:llcp_pdu_decode_reject_ext_ind	0	static
C:/ncs/v2.2.0/zephyr/subsys/bluetooth/controller/ll_sw/ull_llcp_pdu.c:441:6:llcp_ntf_encode_reject_ext_ind	0	static
C:/ncs/v2.2.0/zephyr/subsys/bluetooth/controller/ll_sw/ull_llcp_pdu.c:460:6:llcp_pdu_encode_phy_req	0	static
C:/ncs/v2.2.0/zephyr/subsys/bluetooth/controller/ll_sw/ull_llcp_pdu.c:470:6:llcp_pdu_decode_phy_req	0	static
C:/ncs/v2.2.0/zephyr/subsys/bluetooth/controller/ll_sw/ull_llcp_pdu.c:477:6:llcp_pdu_encode_phy_rsp	0	static
C:/ncs/v2.2.0/zephyr/subsys/bluetooth/controller/ll_sw/ull_llcp_pdu.c:486:6:llcp_pdu_decode_phy_update_ind	0	static
C:/ncs/v2.2.0/zephyr/subsys/bluetooth/controller/ll_sw/ull_llcp_pdu.c:517:6:llcp_pdu_encode_conn_param_req	0	static
C:/ncs/v2.2.0/zephyr/subsys/bluetooth/controller/ll_sw/ull_llcp_pdu.c:541:6:llcp_pdu_encode_conn_param_rsp	0	static
C:/ncs/v2.2.0/zephyr/subsys/bluetooth/controller/ll_sw/ull_llcp_pdu.c:565:6:llcp_pdu_decode_conn_param_req	0	static
C:/ncs/v2.2.0/zephyr/subsys/bluetooth/controller/ll_sw/ull_llcp_pdu.c:584:6:llcp_pdu_decode_conn_param_rsp	0	static
C:/ncs/v2.2.0/zephyr/subsys/bluetooth/controller/ll_sw/ull_llcp_pdu.c:604:6:llcp_pdu_encode_conn_update_ind	0	static
C:/ncs/v2.2.0/zephyr/subsys/bluetooth/controller/ll_sw/ull_llcp_pdu.c:622:6:llcp_pdu_decode_conn_update_ind	0	static
C:/ncs/v2.2.0/zephyr/subsys/bluetooth/controller/ll_sw/ull_llcp_pdu.c:638:6:llcp_pdu_encode_chan_map_update_ind	0	static
C:/ncs/v2.2.0/zephyr/subsys/bluetooth/controller/ll_sw/ull_llcp_pdu.c:651:6:llcp_pdu_decode_chan_map_update_ind	0	static
C:/ncs/v2.2.0/zephyr/subsys/bluetooth/controller/ll_sw/ull_llcp_pdu.c:661:6:llcp_pdu_encode_length_req	0	static
C:/ncs/v2.2.0/zephyr/subsys/bluetooth/controller/ll_sw/ull_llcp_pdu.c:675:6:llcp_pdu_encode_length_rsp	0	static
C:/ncs/v2.2.0/zephyr/subsys/bluetooth/controller/ll_sw/ull_llcp_pdu.c:689:6:llcp_ntf_encode_length_change	0	static
C:/ncs/v2.2.0/zephyr/subsys/bluetooth/controller/ll_sw/ull_llcp_pdu.c:740:6:llcp_pdu_decode_length_req	12	static
C:/ncs/v2.2.0/zephyr/subsys/bluetooth/controller/ll_sw/ull_llcp_pdu.c:757:6:llcp_pdu_decode_length_rsp	12	static
