C:/ncs/v2.2.0/zephyr/subsys/bluetooth/controller/ll_sw/ull_adv_aux.c:2880:17:aux_time_get	8	static
C:/ncs/v2.2.0/zephyr/subsys/bluetooth/controller/ll_sw/ull_adv_aux.c:3106:13:ticker_op_cb	0	static
C:/ncs/v2.2.0/zephyr/subsys/bluetooth/controller/ll_sw/ull_adv_aux.c:3055:13:ticker_cb	32	static
C:/ncs/v2.2.0/zephyr/subsys/bluetooth/controller/ll_sw/ull_adv_aux.c:72:9:ll_adv_aux_random_addr_set	8	static
C:/ncs/v2.2.0/zephyr/subsys/bluetooth/controller/ll_sw/ull_adv_aux.c:1246:10:ll_adv_aux_max_data_length_get	0	static
C:/ncs/v2.2.0/zephyr/subsys/bluetooth/controller/ll_sw/ull_adv_aux.c:1251:9:ll_adv_aux_set_count_get	0	static
C:/ncs/v2.2.0/zephyr/subsys/bluetooth/controller/ll_sw/ull_adv_aux.c:1256:9:ll_adv_aux_set_remove	16	static
C:/ncs/v2.2.0/zephyr/subsys/bluetooth/controller/ll_sw/ull_adv_aux.c:1325:9:ll_adv_aux_set_clear	8	static
C:/ncs/v2.2.0/zephyr/subsys/bluetooth/controller/ll_sw/ull_adv_aux.c:1341:5:ull_adv_aux_init	8	static
C:/ncs/v2.2.0/zephyr/subsys/bluetooth/controller/ll_sw/ull_adv_aux.c:1358:5:ull_adv_aux_reset_finalize	8	static
C:/ncs/v2.2.0/zephyr/subsys/bluetooth/controller/ll_sw/ull_adv_aux.c:1370:9:ull_adv_aux_chm_update	24	static
C:/ncs/v2.2.0/zephyr/subsys/bluetooth/controller/ll_sw/ull_adv_aux.c:1974:9:ull_adv_aux_pdu_set_clear	88	static
C:/ncs/v2.2.0/zephyr/subsys/bluetooth/controller/ll_sw/ull_adv_aux.c:2376:10:ull_adv_aux_did_next_unique_get	0	static
C:/ncs/v2.2.0/zephyr/subsys/bluetooth/controller/ll_sw/ull_adv_aux.c:2384:6:ull_adv_aux_ptr_fill	16	static
C:/ncs/v2.2.0/zephyr/subsys/bluetooth/controller/ll_sw/ull_adv_aux.c:2413:16:ull_adv_aux_handle_get	8	static
C:/ncs/v2.2.0/zephyr/subsys/bluetooth/controller/ll_sw/ull_adv_aux.c:2419:9:ull_adv_aux_lll_handle_get	8	static
C:/ncs/v2.2.0/zephyr/subsys/bluetooth/controller/ll_sw/ull_adv_aux.c:2486:10:ull_adv_aux_start	80	static
C:/ncs/v2.2.0/zephyr/subsys/bluetooth/controller/ll_sw/ull_adv_aux.c:2512:5:ull_adv_aux_stop	16	static
C:/ncs/v2.2.0/zephyr/subsys/bluetooth/controller/ll_sw/ull_adv_aux.c:2531:24:ull_adv_aux_acquire	16	static
C:/ncs/v2.2.0/zephyr/subsys/bluetooth/controller/ll_sw/ull_adv_aux.c:1407:9:ull_adv_aux_hdr_set_clear	176	static
C:/ncs/v2.2.0/zephyr/subsys/bluetooth/controller/ll_sw/ull_adv_aux.c:650:9:ll_adv_aux_sr_data_set	64	static
C:/ncs/v2.2.0/zephyr/subsys/bluetooth/controller/ll_sw/ull_adv_aux.c:2573:6:ull_adv_aux_release	8	static
C:/ncs/v2.2.0/zephyr/subsys/bluetooth/controller/ll_sw/ull_adv_aux.c:2579:24:ull_adv_aux_get	0	static
C:/ncs/v2.2.0/zephyr/subsys/bluetooth/controller/ll_sw/ull_adv_aux.c:2588:10:ull_adv_aux_time_get	8	static
C:/ncs/v2.2.0/zephyr/subsys/bluetooth/controller/ll_sw/ull_adv_aux.c:2424:10:ull_adv_aux_evt_init	24	static
C:/ncs/v2.2.0/zephyr/subsys/bluetooth/controller/ll_sw/ull_adv_aux.c:91:9:ll_adv_aux_ad_data_set	56	static
C:/ncs/v2.2.0/zephyr/subsys/bluetooth/controller/ll_sw/ull_adv_aux.c:2638:6:ull_adv_aux_offset_get	8	static
C:/ncs/v2.2.0/zephyr/subsys/bluetooth/controller/ll_sw/ull_adv_aux.c:2655:25:ull_adv_aux_lll_offset_fill	16	static
C:/ncs/v2.2.0/zephyr/subsys/bluetooth/controller/ll_sw/ull_adv_aux.c:2960:13:mfy_aux_offset_get	112	static
C:/ncs/v2.2.0/zephyr/subsys/bluetooth/controller/ll_sw/ull_adv_aux.c:2702:6:ull_adv_aux_done	0	static
C:/ncs/v2.2.0/zephyr/subsys/bluetooth/controller/ll_sw/ull_adv_aux.c:2730:6:ull_adv_aux_chain_pdu_duplicate	40	static
