C:/ncs/v2.2.0/zephyr/subsys/bluetooth/controller/ll_sw/ull_llcp_remote.c:509:13:rr_act_disconnect	8	static
C:/ncs/v2.2.0/zephyr/subsys/bluetooth/controller/ll_sw/ull_llcp_remote.c:112:13:rr_check_done.part.0	16	static
C:/ncs/v2.2.0/zephyr/subsys/bluetooth/controller/ll_sw/ull_llcp_remote.c:336:13:rr_act_run	16	static
C:/ncs/v2.2.0/zephyr/subsys/bluetooth/controller/ll_sw/ull_llcp_remote.c:648:13:rr_st_active.constprop	16	static
C:/ncs/v2.2.0/zephyr/subsys/bluetooth/controller/ll_sw/ull_llcp_remote.c:472:13:rr_act_unsupported	16	static
C:/ncs/v2.2.0/zephyr/subsys/bluetooth/controller/ll_sw/ull_llcp_remote.c:456:13:rr_act_reject	16	static
C:/ncs/v2.2.0/zephyr/subsys/bluetooth/controller/ll_sw/ull_llcp_remote.c:692:13:rr_execute_fsm	24	static
C:/ncs/v2.2.0/zephyr/subsys/bluetooth/controller/ll_sw/ull_llcp_remote.c:134:6:llcp_rr_set_incompat	0	static
C:/ncs/v2.2.0/zephyr/subsys/bluetooth/controller/ll_sw/ull_llcp_remote.c:139:6:llcp_rr_set_paused_cmd	0	static
C:/ncs/v2.2.0/zephyr/subsys/bluetooth/controller/ll_sw/ull_llcp_remote.c:146:16:llcp_rr_get_paused_cmd	0	static
C:/ncs/v2.2.0/zephyr/subsys/bluetooth/controller/ll_sw/ull_llcp_remote.c:165:6:llcp_rr_get_collision	0	static
C:/ncs/v2.2.0/zephyr/subsys/bluetooth/controller/ll_sw/ull_llcp_remote.c:183:18:llcp_rr_peek	0	static
C:/ncs/v2.2.0/zephyr/subsys/bluetooth/controller/ll_sw/ull_llcp_remote.c:191:6:llcp_rr_ispaused	0	static
C:/ncs/v2.2.0/zephyr/subsys/bluetooth/controller/ll_sw/ull_llcp_remote.c:196:6:llcp_rr_pause	0	static
C:/ncs/v2.2.0/zephyr/subsys/bluetooth/controller/ll_sw/ull_llcp_remote.c:201:6:llcp_rr_resume	0	static
C:/ncs/v2.2.0/zephyr/subsys/bluetooth/controller/ll_sw/ull_llcp_remote.c:206:6:llcp_rr_prt_restart	0	static
C:/ncs/v2.2.0/zephyr/subsys/bluetooth/controller/ll_sw/ull_llcp_remote.c:211:6:llcp_rr_prt_stop	0	static
C:/ncs/v2.2.0/zephyr/subsys/bluetooth/controller/ll_sw/ull_llcp_remote.c:216:6:llcp_rr_rx	16	static
C:/ncs/v2.2.0/zephyr/subsys/bluetooth/controller/ll_sw/ull_llcp_remote.c:289:6:llcp_rr_tx_ack	16	static
C:/ncs/v2.2.0/zephyr/subsys/bluetooth/controller/ll_sw/ull_llcp_remote.c:315:6:llcp_rr_tx_ntf	16	static
C:/ncs/v2.2.0/zephyr/subsys/bluetooth/controller/ll_sw/ull_llcp_remote.c:719:6:llcp_rr_init	0	static
C:/ncs/v2.2.0/zephyr/subsys/bluetooth/controller/ll_sw/ull_llcp_remote.c:725:6:llcp_rr_prepare	0	static
C:/ncs/v2.2.0/zephyr/subsys/bluetooth/controller/ll_sw/ull_llcp_remote.c:730:6:llcp_rr_run	0	static
C:/ncs/v2.2.0/zephyr/subsys/bluetooth/controller/ll_sw/ull_llcp_remote.c:735:6:llcp_rr_complete	0	static
C:/ncs/v2.2.0/zephyr/subsys/bluetooth/controller/ll_sw/ull_llcp_remote.c:740:6:llcp_rr_connect	0	static
C:/ncs/v2.2.0/zephyr/subsys/bluetooth/controller/ll_sw/ull_llcp_remote.c:745:6:llcp_rr_disconnect	0	static
C:/ncs/v2.2.0/zephyr/subsys/bluetooth/controller/ll_sw/ull_llcp_remote.c:836:6:llcp_rr_new	16	static
