C:/ncs/v2.2.0/zephyr/subsys/bluetooth/controller/ll_sw/ull_llcp_local.c:352:13:lr_act_disconnect	8	static
C:/ncs/v2.2.0/zephyr/subsys/bluetooth/controller/ll_sw/ull_llcp_local.c:74:13:lr_check_done.part.0	16	static
C:/ncs/v2.2.0/zephyr/subsys/bluetooth/controller/ll_sw/ull_llcp_local.c:262:13:lr_act_run	16	static
C:/ncs/v2.2.0/zephyr/subsys/bluetooth/controller/ll_sw/ull_llcp_local.c:419:13:lr_st_active.constprop	16	static
C:/ncs/v2.2.0/zephyr/subsys/bluetooth/controller/ll_sw/ull_llcp_local.c:463:13:lr_execute_fsm.constprop	16	static
C:/ncs/v2.2.0/zephyr/subsys/bluetooth/controller/ll_sw/ull_llcp_local.c:96:6:llcp_lr_enqueue	0	static
C:/ncs/v2.2.0/zephyr/subsys/bluetooth/controller/ll_sw/ull_llcp_local.c:109:18:llcp_lr_peek	0	static
C:/ncs/v2.2.0/zephyr/subsys/bluetooth/controller/ll_sw/ull_llcp_local.c:117:6:llcp_lr_ispaused	0	static
C:/ncs/v2.2.0/zephyr/subsys/bluetooth/controller/ll_sw/ull_llcp_local.c:122:6:llcp_lr_pause	0	static
C:/ncs/v2.2.0/zephyr/subsys/bluetooth/controller/ll_sw/ull_llcp_local.c:127:6:llcp_lr_resume	0	static
C:/ncs/v2.2.0/zephyr/subsys/bluetooth/controller/ll_sw/ull_llcp_local.c:132:6:llcp_lr_prt_restart	0	static
C:/ncs/v2.2.0/zephyr/subsys/bluetooth/controller/ll_sw/ull_llcp_local.c:137:6:llcp_lr_prt_restart_with_value	0	static
C:/ncs/v2.2.0/zephyr/subsys/bluetooth/controller/ll_sw/ull_llcp_local.c:142:6:llcp_lr_prt_stop	0	static
C:/ncs/v2.2.0/zephyr/subsys/bluetooth/controller/ll_sw/ull_llcp_local.c:147:6:llcp_lr_rx	16	static
C:/ncs/v2.2.0/zephyr/subsys/bluetooth/controller/ll_sw/ull_llcp_local.c:213:6:llcp_lr_tx_ack	16	static
C:/ncs/v2.2.0/zephyr/subsys/bluetooth/controller/ll_sw/ull_llcp_local.c:246:6:llcp_lr_tx_ntf	16	static
C:/ncs/v2.2.0/zephyr/subsys/bluetooth/controller/ll_sw/ull_llcp_local.c:484:6:llcp_lr_init	0	static
C:/ncs/v2.2.0/zephyr/subsys/bluetooth/controller/ll_sw/ull_llcp_local.c:490:6:llcp_lr_run	0	static
C:/ncs/v2.2.0/zephyr/subsys/bluetooth/controller/ll_sw/ull_llcp_local.c:495:6:llcp_lr_complete	0	static
C:/ncs/v2.2.0/zephyr/subsys/bluetooth/controller/ll_sw/ull_llcp_local.c:500:6:llcp_lr_connect	8	static
C:/ncs/v2.2.0/zephyr/subsys/bluetooth/controller/ll_sw/ull_llcp_local.c:505:6:llcp_lr_disconnect	8	static
C:/ncs/v2.2.0/zephyr/subsys/bluetooth/controller/ll_sw/ull_llcp_local.c:510:6:llcp_lr_abort	16	static
