C:/ncs/v2.2.0/zephyr/subsys/fs/littlefs_fs.c:244:12:lfs_api_sync	0	static
C:/ncs/v2.2.0/zephyr/subsys/fs/littlefs_fs.c:580:13:get_page_cb	12	static
C:/ncs/v2.2.0/zephyr/subsys/fs/littlefs_fs.c:969:12:littlefs_init	0	static
C:/ncs/v2.2.0/zephyr/subsys/fs/littlefs_fs.c:249:13:release_file_data	8	static
C:/ncs/v2.2.0/zephyr/subsys/fs/littlefs_fs.c:91:12:lfs_to_errno	0	static
C:/ncs/v2.2.0/zephyr/subsys/fs/littlefs_fs.c:126:12:errno_to_lfs	0	static
C:/ncs/v2.2.0/zephyr/subsys/fs/littlefs_fs.c:184:12:lfs_api_erase	8	static
C:/ncs/v2.2.0/zephyr/subsys/fs/littlefs_fs.c:173:12:lfs_api_prog	16	static
C:/ncs/v2.2.0/zephyr/subsys/fs/littlefs_fs.c:162:12:lfs_api_read	16	static
C:/ncs/v2.2.0/zephyr/subsys/fs/littlefs_fs.c:479:13:info_to_dirent	8	static
C:/Users/jp/repos/ZSWatch/app/build/zephyr/include/generated/syscalls/log_msg.h:24:20:z_log_msg_static_create.constprop	0	static
C:/ncs/v2.2.0/zephyr/subsys/fs/littlefs_fs.c:81:20:fs_lock	0	static
C:/Users/jp/repos/ZSWatch/app/build/zephyr/include/generated/syscalls/kernel.h:944:19:k_mutex_unlock.isra	0	static
C:/ncs/v2.2.0/zephyr/subsys/fs/littlefs_fs.c:276:12:littlefs_open	40	static
C:/ncs/v2.2.0/zephyr/subsys/fs/littlefs_fs.c:360:16:littlefs_read	24	static
C:/ncs/v2.2.0/zephyr/subsys/fs/littlefs_fs.c:372:16:littlefs_write	24	static
C:/ncs/v2.2.0/zephyr/subsys/fs/littlefs_fs.c:388:12:littlefs_seek	24	static
C:/ncs/v2.2.0/zephyr/subsys/fs/littlefs_fs.c:405:14:littlefs_tell	16	static
C:/ncs/v2.2.0/zephyr/subsys/fs/littlefs_fs.c:417:12:littlefs_truncate	16	static
C:/ncs/v2.2.0/zephyr/subsys/fs/littlefs_fs.c:429:12:littlefs_sync	16	static
C:/ncs/v2.2.0/zephyr/subsys/fs/littlefs_fs.c:315:12:littlefs_close	16	static
C:/ncs/v2.2.0/zephyr/subsys/fs/littlefs_fs.c:454:12:littlefs_opendir	16	static
C:/ncs/v2.2.0/zephyr/subsys/fs/littlefs_fs.c:488:12:littlefs_readdir	280	static
C:/ncs/v2.2.0/zephyr/subsys/fs/littlefs_fs.c:509:12:littlefs_closedir	16	static
C:/ncs/v2.2.0/zephyr/subsys/fs/littlefs_fs.c:863:12:littlefs_unmount	56	dynamic,bounded
C:/ncs/v2.2.0/zephyr/subsys/fs/littlefs_fs.c:330:12:littlefs_unlink	16	static
C:/ncs/v2.2.0/zephyr/subsys/fs/littlefs_fs.c:344:12:littlefs_rename	24	static
C:/ncs/v2.2.0/zephyr/subsys/fs/littlefs_fs.c:441:12:littlefs_mkdir	16	static
C:/ncs/v2.2.0/zephyr/subsys/fs/littlefs_fs.c:524:12:littlefs_stat	280	static
C:/ncs/v2.2.0/zephyr/subsys/fs/littlefs_fs.c:546:12:littlefs_statvfs	16	static
C:/ncs/v2.2.0/zephyr/subsys/fs/littlefs_fs.c:651:12:littlefs_mount	400	dynamic,bounded
