C:/Users/jp/repos/ZSWatch/app/src/main.c:251:13:async_turn_off_buttons_allocation	0	static
C:/Users/jp/repos/ZSWatch/app/src/main.c:230:13:on_notification_page_close	8	static
C:/Users/jp/repos/ZSWatch/app/src/main.c:173:13:open_notifications_page	792	static
C:/Users/jp/repos/ZSWatch/app/src/main.c:243:13:on_close_application_manager	8	static
C:/Users/jp/repos/ZSWatch/app/src/main.c:184:13:open_application_manager_page	8	static
C:/Users/jp/repos/ZSWatch/app/src/main.c:237:13:on_notification_page_notification_close	0	static
C:/Users/jp/repos/ZSWatch/app/src/main.c:222:13:on_popup_notifcation_closed	8	static
C:/Users/jp/repos/ZSWatch/app/src/main.c:302:13:enocoder_read	16	static
C:/Users/jp/repos/ZSWatch/app/src/main.c:348:13:ble_data_cb	8	static
C:/Users/jp/repos/ZSWatch/app/src/main.c:113:13:lvgl_render	8	static
C:/ncs/v2.2.0/zephyr/include/zephyr/kernel.h:439:23:k_msleep.isra	8	static
C:/Users/jp/repos/ZSWatch/app/src/main.c:161:13:open_notification_popup	24	static
C:/Users/jp/repos/ZSWatch/app/src/main.c:192:13:play_press_vibration	8	static
C:/Users/jp/repos/ZSWatch/app/src/main.c:339:6:encoder_vibration	0	static
C:/Users/jp/repos/ZSWatch/app/src/main.c:256:13:onButtonPressCb	136	dynamic,bounded
C:/Users/jp/repos/ZSWatch/app/src/main.c:83:6:run_init_work	48	dynamic,bounded
C:/Users/jp/repos/ZSWatch/app/src/main.c:371:13:app_event_handler	112	dynamic,bounded
C:/Users/jp/repos/ZSWatch/app/src/main.c:119:6:main	0	static
