C:/ncs/v2.2.0/zephyr/drivers/pwm/pwm_nrfx.c:219:12:pwm_nrfx_get_cycles_per_sec	0	static
C:/ncs/v2.2.0/modules/hal/nordic/nrfx/hal/nrf_gpio.h:581:35:nrf_gpio_pin_port_decode	8	static
C:/ncs/v2.2.0/zephyr/include/zephyr/drivers/pinctrl.h:342:19:pinctrl_apply_state	16	static
C:/ncs/v2.2.0/zephyr/drivers/pwm/pwm_nrfx.c:105:12:pwm_nrfx_set_cycles	112	dynamic,bounded
C:/ncs/v2.2.0/zephyr/drivers/pwm/pwm_nrfx.c:236:12:pwm_nrfx_init	64	dynamic,bounded
C:/ncs/v2.2.0/zephyr/drivers/pwm/pwm_nrfx.c:291:12:pwm_nrfx_pm_action	16	static
