C:/ncs/v2.2.0/zephyr/subsys/bluetooth/controller/ll_sw/nordic/hal/nrf5/radio/radio.c:137:6:isr_radio	0	static
C:/ncs/v2.2.0/zephyr/subsys/bluetooth/controller/ll_sw/nordic/hal/nrf5/radio/radio.c:144:6:radio_isr_set	16	static
C:/ncs/v2.2.0/zephyr/subsys/bluetooth/controller/ll_sw/nordic/hal/nrf5/radio/radio.c:167:6:radio_setup	0	static
C:/ncs/v2.2.0/zephyr/subsys/bluetooth/controller/ll_sw/nordic/hal/nrf5/radio/radio.c:205:6:radio_reset	8	static
C:/ncs/v2.2.0/zephyr/subsys/bluetooth/controller/ll_sw/nordic/hal/nrf5/radio/radio.c:232:6:radio_stop	0	static
C:/ncs/v2.2.0/zephyr/subsys/bluetooth/controller/ll_sw/nordic/hal/nrf5/radio/radio.c:237:6:radio_phy_set	0	static
C:/ncs/v2.2.0/zephyr/subsys/bluetooth/controller/ll_sw/nordic/hal/nrf5/radio/radio.c:252:6:radio_tx_power_set	0	static
C:/ncs/v2.2.0/zephyr/subsys/bluetooth/controller/ll_sw/nordic/hal/nrf5/radio/radio.c:273:6:radio_tx_power_max_set	0	static
C:/ncs/v2.2.0/zephyr/subsys/bluetooth/controller/ll_sw/nordic/hal/nrf5/radio/radio.c:281:8:radio_tx_power_min_get	0	static
C:/ncs/v2.2.0/zephyr/subsys/bluetooth/controller/ll_sw/nordic/hal/nrf5/radio/radio.c:286:8:radio_tx_power_max_get	0	static
C:/ncs/v2.2.0/zephyr/subsys/bluetooth/controller/ll_sw/nordic/hal/nrf5/radio/radio.c:297:8:radio_tx_power_floor	0	static
C:/ncs/v2.2.0/zephyr/subsys/bluetooth/controller/ll_sw/nordic/hal/nrf5/radio/radio.c:311:6:radio_freq_chan_set	0	static
C:/ncs/v2.2.0/zephyr/subsys/bluetooth/controller/ll_sw/nordic/hal/nrf5/radio/radio.c:316:6:radio_whiten_iv_set	0	static
C:/ncs/v2.2.0/zephyr/subsys/bluetooth/controller/ll_sw/nordic/hal/nrf5/radio/radio.c:325:6:radio_aa_set	0	static
C:/ncs/v2.2.0/zephyr/subsys/bluetooth/controller/ll_sw/nordic/hal/nrf5/radio/radio.c:336:6:radio_pkt_configure	0	static
C:/ncs/v2.2.0/zephyr/subsys/bluetooth/controller/ll_sw/nordic/hal/nrf5/radio/radio.c:418:6:radio_pkt_rx_set	0	static
C:/ncs/v2.2.0/zephyr/subsys/bluetooth/controller/ll_sw/nordic/hal/nrf5/radio/radio.c:423:6:radio_pkt_tx_set	0	static
C:/ncs/v2.2.0/zephyr/subsys/bluetooth/controller/ll_sw/nordic/hal/nrf5/radio/radio.c:428:10:radio_tx_ready_delay_get	0	static
C:/ncs/v2.2.0/zephyr/subsys/bluetooth/controller/ll_sw/nordic/hal/nrf5/radio/radio.c:433:10:radio_tx_chain_delay_get	0	static
C:/ncs/v2.2.0/zephyr/subsys/bluetooth/controller/ll_sw/nordic/hal/nrf5/radio/radio.c:438:10:radio_rx_ready_delay_get	0	static
C:/ncs/v2.2.0/zephyr/subsys/bluetooth/controller/ll_sw/nordic/hal/nrf5/radio/radio.c:443:10:radio_rx_chain_delay_get	0	static
C:/ncs/v2.2.0/zephyr/subsys/bluetooth/controller/ll_sw/nordic/hal/nrf5/radio/radio.c:448:6:radio_rx_enable	0	static
C:/ncs/v2.2.0/zephyr/subsys/bluetooth/controller/ll_sw/nordic/hal/nrf5/radio/radio.c:470:6:radio_tx_enable	0	static
C:/ncs/v2.2.0/zephyr/subsys/bluetooth/controller/ll_sw/nordic/hal/nrf5/radio/radio.c:492:6:radio_disable	4	static
C:/ncs/v2.2.0/zephyr/subsys/bluetooth/controller/ll_sw/nordic/hal/nrf5/radio/radio.c:502:6:radio_status_reset	0	static
C:/ncs/v2.2.0/zephyr/subsys/bluetooth/controller/ll_sw/nordic/hal/nrf5/radio/radio.c:525:10:radio_is_ready	0	static
C:/ncs/v2.2.0/zephyr/subsys/bluetooth/controller/ll_sw/nordic/hal/nrf5/radio/radio.c:548:10:radio_is_done	0	static
C:/ncs/v2.2.0/zephyr/subsys/bluetooth/controller/ll_sw/nordic/hal/nrf5/radio/radio.c:554:10:radio_has_disabled	0	static
C:/ncs/v2.2.0/zephyr/subsys/bluetooth/controller/ll_sw/nordic/hal/nrf5/radio/radio.c:559:10:radio_is_idle	0	static
C:/ncs/v2.2.0/zephyr/subsys/bluetooth/controller/ll_sw/nordic/hal/nrf5/radio/radio.c:564:6:radio_crc_configure	0	static
C:/ncs/v2.2.0/zephyr/subsys/bluetooth/controller/ll_sw/nordic/hal/nrf5/radio/radio.c:575:10:radio_crc_is_valid	0	static
C:/ncs/v2.2.0/zephyr/subsys/bluetooth/controller/ll_sw/nordic/hal/nrf5/radio/radio.c:584:7:radio_pkt_empty_get	0	static
C:/ncs/v2.2.0/zephyr/subsys/bluetooth/controller/ll_sw/nordic/hal/nrf5/radio/radio.c:589:7:radio_pkt_scratch_get	0	static
C:/ncs/v2.2.0/zephyr/subsys/bluetooth/controller/ll_sw/nordic/hal/nrf5/radio/radio.c:633:6:sw_switch	28	static
C:/ncs/v2.2.0/zephyr/subsys/bluetooth/controller/ll_sw/nordic/hal/nrf5/radio/radio.c:834:6:radio_switch_complete_and_rx	20	static
C:/ncs/v2.2.0/zephyr/subsys/bluetooth/controller/ll_sw/nordic/hal/nrf5/radio/radio.c:852:6:radio_switch_complete_and_tx	32	static
C:/ncs/v2.2.0/zephyr/subsys/bluetooth/controller/ll_sw/nordic/hal/nrf5/radio/radio.c:867:6:radio_switch_complete_with_delay_compensation_and_tx	32	static
C:/ncs/v2.2.0/zephyr/subsys/bluetooth/controller/ll_sw/nordic/hal/nrf5/radio/radio.c:881:6:radio_switch_complete_and_b2b_tx	32	static
C:/ncs/v2.2.0/zephyr/subsys/bluetooth/controller/ll_sw/nordic/hal/nrf5/radio/radio.c:896:6:radio_switch_complete_and_b2b_rx	32	static
C:/ncs/v2.2.0/zephyr/subsys/bluetooth/controller/ll_sw/nordic/hal/nrf5/radio/radio.c:911:6:radio_switch_complete_and_disable	0	static
C:/ncs/v2.2.0/zephyr/subsys/bluetooth/controller/ll_sw/nordic/hal/nrf5/radio/radio.c:921:9:radio_phy_flags_rx_get	0	static
C:/ncs/v2.2.0/zephyr/subsys/bluetooth/controller/ll_sw/nordic/hal/nrf5/radio/radio.c:934:6:radio_rssi_measure	0	static
C:/ncs/v2.2.0/zephyr/subsys/bluetooth/controller/ll_sw/nordic/hal/nrf5/radio/radio.c:941:10:radio_rssi_get	0	static
C:/ncs/v2.2.0/zephyr/subsys/bluetooth/controller/ll_sw/nordic/hal/nrf5/radio/radio.c:946:6:radio_rssi_status_reset	0	static
C:/ncs/v2.2.0/zephyr/subsys/bluetooth/controller/ll_sw/nordic/hal/nrf5/radio/radio.c:951:10:radio_rssi_is_ready	0	static
C:/ncs/v2.2.0/zephyr/subsys/bluetooth/controller/ll_sw/nordic/hal/nrf5/radio/radio.c:956:6:radio_filter_configure	4	static
C:/ncs/v2.2.0/zephyr/subsys/bluetooth/controller/ll_sw/nordic/hal/nrf5/radio/radio.c:973:6:radio_filter_disable	0	static
C:/ncs/v2.2.0/zephyr/subsys/bluetooth/controller/ll_sw/nordic/hal/nrf5/radio/radio.c:978:6:radio_filter_status_reset	0	static
C:/ncs/v2.2.0/zephyr/subsys/bluetooth/controller/ll_sw/nordic/hal/nrf5/radio/radio.c:983:10:radio_filter_has_match	0	static
C:/ncs/v2.2.0/zephyr/subsys/bluetooth/controller/ll_sw/nordic/hal/nrf5/radio/radio.c:988:10:radio_filter_match_get	0	static
C:/ncs/v2.2.0/zephyr/subsys/bluetooth/controller/ll_sw/nordic/hal/nrf5/radio/radio.c:993:6:radio_bc_configure	0	static
C:/ncs/v2.2.0/zephyr/subsys/bluetooth/controller/ll_sw/nordic/hal/nrf5/radio/radio.c:999:6:radio_bc_status_reset	0	static
C:/ncs/v2.2.0/zephyr/subsys/bluetooth/controller/ll_sw/nordic/hal/nrf5/radio/radio.c:1004:10:radio_bc_has_match	0	static
C:/ncs/v2.2.0/zephyr/subsys/bluetooth/controller/ll_sw/nordic/hal/nrf5/radio/radio.c:1009:6:radio_tmr_status_reset	0	static
C:/ncs/v2.2.0/zephyr/subsys/bluetooth/controller/ll_sw/nordic/hal/nrf5/radio/radio.c:1041:6:radio_tmr_tifs_set	0	static
C:/ncs/v2.2.0/zephyr/subsys/bluetooth/controller/ll_sw/nordic/hal/nrf5/radio/radio.c:1051:10:radio_tmr_start	28	static
C:/ncs/v2.2.0/zephyr/subsys/bluetooth/controller/ll_sw/nordic/hal/nrf5/radio/radio.c:1102:10:radio_tmr_start_tick	8	static
C:/ncs/v2.2.0/zephyr/subsys/bluetooth/controller/ll_sw/nordic/hal/nrf5/radio/radio.c:1144:10:radio_tmr_start_us	12	static
C:/ncs/v2.2.0/zephyr/subsys/bluetooth/controller/ll_sw/nordic/hal/nrf5/radio/radio.c:1189:10:radio_tmr_start_now	12	static
C:/ncs/v2.2.0/zephyr/subsys/bluetooth/controller/ll_sw/nordic/hal/nrf5/radio/radio.c:1222:10:radio_tmr_start_get	0	static
C:/ncs/v2.2.0/zephyr/subsys/bluetooth/controller/ll_sw/nordic/hal/nrf5/radio/radio.c:1227:6:radio_tmr_stop	0	static
C:/ncs/v2.2.0/zephyr/subsys/bluetooth/controller/ll_sw/nordic/hal/nrf5/radio/radio.c:1238:6:radio_tmr_hcto_configure	0	static
C:/ncs/v2.2.0/zephyr/subsys/bluetooth/controller/ll_sw/nordic/hal/nrf5/radio/radio.c:1249:6:radio_tmr_aa_capture	0	static
C:/ncs/v2.2.0/zephyr/subsys/bluetooth/controller/ll_sw/nordic/hal/nrf5/radio/radio.c:1258:10:radio_tmr_aa_get	0	static
C:/ncs/v2.2.0/zephyr/subsys/bluetooth/controller/ll_sw/nordic/hal/nrf5/radio/radio.c:1265:6:radio_tmr_aa_save	0	static
C:/ncs/v2.2.0/zephyr/subsys/bluetooth/controller/ll_sw/nordic/hal/nrf5/radio/radio.c:1270:10:radio_tmr_aa_restore	0	static
C:/ncs/v2.2.0/zephyr/subsys/bluetooth/controller/ll_sw/nordic/hal/nrf5/radio/radio.c:1276:10:radio_tmr_ready_get	0	static
C:/ncs/v2.2.0/zephyr/subsys/bluetooth/controller/ll_sw/nordic/hal/nrf5/radio/radio.c:1283:6:radio_tmr_ready_save	0	static
C:/ncs/v2.2.0/zephyr/subsys/bluetooth/controller/ll_sw/nordic/hal/nrf5/radio/radio.c:1288:10:radio_tmr_ready_restore	0	static
C:/ncs/v2.2.0/zephyr/subsys/bluetooth/controller/ll_sw/nordic/hal/nrf5/radio/radio.c:1293:6:radio_tmr_end_capture	0	static
C:/ncs/v2.2.0/zephyr/subsys/bluetooth/controller/ll_sw/nordic/hal/nrf5/radio/radio.c:1310:10:radio_tmr_end_get	0	static
C:/ncs/v2.2.0/zephyr/subsys/bluetooth/controller/ll_sw/nordic/hal/nrf5/radio/radio.c:1319:10:radio_tmr_tifs_base_get	0	static
C:/ncs/v2.2.0/zephyr/subsys/bluetooth/controller/ll_sw/nordic/hal/nrf5/radio/radio.c:1328:6:radio_tmr_sample	0	static
C:/ncs/v2.2.0/zephyr/subsys/bluetooth/controller/ll_sw/nordic/hal/nrf5/radio/radio.c:1344:10:radio_tmr_sample_get	0	static
C:/ncs/v2.2.0/zephyr/subsys/bluetooth/controller/ll_sw/nordic/hal/nrf5/radio/radio.c:1482:7:radio_ccm_rx_pkt_set	8	static
C:/ncs/v2.2.0/zephyr/subsys/bluetooth/controller/ll_sw/nordic/hal/nrf5/radio/radio.c:1578:7:radio_ccm_tx_pkt_set	4	static
C:/ncs/v2.2.0/zephyr/subsys/bluetooth/controller/ll_sw/nordic/hal/nrf5/radio/radio.c:1612:10:radio_ccm_is_done	0	static
C:/ncs/v2.2.0/zephyr/subsys/bluetooth/controller/ll_sw/nordic/hal/nrf5/radio/radio.c:1626:10:radio_ccm_mic_is_valid	0	static
C:/ncs/v2.2.0/zephyr/subsys/bluetooth/controller/ll_sw/nordic/hal/nrf5/radio/radio.c:1772:6:radio_df_cte_inline_set_enabled	0	static
