C:/ncs/v2.2.0/zephyr/lib/posix/pthread.c:42:11:pthread_self	8	static
C:/ncs/v2.2.0/zephyr/lib/posix/pthread.c:49:22:to_posix_thread	0	static
C:/ncs/v2.2.0/zephyr/lib/posix/pthread.c:102:5:pthread_attr_setschedparam	16	static
C:/ncs/v2.2.0/zephyr/lib/posix/pthread.c:121:5:pthread_attr_setstack	0	static
C:/ncs/v2.2.0/zephyr/lib/posix/pthread.c:149:5:pthread_create	88	static
C:/ncs/v2.2.0/zephyr/lib/posix/pthread.c:244:5:pthread_cancel	24	static
C:/ncs/v2.2.0/zephyr/lib/posix/pthread.c:280:5:pthread_setschedparam	24	static
C:/ncs/v2.2.0/zephyr/lib/posix/pthread.c:309:5:pthread_attr_init	12	static
C:/ncs/v2.2.0/zephyr/lib/posix/pthread.c:326:5:pthread_getschedparam	16	static
C:/ncs/v2.2.0/zephyr/lib/posix/pthread.c:347:5:pthread_once	16	static
C:/ncs/v2.2.0/zephyr/lib/posix/pthread.c:369:6:pthread_exit	32	static
C:/ncs/v2.2.0/zephyr/lib/posix/pthread.c:133:13:zephyr_thread_wrapper	8	static
C:/ncs/v2.2.0/zephyr/lib/posix/pthread.c:217:5:pthread_setcancelstate	16	static
C:/ncs/v2.2.0/zephyr/lib/posix/pthread.c:412:5:pthread_join	24	static
C:/ncs/v2.2.0/zephyr/lib/posix/pthread.c:450:5:pthread_detach	16	static
C:/ncs/v2.2.0/zephyr/lib/posix/pthread.c:492:5:pthread_attr_getdetachstate	0	static
C:/ncs/v2.2.0/zephyr/lib/posix/pthread.c:507:5:pthread_attr_setdetachstate	0	static
C:/ncs/v2.2.0/zephyr/lib/posix/pthread.c:525:5:pthread_attr_getschedpolicy	0	static
C:/ncs/v2.2.0/zephyr/lib/posix/pthread.c:541:5:pthread_attr_setschedpolicy	0	static
C:/ncs/v2.2.0/zephyr/lib/posix/pthread.c:557:5:pthread_attr_getstacksize	0	static
C:/ncs/v2.2.0/zephyr/lib/posix/pthread.c:573:5:pthread_attr_setstacksize	0	static
C:/ncs/v2.2.0/zephyr/lib/posix/pthread.c:592:5:pthread_attr_getstack	0	static
C:/ncs/v2.2.0/zephyr/lib/posix/pthread.c:609:5:pthread_attr_getschedparam	0	static
C:/ncs/v2.2.0/zephyr/lib/posix/pthread.c:625:5:pthread_attr_destroy	0	static
C:/ncs/v2.2.0/zephyr/lib/posix/pthread.c:635:5:pthread_setname_np	0	static
C:/ncs/v2.2.0/zephyr/lib/posix/pthread.c:658:5:pthread_getname_np	0	static
