c:\ncs\v2.2.0\modules\lib\gui\lvgl\src\core\lv_obj_style_gen.h:103:26:lv_obj_get_style_pad_left	8	static
c:\ncs\v2.2.0\modules\lib\gui\lvgl\src\core\lv_obj_style_gen.h:109:26:lv_obj_get_style_pad_right	8	static
c:\ncs\v2.2.0\modules\lib\gui\lvgl\src\core\lv_obj_style_gen.h:91:26:lv_obj_get_style_pad_top	8	static
c:\ncs\v2.2.0\modules\lib\gui\lvgl\src\core\lv_obj_style_gen.h:97:26:lv_obj_get_style_pad_bottom	8	static
C:/ncs/v2.2.0/modules/lib/gui/lvgl/src/widgets/lv_arc.c:678:13:get_center	40	static
C:/ncs/v2.2.0/modules/lib/gui/lvgl/src/widgets/lv_arc.c:694:13:get_knob_area	48	static
C:/ncs/v2.2.0/modules/lib/gui/lvgl/src/widgets/lv_arc.c:324:13:lv_arc_constructor	8	static
C:/ncs/v2.2.0/modules/lib/gui/lvgl/src/widgets/lv_arc.c:667:13:inv_knob_area	24	static
C:/ncs/v2.2.0/modules/lib/gui/lvgl/src/widgets/lv_arc.c:635:13:inv_arc_area	56	static
C:/ncs/v2.2.0/modules/lib/gui/lvgl/src/widgets/lv_arc.c:61:12:lv_arc_create	8	static
C:/ncs/v2.2.0/modules/lib/gui/lvgl/src/widgets/lv_arc.c:81:6:lv_arc_set_start_angle	16	static
C:/ncs/v2.2.0/modules/lib/gui/lvgl/src/widgets/lv_arc.c:105:6:lv_arc_set_end_angle	16	static
C:/ncs/v2.2.0/modules/lib/gui/lvgl/src/widgets/lv_arc.c:128:6:lv_arc_set_angles	16	static
C:/ncs/v2.2.0/modules/lib/gui/lvgl/src/widgets/lv_arc.c:733:13:value_update	32	static
C:/ncs/v2.2.0/modules/lib/gui/lvgl/src/widgets/lv_arc.c:134:6:lv_arc_set_bg_start_angle	16	static
C:/ncs/v2.2.0/modules/lib/gui/lvgl/src/widgets/lv_arc.c:156:6:lv_arc_set_bg_end_angle	16	static
C:/ncs/v2.2.0/modules/lib/gui/lvgl/src/widgets/lv_arc.c:178:6:lv_arc_set_bg_angles	16	static
C:/ncs/v2.2.0/modules/lib/gui/lvgl/src/widgets/lv_arc.c:184:6:lv_arc_set_rotation	0	static
C:/ncs/v2.2.0/modules/lib/gui/lvgl/src/widgets/lv_arc.c:223:6:lv_arc_set_value	4	static
C:/ncs/v2.2.0/modules/lib/gui/lvgl/src/widgets/lv_arc.c:194:6:lv_arc_set_mode	16	static
C:/ncs/v2.2.0/modules/lib/gui/lvgl/src/widgets/lv_arc.c:355:13:lv_arc_event	200	static
C:/ncs/v2.2.0/modules/lib/gui/lvgl/src/widgets/lv_arc.c:240:6:lv_arc_set_range	0	static
C:/ncs/v2.2.0/modules/lib/gui/lvgl/src/widgets/lv_arc.c:260:6:lv_arc_set_change_rate	0	static
C:/ncs/v2.2.0/modules/lib/gui/lvgl/src/widgets/lv_arc.c:272:10:lv_arc_get_angle_start	0	static
C:/ncs/v2.2.0/modules/lib/gui/lvgl/src/widgets/lv_arc.c:278:10:lv_arc_get_angle_end	0	static
C:/ncs/v2.2.0/modules/lib/gui/lvgl/src/widgets/lv_arc.c:284:10:lv_arc_get_bg_angle_start	0	static
C:/ncs/v2.2.0/modules/lib/gui/lvgl/src/widgets/lv_arc.c:290:10:lv_arc_get_bg_angle_end	0	static
C:/ncs/v2.2.0/modules/lib/gui/lvgl/src/widgets/lv_arc.c:296:9:lv_arc_get_value	0	static
C:/ncs/v2.2.0/modules/lib/gui/lvgl/src/widgets/lv_arc.c:302:9:lv_arc_get_min_value	0	static
C:/ncs/v2.2.0/modules/lib/gui/lvgl/src/widgets/lv_arc.c:308:9:lv_arc_get_max_value	0	static
C:/ncs/v2.2.0/modules/lib/gui/lvgl/src/widgets/lv_arc.c:314:15:lv_arc_get_mode	0	static
