c:\ncs\v2.2.0\modules\lib\gui\lvgl\src\misc\lv_area.h:123:26:lv_area_get_width	0	static
c:\ncs\v2.2.0\modules\lib\gui\lvgl\src\misc\lv_area.h:133:26:lv_area_get_height	0	static
C:/ncs/v2.2.0/modules/lib/gui/lvgl/src/widgets/lv_bar.c:234:13:lv_bar_destructor	8	static
C:/ncs/v2.2.0/modules/lib/gui/lvgl/src/widgets/lv_bar.c:556:13:lv_bar_anim_ready	0	static
C:/ncs/v2.2.0/modules/lib/gui/lvgl/src/widgets/lv_bar.c:549:13:lv_bar_anim	0	static
C:/ncs/v2.2.0/modules/lib/gui/lvgl/src/widgets/lv_bar.c:570:13:lv_bar_set_value_with_anim	80	static
C:/ncs/v2.2.0/modules/lib/gui/lvgl/src/widgets/lv_bar.c:243:13:draw_indic	280	static
C:/ncs/v2.2.0/modules/lib/gui/lvgl/src/widgets/lv_bar.c:508:13:lv_bar_event	24	static
C:/ncs/v2.2.0/modules/lib/gui/lvgl/src/widgets/lv_bar.c:78:12:lv_bar_create	8	static
C:/ncs/v2.2.0/modules/lib/gui/lvgl/src/widgets/lv_bar.c:90:6:lv_bar_set_value	24	static
C:/ncs/v2.2.0/modules/lib/gui/lvgl/src/widgets/lv_bar.c:208:13:lv_bar_constructor	16	static
C:/ncs/v2.2.0/modules/lib/gui/lvgl/src/widgets/lv_bar.c:104:6:lv_bar_set_start_value	16	static
C:/ncs/v2.2.0/modules/lib/gui/lvgl/src/widgets/lv_bar.c:121:6:lv_bar_set_range	16	static
C:/ncs/v2.2.0/modules/lib/gui/lvgl/src/widgets/lv_bar.c:146:6:lv_bar_set_mode	0	static
C:/ncs/v2.2.0/modules/lib/gui/lvgl/src/widgets/lv_bar.c:163:9:lv_bar_get_value	0	static
C:/ncs/v2.2.0/modules/lib/gui/lvgl/src/widgets/lv_bar.c:171:9:lv_bar_get_start_value	0	static
C:/ncs/v2.2.0/modules/lib/gui/lvgl/src/widgets/lv_bar.c:181:9:lv_bar_get_min_value	0	static
C:/ncs/v2.2.0/modules/lib/gui/lvgl/src/widgets/lv_bar.c:188:9:lv_bar_get_max_value	0	static
C:/ncs/v2.2.0/modules/lib/gui/lvgl/src/widgets/lv_bar.c:196:15:lv_bar_get_mode	0	static
