C:/ncs/v2.2.0/modules/lib/gui/lvgl/src/widgets/lv_slider.h:177:32:lv_slider_get_mode	8	static
C:/ncs/v2.2.0/modules/lib/gui/lvgl/src/widgets/lv_slider.c:79:13:lv_slider_constructor	16	static
C:/ncs/v2.2.0/modules/lib/gui/lvgl/src/widgets/lv_slider.c:425:13:position_knob	32	static
C:/ncs/v2.2.0/modules/lib/gui/lvgl/src/widgets/lv_slider.c:94:13:lv_slider_event	240	static
C:/ncs/v2.2.0/modules/lib/gui/lvgl/src/widgets/lv_slider.c:59:12:lv_slider_create	8	static
C:/ncs/v2.2.0/modules/lib/gui/lvgl/src/widgets/lv_slider.c:67:6:lv_slider_is_dragged	0	static
