C:/ncs/v2.2.0/zephyr/kernel/msg_q.c:35:6:k_msgq_init	0	static
C:/ncs/v2.2.0/zephyr/kernel/msg_q.c:57:5:z_impl_k_msgq_alloc_init	24	static
C:/ncs/v2.2.0/zephyr/kernel/msg_q.c:95:5:k_msgq_cleanup	8	static
C:/ncs/v2.2.0/zephyr/kernel/msg_q.c:116:5:z_impl_k_msgq_put	40	static
C:/ncs/v2.2.0/zephyr/kernel/msg_q.c:188:6:z_impl_k_msgq_get_attrs	0	static
C:/ncs/v2.2.0/zephyr/kernel/msg_q.c:206:5:z_impl_k_msgq_get	40	static
C:/ncs/v2.2.0/zephyr/kernel/msg_q.c:284:5:z_impl_k_msgq_peek	24	static
C:/ncs/v2.2.0/zephyr/kernel/msg_q.c:318:6:z_impl_k_msgq_purge	24	static
