C:/ncs/v2.2.0/zephyr/kernel/poll.c:593:13:triggered_work_expiration_handler	0	static
C:/ncs/v2.2.0/zephyr/kernel/poll.c:111:20:add_event	24	static
C:/ncs/v2.2.0/zephyr/kernel/poll.c:233:19:register_events	48	static
C:/ncs/v2.2.0/zephyr/kernel/poll.c:444:12:signal_poll_event	32	static
C:/ncs/v2.2.0/zephyr/kernel/poll.c:216:20:clear_event_registrations	24	static
C:/ncs/v2.2.0/zephyr/kernel/poll.c:570:13:triggered_work_handler	16	static
C:/ncs/v2.2.0/zephyr/kernel/poll.c:42:6:k_poll_event_init	8	static
C:/ncs/v2.2.0/zephyr/kernel/poll.c:291:5:z_impl_k_poll	48	static
C:/ncs/v2.2.0/zephyr/kernel/poll.c:470:6:z_handle_obj_poll_events	0	static
C:/ncs/v2.2.0/zephyr/kernel/poll.c:480:6:z_impl_k_poll_signal_init	0	static
C:/ncs/v2.2.0/zephyr/kernel/poll.c:499:6:z_impl_k_poll_signal_reset	0	static
C:/ncs/v2.2.0/zephyr/kernel/poll.c:506:6:z_impl_k_poll_signal_check	0	static
C:/ncs/v2.2.0/zephyr/kernel/poll.c:527:5:z_impl_k_poll_signal_raise	16	static
C:/ncs/v2.2.0/zephyr/kernel/poll.c:653:6:k_work_poll_init	16	static
C:/ncs/v2.2.0/zephyr/kernel/poll.c:666:5:k_work_poll_submit_to_queue	40	static
C:/ncs/v2.2.0/zephyr/kernel/poll.c:779:5:k_work_poll_submit	0	static
C:/ncs/v2.2.0/zephyr/kernel/poll.c:794:5:k_work_poll_cancel	16	static
