C:/ncs/v2.2.0/zephyr/kernel/sched.c:93:9:z_sched_prio_cmp	0	static
C:/ncs/v2.2.0/zephyr/kernel/sched.c:428:6:z_reset_time_slice	16	static
C:/ncs/v2.2.0/zephyr/kernel/sched.c:559:13:update_cache	16	static
C:/ncs/v2.2.0/zephyr/kernel/sched.c:617:13:ready_thread	16	static
C:/ncs/v2.2.0/zephyr/kernel/sched.c:440:6:k_sched_time_slice_set	24	static
C:/ncs/v2.2.0/zephyr/kernel/sched.c:635:6:z_ready_thread	16	static
C:/ncs/v2.2.0/zephyr/kernel/sched.c:786:20:z_unpend_thread_no_timeout	16	static
C:/ncs/v2.2.0/zephyr/kernel/sched.c:967:6:z_reschedule	16	static
C:/ncs/v2.2.0/zephyr/kernel/sched.c:651:6:z_sched_start	16	static
C:/ncs/v2.2.0/zephyr/kernel/sched.c:695:6:z_impl_k_thread_resume	16	static
C:/ncs/v2.2.0/zephyr/kernel/sched.c:977:6:z_reschedule_irqlock	0	static
C:/ncs/v2.2.0/zephyr/kernel/include/ksched.h:73:20:z_reschedule_unlocked	0	static
C:/ncs/v2.2.0/zephyr/kernel/sched.c:987:6:k_sched_lock	8	static
C:/ncs/v2.2.0/zephyr/kernel/sched.c:996:6:k_sched_unlock	8	static
C:/ncs/v2.2.0/zephyr/kernel/sched.c:1014:18:z_swap_next_thread	0	static
C:/ncs/v2.2.0/zephyr/kernel/sched.c:1137:6:z_priq_dumb_remove	8	static
C:/ncs/v2.2.0/zephyr/kernel/sched.c:393:13:move_thread_to_end_of_prio_q	16	static
C:/ncs/v2.2.0/zephyr/kernel/sched.c:502:6:z_time_slice	16	static
C:/ncs/v2.2.0/zephyr/kernel/sched.c:644:6:z_move_thread_to_end_of_prio_q	16	static
C:/ncs/v2.2.0/zephyr/kernel/sched.c:731:13:unready_thread	8	static
C:/ncs/v2.2.0/zephyr/kernel/sched.c:740:13:add_to_waitq_locked	16	static
C:/ncs/v2.2.0/zephyr/kernel/sched.c:760:13:pend_locked	16	static
C:/ncs/v2.2.0/zephyr/kernel/sched.c:770:6:z_pend_thread	24	static
C:/ncs/v2.2.0/zephyr/kernel/sched.c:816:5:z_pend_curr_irqlock	24	static
C:/ncs/v2.2.0/zephyr/kernel/sched.c:840:5:z_pend_curr	32	static
C:/ncs/v2.2.0/zephyr/kernel/sched.c:902:6:z_set_prio	32	static
C:/ncs/v2.2.0/zephyr/kernel/sched.c:929:6:z_thread_priority_set	8	static
C:/ncs/v2.2.0/zephyr/kernel/sched.c:665:6:z_impl_k_thread_suspend	16	static
C:/ncs/v2.2.0/zephyr/kernel/sched.c:779:20:unpend_thread_no_timeout	8	static
C:/ncs/v2.2.0/zephyr/kernel/sched.c:893:6:z_unpend_thread	16	static
C:/ncs/v2.2.0/zephyr/kernel/sched.c:795:6:z_thread_timeout	16	static
C:/ncs/v2.2.0/zephyr/kernel/sched.c:862:18:z_unpend1_no_timeout	16	static
C:/ncs/v2.2.0/zephyr/kernel/sched.c:877:18:z_unpend_first_thread	16	static
C:/ncs/v2.2.0/zephyr/kernel/sched.c:1144:18:z_priq_dumb_best	0	static
C:/ncs/v2.2.0/zephyr/kernel/sched.c:1155:6:z_priq_rb_lessthan	0	static
C:/ncs/v2.2.0/zephyr/kernel/sched.c:1175:6:z_priq_rb_add	32	dynamic
C:/ncs/v2.2.0/zephyr/kernel/sched.c:1198:6:z_priq_rb_remove	8	static
C:/ncs/v2.2.0/zephyr/kernel/sched.c:1209:18:z_priq_rb_best	0	static
C:/ncs/v2.2.0/zephyr/kernel/sched.c:1246:18:z_priq_mq_best	0	static
C:/ncs/v2.2.0/zephyr/kernel/sched.c:1262:5:z_unpend_all	16	static
C:/ncs/v2.2.0/zephyr/kernel/sched.c:1276:6:init_ready_q	0	static
C:/ncs/v2.2.0/zephyr/kernel/sched.c:1293:6:z_sched_init	0	static
C:/ncs/v2.2.0/zephyr/kernel/sched.c:1311:5:z_impl_k_thread_priority_get	0	static
C:/ncs/v2.2.0/zephyr/kernel/sched.c:1325:6:z_impl_k_thread_priority_set	8	static
C:/ncs/v2.2.0/zephyr/kernel/sched.c:1384:6:k_can_yield	8	static
C:/ncs/v2.2.0/zephyr/kernel/sched.c:1390:6:z_impl_k_yield	24	static
C:/ncs/v2.2.0/zephyr/kernel/sched.c:1415:16:z_tick_sleep	24	static
C:/ncs/v2.2.0/zephyr/kernel/sched.c:1464:9:z_impl_k_sleep	8	static
C:/ncs/v2.2.0/zephyr/kernel/sched.c:1500:9:z_impl_k_usleep	16	static
C:/ncs/v2.2.0/zephyr/kernel/sched.c:1522:6:z_impl_k_wakeup	8	static
C:/ncs/v2.2.0/zephyr/kernel/sched.c:1572:9:z_impl_z_current_get	0	static
C:/ncs/v2.2.0/zephyr/kernel/sched.c:1598:5:z_impl_k_is_preempt_thread	0	static
C:/ncs/v2.2.0/zephyr/kernel/sched.c:1730:6:z_thread_abort	24	static
C:/ncs/v2.2.0/zephyr/kernel/sched.c:1799:5:z_impl_k_thread_join	24	static
C:/ncs/v2.2.0/zephyr/kernel/sched.c:1887:6:z_sched_wake	32	static
C:/ncs/v2.2.0/zephyr/kernel/sched.c:1909:5:z_sched_wait	24	static
