C:/ncs/v2.2.0/zephyr/kernel/thread.c:45:6:k_thread_foreach	0	static
C:/ncs/v2.2.0/zephyr/kernel/thread.c:73:6:k_thread_foreach_unlocked	0	static
C:/ncs/v2.2.0/zephyr/kernel/thread.c:97:6:k_is_in_isr	0	static
C:/ncs/v2.2.0/zephyr/kernel/thread.c:106:6:z_thread_essential_set	0	static
C:/ncs/v2.2.0/zephyr/kernel/thread.c:116:6:z_thread_essential_clear	0	static
C:/ncs/v2.2.0/zephyr/kernel/thread.c:126:6:z_is_thread_essential	0	static
C:/ncs/v2.2.0/zephyr/kernel/thread.c:187:5:z_impl_k_thread_name_set	0	static
C:/ncs/v2.2.0/zephyr/kernel/thread.c:238:13:k_thread_name_get	0	static
C:/ncs/v2.2.0/zephyr/kernel/thread.c:248:5:z_impl_k_thread_name_copy	0	static
C:/ncs/v2.2.0/zephyr/kernel/thread.c:271:13:k_thread_state_str	48	static
C:/ncs/v2.2.0/zephyr/kernel/thread.c:383:6:z_impl_k_thread_start	0	static
C:/ncs/v2.2.0/zephyr/kernel/thread.c:528:7:z_setup_new_thread	40	static
C:/ncs/v2.2.0/zephyr/kernel/thread.c:641:9:z_impl_k_thread_create	48	static
C:/ncs/v2.2.0/zephyr/kernel/thread.c:748:6:z_init_static_threads	56	static
C:/ncs/v2.2.0/zephyr/kernel/thread.c:791:6:z_init_thread_base	8	static
C:/ncs/v2.2.0/zephyr/kernel/thread.c:817:20:k_thread_user_mode_enter	8	static
C:/ncs/v2.2.0/zephyr/kernel/thread.c:853:6:z_spin_lock_valid	0	static
C:/ncs/v2.2.0/zephyr/kernel/thread.c:865:6:z_spin_unlock_valid	0	static
C:/ncs/v2.2.0/zephyr/kernel/thread.c:874:6:z_spin_lock_set_owner	0	static
C:/ncs/v2.2.0/zephyr/kernel/thread.c:888:5:z_impl_k_float_disable	0	static
C:/ncs/v2.2.0/zephyr/kernel/thread.c:897:5:z_impl_k_float_enable	0	static
C:/ncs/v2.2.0/zephyr/kernel/thread.c:1072:5:k_thread_runtime_stats_get	0	static
C:/ncs/v2.2.0/zephyr/kernel/thread.c:1088:5:k_thread_runtime_stats_all_get	0	static
