C:/Users/jp/repos/ZSWatch/app/drivers/display/gc9a01.c:268:12:gc9a01_set_brightness	0	static
C:/Users/jp/repos/ZSWatch/app/drivers/display/gc9a01.c:281:13:gc9a01_get_capabilities	0	static
C:/Users/jp/repos/ZSWatch/app/build/zephyr/include/generated/syscalls/log_msg.h:24:20:z_log_msg_static_create.constprop	0	static
C:/Users/jp/repos/ZSWatch/app/drivers/display/gc9a01.c:255:12:gc9a01_read	32	static
C:/Users/jp/repos/ZSWatch/app/drivers/display/gc9a01.c:262:14:gc9a01_get_framebuffer	32	static
C:/Users/jp/repos/ZSWatch/app/drivers/display/gc9a01.c:299:12:gc9a01_set_pixel_format	32	static
C:/Users/jp/repos/ZSWatch/app/drivers/display/gc9a01.c:292:12:gc9a01_set_orientation	32	static
C:/ncs/v2.2.0/zephyr/include/zephyr/kernel.h:439:23:k_msleep.isra	8	static
C:/ncs/v2.2.0/zephyr/include/zephyr/drivers/gpio.h:1340:19:gpio_pin_set_dt.isra	8	static
C:/ncs/v2.2.0/zephyr/include/zephyr/drivers/gpio.h:755:19:gpio_pin_configure_dt.isra	24	static
C:/Users/jp/repos/ZSWatch/app/drivers/display/gc9a01.c:275:12:gc9a01_set_contrast	0	static
C:/Users/jp/repos/ZSWatch/app/drivers/display/gc9a01.c:167:19:gc9a01_write_cmd.isra	80	static
C:/Users/jp/repos/ZSWatch/app/drivers/display/gc9a01.c:214:12:gc9a01_blanking_on	0	static
C:/Users/jp/repos/ZSWatch/app/drivers/display/gc9a01.c:209:12:gc9a01_blanking_off	0	static
C:/Users/jp/repos/ZSWatch/app/drivers/display/gc9a01.c:219:12:gc9a01_write	32	static
C:/Users/jp/repos/ZSWatch/app/drivers/display/gc9a01.c:334:12:gc9a01_init	80	dynamic,bounded
